Archive member included to satisfy reference by file (symbol)

c:/stm32cubeide/stm32cubeide/plugins/com.st.stm32cube.ide.mcu.externaltools.gnu-tools-for-stm32.7-2018-q2-update.win32_1.0.0.201904181610/tools/bin/../lib/gcc/arm-none-eabi/7.3.1/../../../../arm-none-eabi/lib/thumb/v6-m\libc_nano.a(lib_a-errno.o)
                              Src/syscalls.o (__errno)
c:/stm32cubeide/stm32cubeide/plugins/com.st.stm32cube.ide.mcu.externaltools.gnu-tools-for-stm32.7-2018-q2-update.win32_1.0.0.201904181610/tools/bin/../lib/gcc/arm-none-eabi/7.3.1/../../../../arm-none-eabi/lib/thumb/v6-m\libc_nano.a(lib_a-exit.o)
                              c:/stm32cubeide/stm32cubeide/plugins/com.st.stm32cube.ide.mcu.externaltools.gnu-tools-for-stm32.7-2018-q2-update.win32_1.0.0.201904181610/tools/bin/../lib/gcc/arm-none-eabi/7.3.1/../../../../arm-none-eabi/lib/thumb/v6-m/crt0.o (exit)
c:/stm32cubeide/stm32cubeide/plugins/com.st.stm32cube.ide.mcu.externaltools.gnu-tools-for-stm32.7-2018-q2-update.win32_1.0.0.201904181610/tools/bin/../lib/gcc/arm-none-eabi/7.3.1/../../../../arm-none-eabi/lib/thumb/v6-m\libc_nano.a(lib_a-impure.o)
                              c:/stm32cubeide/stm32cubeide/plugins/com.st.stm32cube.ide.mcu.externaltools.gnu-tools-for-stm32.7-2018-q2-update.win32_1.0.0.201904181610/tools/bin/../lib/gcc/arm-none-eabi/7.3.1/../../../../arm-none-eabi/lib/thumb/v6-m\libc_nano.a(lib_a-exit.o) (_global_impure_ptr)
c:/stm32cubeide/stm32cubeide/plugins/com.st.stm32cube.ide.mcu.externaltools.gnu-tools-for-stm32.7-2018-q2-update.win32_1.0.0.201904181610/tools/bin/../lib/gcc/arm-none-eabi/7.3.1/../../../../arm-none-eabi/lib/thumb/v6-m\libc_nano.a(lib_a-init.o)
                              c:/stm32cubeide/stm32cubeide/plugins/com.st.stm32cube.ide.mcu.externaltools.gnu-tools-for-stm32.7-2018-q2-update.win32_1.0.0.201904181610/tools/bin/../lib/gcc/arm-none-eabi/7.3.1/../../../../arm-none-eabi/lib/thumb/v6-m/crt0.o (__libc_init_array)
c:/stm32cubeide/stm32cubeide/plugins/com.st.stm32cube.ide.mcu.externaltools.gnu-tools-for-stm32.7-2018-q2-update.win32_1.0.0.201904181610/tools/bin/../lib/gcc/arm-none-eabi/7.3.1/../../../../arm-none-eabi/lib/thumb/v6-m\libc_nano.a(lib_a-memset.o)
                              c:/stm32cubeide/stm32cubeide/plugins/com.st.stm32cube.ide.mcu.externaltools.gnu-tools-for-stm32.7-2018-q2-update.win32_1.0.0.201904181610/tools/bin/../lib/gcc/arm-none-eabi/7.3.1/../../../../arm-none-eabi/lib/thumb/v6-m/crt0.o (memset)
c:/stm32cubeide/stm32cubeide/plugins/com.st.stm32cube.ide.mcu.externaltools.gnu-tools-for-stm32.7-2018-q2-update.win32_1.0.0.201904181610/tools/bin/../lib/gcc/arm-none-eabi/7.3.1/thumb/v6-m\libgcc.a(_udivsi3.o)
                              Core/Src/system_stm32f0xx.o (__aeabi_uidiv)
c:/stm32cubeide/stm32cubeide/plugins/com.st.stm32cube.ide.mcu.externaltools.gnu-tools-for-stm32.7-2018-q2-update.win32_1.0.0.201904181610/tools/bin/../lib/gcc/arm-none-eabi/7.3.1/thumb/v6-m\libgcc.a(_dvmd_tls.o)
                              c:/stm32cubeide/stm32cubeide/plugins/com.st.stm32cube.ide.mcu.externaltools.gnu-tools-for-stm32.7-2018-q2-update.win32_1.0.0.201904181610/tools/bin/../lib/gcc/arm-none-eabi/7.3.1/thumb/v6-m\libgcc.a(_udivsi3.o) (__aeabi_idiv0)

Allocating common symbols
Common symbol       size              file

hdma_usart2_rx      0x44              Core/Src/usart.o
hdac1               0x14              Core/Src/dac.o
hiwdg               0x10              Core/Src/iwdg.o
hcrc                0x24              Core/Src/crc.o
uwTick              0x4               Drivers/STM32F0xx_HAL_Driver/Src/stm32f0xx_hal.o
pFlash              0x20              Drivers/STM32F0xx_HAL_Driver/Src/stm32f0xx_hal_flash.o
adcKlapan           0x4               Core/Src/digiTOS/digiTOS-Core.o
adcOC_V             0x4               Core/Src/digiTOS/digiTOS-Core.o
hdma_usart2_tx      0x44              Core/Src/usart.o
htim1               0x40              Core/Src/tim.o
adcWienZero         0x4               Core/Src/digiTOS/digiTOS-Core.o
htim2               0x40              Core/Src/tim.o
huart2              0x70              Core/Src/usart.o
adcOC_I             0x4               Core/Src/digiTOS/digiTOS-Core.o
hdma_adc            0x44              Core/Src/adc.o
hadc                0x4c              Core/Src/adc.o
ADC_Data            0xa               Core/Src/digiTOS/digiTOS-Core.o
adcPolka            0x4               Core/Src/digiTOS/digiTOS-Core.o

Discarded input sections

 .text          0x0000000000000000        0x0 c:/stm32cubeide/stm32cubeide/plugins/com.st.stm32cube.ide.mcu.externaltools.gnu-tools-for-stm32.7-2018-q2-update.win32_1.0.0.201904181610/tools/bin/../lib/gcc/arm-none-eabi/7.3.1/thumb/v6-m/crti.o
 .data          0x0000000000000000        0x0 c:/stm32cubeide/stm32cubeide/plugins/com.st.stm32cube.ide.mcu.externaltools.gnu-tools-for-stm32.7-2018-q2-update.win32_1.0.0.201904181610/tools/bin/../lib/gcc/arm-none-eabi/7.3.1/thumb/v6-m/crti.o
[...]
Memory Configuration

Name             Origin             Length             Attributes
FLASH            0x0000000008000000 0x0000000000010000 xr
RAM              0x0000000020000000 0x0000000000002000 xrw
*default*        0x0000000000000000 0xffffffffffffffff

Linker script and memory map

LOAD c:/stm32cubeide/stm32cubeide/plugins/com.st.stm32cube.ide.mcu.externaltools.gnu-tools-for-stm32.7-2018-q2-update.win32_1.0.0.201904181610/tools/bin/../lib/gcc/arm-none-eabi/7.3.1/thumb/v6-m/crti.o
LOAD c:/stm32cubeide/stm32cubeide/plugins/com.st.stm32cube.ide.mcu.externaltools.gnu-tools-for-stm32.7-2018-q2-update.win32_1.0.0.201904181610/tools/bin/../lib/gcc/arm-none-eabi/7.3.1/thumb/v6-m/crtbegin.o
LOAD c:/stm32cubeide/stm32cubeide/plugins/com.st.stm32cube.ide.mcu.externaltools.gnu-tools-for-stm32.7-2018-q2-update.win32_1.0.0.201904181610/tools/bin/../lib/gcc/arm-none-eabi/7.3.1/../../../../arm-none-eabi/lib/thumb/v6-m/crt0.o
LOAD Core/Src/adc.o
LOAD Core/Src/crc.o
LOAD Core/Src/dac.o
LOAD Core/Src/dma.o
LOAD Core/Src/gpio.o
LOAD Core/Src/iwdg.o
LOAD Core/Src/main.o
LOAD Core/Src/stm32f0xx_hal_msp.o
LOAD Core/Src/stm32f0xx_it.o
LOAD Core/Src/system_stm32f0xx.o
LOAD Core/Src/tim.o
LOAD Core/Src/usart.o
LOAD Core/Src/digiTOS/digiTOS-50Hz.o
LOAD Core/Src/digiTOS/digiTOS-Core.o
LOAD Core/Src/digiTOS/digiTOS-DAC_Sinus.o
LOAD Core/Src/digiTOS/digiTOS-IWDG.o
LOAD Drivers/STM32F0xx_HAL_Driver/Src/stm32f0xx_hal.o
LOAD Drivers/STM32F0xx_HAL_Driver/Src/stm32f0xx_hal_adc.o
LOAD Drivers/STM32F0xx_HAL_Driver/Src/stm32f0xx_hal_adc_ex.o
LOAD Drivers/STM32F0xx_HAL_Driver/Src/stm32f0xx_hal_cortex.o
LOAD Drivers/STM32F0xx_HAL_Driver/Src/stm32f0xx_hal_crc.o
LOAD Drivers/STM32F0xx_HAL_Driver/Src/stm32f0xx_hal_crc_ex.o
LOAD Drivers/STM32F0xx_HAL_Driver/Src/stm32f0xx_hal_dac.o
LOAD Drivers/STM32F0xx_HAL_Driver/Src/stm32f0xx_hal_dac_ex.o
LOAD Drivers/STM32F0xx_HAL_Driver/Src/stm32f0xx_hal_dma.o
LOAD Drivers/STM32F0xx_HAL_Driver/Src/stm32f0xx_hal_flash.o
LOAD Drivers/STM32F0xx_HAL_Driver/Src/stm32f0xx_hal_flash_ex.o
LOAD Drivers/STM32F0xx_HAL_Driver/Src/stm32f0xx_hal_gpio.o
LOAD Drivers/STM32F0xx_HAL_Driver/Src/stm32f0xx_hal_i2c.o
LOAD Drivers/STM32F0xx_HAL_Driver/Src/stm32f0xx_hal_i2c_ex.o
LOAD Drivers/STM32F0xx_HAL_Driver/Src/stm32f0xx_hal_iwdg.o
LOAD Drivers/STM32F0xx_HAL_Driver/Src/stm32f0xx_hal_pwr.o
LOAD Drivers/STM32F0xx_HAL_Driver/Src/stm32f0xx_hal_pwr_ex.o
LOAD Drivers/STM32F0xx_HAL_Driver/Src/stm32f0xx_hal_rcc.o
LOAD Drivers/STM32F0xx_HAL_Driver/Src/stm32f0xx_hal_rcc_ex.o
LOAD Drivers/STM32F0xx_HAL_Driver/Src/stm32f0xx_hal_tim.o
LOAD Drivers/STM32F0xx_HAL_Driver/Src/stm32f0xx_hal_tim_ex.o
LOAD Drivers/STM32F0xx_HAL_Driver/Src/stm32f0xx_hal_uart.o
LOAD Drivers/STM32F0xx_HAL_Driver/Src/stm32f0xx_hal_uart_ex.o
LOAD Src/syscalls.o
LOAD Src/sysmem.o
LOAD Startup/startup_stm32f051r8hx.o
START GROUP
LOAD c:/stm32cubeide/stm32cubeide/plugins/com.st.stm32cube.ide.mcu.externaltools.gnu-tools-for-stm32.7-2018-q2-update.win32_1.0.0.201904181610/tools/bin/../lib/gcc/arm-none-eabi/7.3.1/../../../../arm-none-eabi/lib/thumb/v6-m\libstdc++_nano.a
LOAD c:/stm32cubeide/stm32cubeide/plugins/com.st.stm32cube.ide.mcu.externaltools.gnu-tools-for-stm32.7-2018-q2-update.win32_1.0.0.201904181610/tools/bin/../lib/gcc/arm-none-eabi/7.3.1/../../../../arm-none-eabi/lib/thumb/v6-m\libsupc++_nano.a
END GROUP
LOAD c:/stm32cubeide/stm32cubeide/plugins/com.st.stm32cube.ide.mcu.externaltools.gnu-tools-for-stm32.7-2018-q2-update.win32_1.0.0.201904181610/tools/bin/../lib/gcc/arm-none-eabi/7.3.1/../../../../arm-none-eabi/lib/thumb/v6-m\libstdc++_nano.a
LOAD c:/stm32cubeide/stm32cubeide/plugins/com.st.stm32cube.ide.mcu.externaltools.gnu-tools-for-stm32.7-2018-q2-update.win32_1.0.0.201904181610/tools/bin/../lib/gcc/arm-none-eabi/7.3.1/../../../../arm-none-eabi/lib/thumb/v6-m\libm.a
LOAD c:/stm32cubeide/stm32cubeide/plugins/com.st.stm32cube.ide.mcu.externaltools.gnu-tools-for-stm32.7-2018-q2-update.win32_1.0.0.201904181610/tools/bin/../lib/gcc/arm-none-eabi/7.3.1/../../../../arm-none-eabi/lib/thumb/v6-m\libc_nano.a
START GROUP
LOAD c:/stm32cubeide/stm32cubeide/plugins/com.st.stm32cube.ide.mcu.externaltools.gnu-tools-for-stm32.7-2018-q2-update.win32_1.0.0.201904181610/tools/bin/../lib/gcc/arm-none-eabi/7.3.1/thumb/v6-m\libgcc.a
LOAD c:/stm32cubeide/stm32cubeide/plugins/com.st.stm32cube.ide.mcu.externaltools.gnu-tools-for-stm32.7-2018-q2-update.win32_1.0.0.201904181610/tools/bin/../lib/gcc/arm-none-eabi/7.3.1/../../../../arm-none-eabi/lib/thumb/v6-m\libc_nano.a
END GROUP
START GROUP
LOAD c:/stm32cubeide/stm32cubeide/plugins/com.st.stm32cube.ide.mcu.externaltools.gnu-tools-for-stm32.7-2018-q2-update.win32_1.0.0.201904181610/tools/bin/../lib/gcc/arm-none-eabi/7.3.1/thumb/v6-m\libgcc.a
LOAD c:/stm32cubeide/stm32cubeide/plugins/com.st.stm32cube.ide.mcu.externaltools.gnu-tools-for-stm32.7-2018-q2-update.win32_1.0.0.201904181610/tools/bin/../lib/gcc/arm-none-eabi/7.3.1/../../../../arm-none-eabi/lib/thumb/v6-m\libc_nano.a
LOAD c:/stm32cubeide/stm32cubeide/plugins/com.st.stm32cube.ide.mcu.externaltools.gnu-tools-for-stm32.7-2018-q2-update.win32_1.0.0.201904181610/tools/bin/../lib/gcc/arm-none-eabi/7.3.1/../../../../arm-none-eabi/lib/thumb/v6-m\libnosys.a
END GROUP
START GROUP
LOAD c:/stm32cubeide/stm32cubeide/plugins/com.st.stm32cube.ide.mcu.externaltools.gnu-tools-for-stm32.7-2018-q2-update.win32_1.0.0.201904181610/tools/bin/../lib/gcc/arm-none-eabi/7.3.1/thumb/v6-m\libgcc.a
LOAD c:/stm32cubeide/stm32cubeide/plugins/com.st.stm32cube.ide.mcu.externaltools.gnu-tools-for-stm32.7-2018-q2-update.win32_1.0.0.201904181610/tools/bin/../lib/gcc/arm-none-eabi/7.3.1/../../../../arm-none-eabi/lib/thumb/v6-m\libc_nano.a
LOAD c:/stm32cubeide/stm32cubeide/plugins/com.st.stm32cube.ide.mcu.externaltools.gnu-tools-for-stm32.7-2018-q2-update.win32_1.0.0.201904181610/tools/bin/../lib/gcc/arm-none-eabi/7.3.1/../../../../arm-none-eabi/lib/thumb/v6-m\libnosys.a
END GROUP
LOAD c:/stm32cubeide/stm32cubeide/plugins/com.st.stm32cube.ide.mcu.externaltools.gnu-tools-for-stm32.7-2018-q2-update.win32_1.0.0.201904181610/tools/bin/../lib/gcc/arm-none-eabi/7.3.1/thumb/v6-m/crtend.o
LOAD c:/stm32cubeide/stm32cubeide/plugins/com.st.stm32cube.ide.mcu.externaltools.gnu-tools-for-stm32.7-2018-q2-update.win32_1.0.0.201904181610/tools/bin/../lib/gcc/arm-none-eabi/7.3.1/thumb/v6-m/crtn.o
                0x0000000020001fff                _estack = 0x20001fff
                0x0000000000000200                _Min_Heap_Size = 0x200
                0x0000000000000400                _Min_Stack_Size = 0x400

.isr_vector     0x0000000008000000       0xc0
                0x0000000008000000                . = ALIGN (0x4)
 *(.isr_vector)
 .isr_vector    0x0000000008000000       0xc0 Startup/startup_stm32f051r8hx.o
                0x0000000008000000                g_pfnVectors
                0x00000000080000c0                . = ALIGN (0x4)

.text           0x00000000080000c0     0x6dd4
                0x00000000080000c0                . = ALIGN (0x4)
 *(.text)
 .text          0x00000000080000c0       0x48 c:/stm32cubeide/stm32cubeide/plugins/com.st.stm32cube.ide.mcu.externaltools.gnu-tools-for-stm32.7-2018-q2-update.win32_1.0.0.201904181610/tools/bin/../lib/gcc/arm-none-eabi/7.3.1/thumb/v6-m/crtbegin.o
 .text          0x0000000008000108      0x114 c:/stm32cubeide/stm32cubeide/plugins/com.st.stm32cube.ide.mcu.externaltools.gnu-tools-for-stm32.7-2018-q2-update.win32_1.0.0.201904181610/tools/bin/../lib/gcc/arm-none-eabi/7.3.1/thumb/v6-m\libgcc.a(_udivsi3.o)
                0x0000000008000108                __aeabi_uidiv
                0x0000000008000108                __udivsi3
                0x0000000008000214                __aeabi_uidivmod
 .text          0x000000000800021c        0x4 c:/stm32cubeide/stm32cubeide/plugins/com.st.stm32cube.ide.mcu.externaltools.gnu-tools-for-stm32.7-2018-q2-update.win32_1.0.0.201904181610/tools/bin/../lib/gcc/arm-none-eabi/7.3.1/thumb/v6-m\libgcc.a(_dvmd_tls.o)
                0x000000000800021c                __aeabi_idiv0
                0x000000000800021c                __aeabi_ldiv0
 *(.text*)
 .text.MX_ADC_Init
                0x0000000008000220      0x11c Core/Src/adc.o
                0x0000000008000220                MX_ADC_Init
 .text.HAL_ADC_MspInit
                0x000000000800033c       0xe8 Core/Src/adc.o
                0x000000000800033c                HAL_ADC_MspInit
 .text.MX_CRC_Init
                0x0000000008000424       0x48 Core/Src/crc.o
                0x0000000008000424                MX_CRC_Init
 .text.HAL_CRC_MspInit
                0x000000000800046c       0x3c Core/Src/crc.o
                0x000000000800046c                HAL_CRC_MspInit
 .text.MX_DAC1_Init
                0x00000000080004a8       0x5c Core/Src/dac.o
                0x00000000080004a8                MX_DAC1_Init
 .text.HAL_DAC_MspInit
                0x0000000008000504       0x9c Core/Src/dac.o
                0x0000000008000504                HAL_DAC_MspInit
 .text.MX_DMA_Init
                0x00000000080005a0       0x4c Core/Src/dma.o
                0x00000000080005a0                MX_DMA_Init
 .text.MX_GPIO_Init
                0x00000000080005ec      0x1d0 Core/Src/gpio.o
                0x00000000080005ec                MX_GPIO_Init
 .text.MX_IWDG_Init
                0x00000000080007bc       0x40 Core/Src/iwdg.o
                0x00000000080007bc                MX_IWDG_Init
 .text.main     0x00000000080007fc       0x88 Core/Src/main.o
                0x00000000080007fc                main
 .text.SystemClock_Config
                0x0000000008000884       0xa2 Core/Src/main.o
                0x0000000008000884                SystemClock_Config
 *fill*         0x0000000008000926        0x2 
 .text.HAL_GPIO_EXTI_Callback
                0x0000000008000928       0x40 Core/Src/main.o
                0x0000000008000928                HAL_GPIO_EXTI_Callback
 .text.Error_Handler
                0x0000000008000968        0xa Core/Src/main.o
                0x0000000008000968                Error_Handler
 .text.assert_failed
                0x0000000008000972       0x12 Core/Src/main.o
                0x0000000008000972                assert_failed
 .text.HAL_MspInit
                0x0000000008000984       0x48 Core/Src/stm32f0xx_hal_msp.o
                0x0000000008000984                HAL_MspInit
 .text.NMI_Handler
                0x00000000080009cc        0xa Core/Src/stm32f0xx_it.o
                0x00000000080009cc                NMI_Handler
 .text.HardFault_Handler
                0x00000000080009d6        0x6 Core/Src/stm32f0xx_it.o
                0x00000000080009d6                HardFault_Handler
 .text.SVC_Handler
                0x00000000080009dc        0xa Core/Src/stm32f0xx_it.o
                0x00000000080009dc                SVC_Handler
 .text.PendSV_Handler
                0x00000000080009e6        0xa Core/Src/stm32f0xx_it.o
                0x00000000080009e6                PendSV_Handler
 .text.SysTick_Handler
                0x00000000080009f0        0xe Core/Src/stm32f0xx_it.o
                0x00000000080009f0                SysTick_Handler
 .text.EXTI0_1_IRQHandler
                0x00000000080009fe       0x10 Core/Src/stm32f0xx_it.o
                0x00000000080009fe                EXTI0_1_IRQHandler
 *fill*         0x0000000008000a0e        0x2 
 .text.DMA1_Channel1_IRQHandler
                0x0000000008000a10       0x18 Core/Src/stm32f0xx_it.o
                0x0000000008000a10                DMA1_Channel1_IRQHandler
 .text.DMA1_Channel4_5_IRQHandler
                0x0000000008000a28       0x24 Core/Src/stm32f0xx_it.o
                0x0000000008000a28                DMA1_Channel4_5_IRQHandler
 .text.TIM1_BRK_UP_TRG_COM_IRQHandler
                0x0000000008000a4c       0x18 Core/Src/stm32f0xx_it.o
                0x0000000008000a4c                TIM1_BRK_UP_TRG_COM_IRQHandler
 .text.TIM1_CC_IRQHandler
                0x0000000008000a64       0x18 Core/Src/stm32f0xx_it.o
                0x0000000008000a64                TIM1_CC_IRQHandler
 .text.TIM2_IRQHandler
                0x0000000008000a7c       0x4c Core/Src/stm32f0xx_it.o
                0x0000000008000a7c                TIM2_IRQHandler
 .text.TIM6_DAC_IRQHandler
                0x0000000008000ac8       0x18 Core/Src/stm32f0xx_it.o
                0x0000000008000ac8                TIM6_DAC_IRQHandler
 .text.SystemInit
                0x0000000008000ae0       0x88 Core/Src/system_stm32f0xx.o
                0x0000000008000ae0                SystemInit
 .text.MX_TIM1_Init
                0x0000000008000b68      0x174 Core/Src/tim.o
                0x0000000008000b68                MX_TIM1_Init
 .text.MX_TIM2_Init
                0x0000000008000cdc       0xa8 Core/Src/tim.o
                0x0000000008000cdc                MX_TIM2_Init
 .text.HAL_TIM_Base_MspInit
                0x0000000008000d84       0x94 Core/Src/tim.o
                0x0000000008000d84                HAL_TIM_Base_MspInit
 .text.HAL_TIM_MspPostInit
                0x0000000008000e18       0xd0 Core/Src/tim.o
                0x0000000008000e18                HAL_TIM_MspPostInit
 .text.MX_USART2_UART_Init
                0x0000000008000ee8       0x60 Core/Src/usart.o
                0x0000000008000ee8                MX_USART2_UART_Init
 .text.HAL_UART_MspInit
                0x0000000008000f48      0x148 Core/Src/usart.o
                0x0000000008000f48                HAL_UART_MspInit
 .text.Set50Hz  0x0000000008001090       0x18 Core/Src/digiTOS/digiTOS-50Hz.o
                0x0000000008001090                Set50Hz
 .text.SetDeadTime
                0x00000000080010a8       0x4c Core/Src/digiTOS/digiTOS-50Hz.o
                0x00000000080010a8                SetDeadTime
 .text.PWM_50Hz_ON
                0x00000000080010f4       0x3c Core/Src/digiTOS/digiTOS-50Hz.o
                0x00000000080010f4                PWM_50Hz_ON
 .text.PWM_50Hz_OFF
                0x0000000008001130       0x3c Core/Src/digiTOS/digiTOS-50Hz.o
                0x0000000008001130                PWM_50Hz_OFF
 .text.ResetADC_Buff
                0x000000000800116c       0x38 Core/Src/digiTOS/digiTOS-Core.o
                0x000000000800116c                ResetADC_Buff
 .text.HAL_ADC_ConvCpltCallback
                0x00000000080011a4       0x94 Core/Src/digiTOS/digiTOS-Core.o
                0x00000000080011a4                HAL_ADC_ConvCpltCallback
 .text.StartADC
                0x0000000008001238       0x20 Core/Src/digiTOS/digiTOS-Core.o
                0x0000000008001238                StartADC
 .text.Off_LEDs
                0x0000000008001258       0x2c Core/Src/digiTOS/digiTOS-Core.o
                0x0000000008001258                Off_LEDs
 .text.BlinkLEDs
                0x0000000008001284       0x70 Core/Src/digiTOS/digiTOS-Core.o
                0x0000000008001284                BlinkLEDs
 .text.Check50Hz
                0x00000000080012f4       0xb4 Core/Src/digiTOS/digiTOS-Core.o
                0x00000000080012f4                Check50Hz
 .text.EnableDebugMode
                0x00000000080013a8       0x6c Core/Src/digiTOS/digiTOS-Core.o
                0x00000000080013a8                EnableDebugMode
 .text.GetSinus
                0x0000000008001414       0x60 Core/Src/digiTOS/digiTOS-DAC_Sinus.o
                0x0000000008001414                GetSinus
 .text.Set_DAC_SINUS_ZERO
                0x0000000008001474       0x1c Core/Src/digiTOS/digiTOS-DAC_Sinus.o
                0x0000000008001474                Set_DAC_SINUS_ZERO
 .text.DAC_SINUS_INIT
                0x0000000008001490       0x1c Core/Src/digiTOS/digiTOS-DAC_Sinus.o
                0x0000000008001490                DAC_SINUS_INIT
 .text.DAC_SINUS_ON
                0x00000000080014ac       0x2c Core/Src/digiTOS/digiTOS-DAC_Sinus.o
                0x00000000080014ac                DAC_SINUS_ON
 .text.DAC_SINUS_OFF
                0x00000000080014d8       0x2c Core/Src/digiTOS/digiTOS-DAC_Sinus.o
                0x00000000080014d8                DAC_SINUS_OFF
 .text.ResetWDG
                0x0000000008001504       0x18 Core/Src/digiTOS/digiTOS-IWDG.o
                0x0000000008001504                ResetWDG
 .text.DigiTOS_IWDG_Init
                0x000000000800151c      0x19c Core/Src/digiTOS/digiTOS-IWDG.o
                0x000000000800151c                DigiTOS_IWDG_Init
 .text.HAL_Init
                0x00000000080016b8       0x28 Drivers/STM32F0xx_HAL_Driver/Src/stm32f0xx_hal.o
                0x00000000080016b8                HAL_Init
 .text.HAL_InitTick
                0x00000000080016e0       0x38 Drivers/STM32F0xx_HAL_Driver/Src/stm32f0xx_hal.o
                0x00000000080016e0                HAL_InitTick
 .text.HAL_IncTick
                0x0000000008001718       0x18 Drivers/STM32F0xx_HAL_Driver/Src/stm32f0xx_hal.o
                0x0000000008001718                HAL_IncTick
 .text.HAL_GetTick
                0x0000000008001730       0x14 Drivers/STM32F0xx_HAL_Driver/Src/stm32f0xx_hal.o
                0x0000000008001730                HAL_GetTick
 .text.HAL_Delay
                0x0000000008001744       0x3a Drivers/STM32F0xx_HAL_Driver/Src/stm32f0xx_hal.o
                0x0000000008001744                HAL_Delay
 *fill*         0x000000000800177e        0x2 
 .text.HAL_ADC_Init
                0x0000000008001780      0x494 Drivers/STM32F0xx_HAL_Driver/Src/stm32f0xx_hal_adc.o
                0x0000000008001780                HAL_ADC_Init
 .text.HAL_ADC_Start_DMA
                0x0000000008001c14      0x128 Drivers/STM32F0xx_HAL_Driver/Src/stm32f0xx_hal_adc.o
                0x0000000008001c14                HAL_ADC_Start_DMA
 .text.HAL_ADC_ConvHalfCpltCallback
                0x0000000008001d3c       0x10 Drivers/STM32F0xx_HAL_Driver/Src/stm32f0xx_hal_adc.o
                0x0000000008001d3c                HAL_ADC_ConvHalfCpltCallback
 .text.HAL_ADC_ErrorCallback
                0x0000000008001d4c       0x10 Drivers/STM32F0xx_HAL_Driver/Src/stm32f0xx_hal_adc.o
                0x0000000008001d4c                HAL_ADC_ErrorCallback
 .text.HAL_ADC_ConfigChannel
                0x0000000008001d5c      0x378 Drivers/STM32F0xx_HAL_Driver/Src/stm32f0xx_hal_adc.o
                0x0000000008001d5c                HAL_ADC_ConfigChannel
 .text.ADC_Enable
                0x00000000080020d4       0xf8 Drivers/STM32F0xx_HAL_Driver/Src/stm32f0xx_hal_adc.o
 .text.ADC_DMAConvCplt
                0x00000000080021cc       0xb4 Drivers/STM32F0xx_HAL_Driver/Src/stm32f0xx_hal_adc.o
 .text.ADC_DMAHalfConvCplt
                0x0000000008002280       0x1e Drivers/STM32F0xx_HAL_Driver/Src/stm32f0xx_hal_adc.o
 .text.ADC_DMAError
                0x000000000800229e       0x36 Drivers/STM32F0xx_HAL_Driver/Src/stm32f0xx_hal_adc.o
 .text.NVIC_EnableIRQ
                0x00000000080022d4       0x2c Drivers/STM32F0xx_HAL_Driver/Src/stm32f0xx_hal_cortex.o
 .text.NVIC_SetPriority
                0x0000000008002300       0xdc Drivers/STM32F0xx_HAL_Driver/Src/stm32f0xx_hal_cortex.o
 .text.SysTick_Config
                0x00000000080023dc       0x48 Drivers/STM32F0xx_HAL_Driver/Src/stm32f0xx_hal_cortex.o
 .text.HAL_NVIC_SetPriority
                0x0000000008002424       0x40 Drivers/STM32F0xx_HAL_Driver/Src/stm32f0xx_hal_cortex.o
                0x0000000008002424                HAL_NVIC_SetPriority
 .text.HAL_NVIC_EnableIRQ
                0x0000000008002464       0x38 Drivers/STM32F0xx_HAL_Driver/Src/stm32f0xx_hal_cortex.o
                0x0000000008002464                HAL_NVIC_EnableIRQ
 .text.HAL_SYSTICK_Config
                0x000000000800249c       0x1a Drivers/STM32F0xx_HAL_Driver/Src/stm32f0xx_hal_cortex.o
                0x000000000800249c                HAL_SYSTICK_Config
 *fill*         0x00000000080024b6        0x2 
 .text.HAL_CRC_Init
                0x00000000080024b8      0x13c Drivers/STM32F0xx_HAL_Driver/Src/stm32f0xx_hal_crc.o
                0x00000000080024b8                HAL_CRC_Init
 .text.HAL_CRCEx_Init
                0x00000000080025f4       0x12 Drivers/STM32F0xx_HAL_Driver/Src/stm32f0xx_hal_crc_ex.o
                0x00000000080025f4                HAL_CRCEx_Init
 *fill*         0x0000000008002606        0x2 
 .text.HAL_DAC_Init
                0x0000000008002608       0x68 Drivers/STM32F0xx_HAL_Driver/Src/stm32f0xx_hal_dac.o
                0x0000000008002608                HAL_DAC_Init
 .text.HAL_DAC_SetValue
                0x0000000008002670       0x9c Drivers/STM32F0xx_HAL_Driver/Src/stm32f0xx_hal_dac.o
                0x0000000008002670                HAL_DAC_SetValue
 .text.HAL_DAC_DMAUnderrunCallbackCh1
                0x000000000800270c       0x10 Drivers/STM32F0xx_HAL_Driver/Src/stm32f0xx_hal_dac.o
                0x000000000800270c                HAL_DAC_DMAUnderrunCallbackCh1
 .text.HAL_DAC_ConfigChannel
                0x000000000800271c      0x130 Drivers/STM32F0xx_HAL_Driver/Src/stm32f0xx_hal_dac_ex.o
                0x000000000800271c                HAL_DAC_ConfigChannel
 .text.HAL_DAC_Start
                0x000000000800284c       0x88 Drivers/STM32F0xx_HAL_Driver/Src/stm32f0xx_hal_dac_ex.o
                0x000000000800284c                HAL_DAC_Start
 .text.HAL_DAC_IRQHandler
                0x00000000080028d4       0x70 Drivers/STM32F0xx_HAL_Driver/Src/stm32f0xx_hal_dac_ex.o
                0x00000000080028d4                HAL_DAC_IRQHandler
 .text.HAL_DMA_Init
                0x0000000008002944      0x1fc Drivers/STM32F0xx_HAL_Driver/Src/stm32f0xx_hal_dma.o
                0x0000000008002944                HAL_DMA_Init
 .text.HAL_DMA_Start_IT
                0x0000000008002b40       0xf0 Drivers/STM32F0xx_HAL_Driver/Src/stm32f0xx_hal_dma.o
                0x0000000008002b40                HAL_DMA_Start_IT
 .text.HAL_DMA_IRQHandler
                0x0000000008002c30      0x144 Drivers/STM32F0xx_HAL_Driver/Src/stm32f0xx_hal_dma.o
                0x0000000008002c30                HAL_DMA_IRQHandler
 .text.DMA_SetConfig
                0x0000000008002d74       0x58 Drivers/STM32F0xx_HAL_Driver/Src/stm32f0xx_hal_dma.o
 .text.DMA_CalcBaseAndBitshift
                0x0000000008002dcc       0x38 Drivers/STM32F0xx_HAL_Driver/Src/stm32f0xx_hal_dma.o
 .text.HAL_GPIO_Init
                0x0000000008002e04      0x44c Drivers/STM32F0xx_HAL_Driver/Src/stm32f0xx_hal_gpio.o
                0x0000000008002e04                HAL_GPIO_Init
 .text.HAL_GPIO_ReadPin
                0x0000000008003250       0x60 Drivers/STM32F0xx_HAL_Driver/Src/stm32f0xx_hal_gpio.o
                0x0000000008003250                HAL_GPIO_ReadPin
 .text.HAL_GPIO_WritePin
                0x00000000080032b0       0x80 Drivers/STM32F0xx_HAL_Driver/Src/stm32f0xx_hal_gpio.o
                0x00000000080032b0                HAL_GPIO_WritePin
 .text.HAL_GPIO_TogglePin
                0x0000000008003330       0x48 Drivers/STM32F0xx_HAL_Driver/Src/stm32f0xx_hal_gpio.o
                0x0000000008003330                HAL_GPIO_TogglePin
 .text.HAL_GPIO_EXTI_IRQHandler
                0x0000000008003378       0x38 Drivers/STM32F0xx_HAL_Driver/Src/stm32f0xx_hal_gpio.o
                0x0000000008003378                HAL_GPIO_EXTI_IRQHandler
 .text.HAL_IWDG_Init
                0x00000000080033b0      0x120 Drivers/STM32F0xx_HAL_Driver/Src/stm32f0xx_hal_iwdg.o
                0x00000000080033b0                HAL_IWDG_Init
 .text.HAL_IWDG_Refresh
                0x00000000080034d0       0x20 Drivers/STM32F0xx_HAL_Driver/Src/stm32f0xx_hal_iwdg.o
                0x00000000080034d0                HAL_IWDG_Refresh
 .text.HAL_RCC_OscConfig
                0x00000000080034f0      0x8dc Drivers/STM32F0xx_HAL_Driver/Src/stm32f0xx_hal_rcc.o
                0x00000000080034f0                HAL_RCC_OscConfig
 .text.HAL_RCC_ClockConfig
                0x0000000008003dcc      0x2f8 Drivers/STM32F0xx_HAL_Driver/Src/stm32f0xx_hal_rcc.o
                0x0000000008003dcc                HAL_RCC_ClockConfig
 .text.HAL_RCC_GetSysClockFreq
                0x00000000080040c4       0xc8 Drivers/STM32F0xx_HAL_Driver/Src/stm32f0xx_hal_rcc.o
                0x00000000080040c4                HAL_RCC_GetSysClockFreq
 .text.HAL_RCC_GetHCLKFreq
                0x000000000800418c       0x14 Drivers/STM32F0xx_HAL_Driver/Src/stm32f0xx_hal_rcc.o
                0x000000000800418c                HAL_RCC_GetHCLKFreq
 .text.HAL_RCC_GetPCLK1Freq
                0x00000000080041a0       0x2c Drivers/STM32F0xx_HAL_Driver/Src/stm32f0xx_hal_rcc.o
                0x00000000080041a0                HAL_RCC_GetPCLK1Freq
 .text.HAL_TIM_Base_Init
                0x00000000080041cc      0x14c Drivers/STM32F0xx_HAL_Driver/Src/stm32f0xx_hal_tim.o
                0x00000000080041cc                HAL_TIM_Base_Init
 .text.HAL_TIM_Base_Start
                0x0000000008004318       0xb4 Drivers/STM32F0xx_HAL_Driver/Src/stm32f0xx_hal_tim.o
                0x0000000008004318                HAL_TIM_Base_Start
 .text.HAL_TIM_Base_Stop
                0x00000000080043cc       0xd4 Drivers/STM32F0xx_HAL_Driver/Src/stm32f0xx_hal_tim.o
                0x00000000080043cc                HAL_TIM_Base_Stop
 .text.HAL_TIM_Base_Start_IT
                0x00000000080044a0       0xb4 Drivers/STM32F0xx_HAL_Driver/Src/stm32f0xx_hal_tim.o
                0x00000000080044a0                HAL_TIM_Base_Start_IT
 .text.HAL_TIM_Base_Stop_IT
                0x0000000008004554       0xd4 Drivers/STM32F0xx_HAL_Driver/Src/stm32f0xx_hal_tim.o
                0x0000000008004554                HAL_TIM_Base_Stop_IT
 .text.HAL_TIM_OC_Init
                0x0000000008004628      0x160 Drivers/STM32F0xx_HAL_Driver/Src/stm32f0xx_hal_tim.o
                0x0000000008004628                HAL_TIM_OC_Init
 .text.HAL_TIM_OC_MspInit
                0x0000000008004788       0x10 Drivers/STM32F0xx_HAL_Driver/Src/stm32f0xx_hal_tim.o
                0x0000000008004788                HAL_TIM_OC_MspInit
 .text.HAL_TIM_OC_Start
                0x0000000008004798      0x154 Drivers/STM32F0xx_HAL_Driver/Src/stm32f0xx_hal_tim.o
                0x0000000008004798                HAL_TIM_OC_Start
 .text.HAL_TIM_OC_Stop
                0x00000000080048ec      0x18c Drivers/STM32F0xx_HAL_Driver/Src/stm32f0xx_hal_tim.o
                0x00000000080048ec                HAL_TIM_OC_Stop
 .text.HAL_TIM_IRQHandler
                0x0000000008004a78      0x22c Drivers/STM32F0xx_HAL_Driver/Src/stm32f0xx_hal_tim.o
                0x0000000008004a78                HAL_TIM_IRQHandler
 .text.HAL_TIM_OC_ConfigChannel
                0x0000000008004ca4      0x23c Drivers/STM32F0xx_HAL_Driver/Src/stm32f0xx_hal_tim.o
                0x0000000008004ca4                HAL_TIM_OC_ConfigChannel
 .text.HAL_TIM_ConfigClockSource
                0x0000000008004ee0      0x6e0 Drivers/STM32F0xx_HAL_Driver/Src/stm32f0xx_hal_tim.o
                0x0000000008004ee0                HAL_TIM_ConfigClockSource
 .text.HAL_TIM_PeriodElapsedCallback
                0x00000000080055c0       0x10 Drivers/STM32F0xx_HAL_Driver/Src/stm32f0xx_hal_tim.o
                0x00000000080055c0                HAL_TIM_PeriodElapsedCallback
 .text.HAL_TIM_OC_DelayElapsedCallback
                0x00000000080055d0       0x10 Drivers/STM32F0xx_HAL_Driver/Src/stm32f0xx_hal_tim.o
                0x00000000080055d0                HAL_TIM_OC_DelayElapsedCallback
 .text.HAL_TIM_IC_CaptureCallback
                0x00000000080055e0       0x10 Drivers/STM32F0xx_HAL_Driver/Src/stm32f0xx_hal_tim.o
                0x00000000080055e0                HAL_TIM_IC_CaptureCallback
 .text.HAL_TIM_PWM_PulseFinishedCallback
                0x00000000080055f0       0x10 Drivers/STM32F0xx_HAL_Driver/Src/stm32f0xx_hal_tim.o
                0x00000000080055f0                HAL_TIM_PWM_PulseFinishedCallback
 .text.HAL_TIM_TriggerCallback
                0x0000000008005600       0x10 Drivers/STM32F0xx_HAL_Driver/Src/stm32f0xx_hal_tim.o
                0x0000000008005600                HAL_TIM_TriggerCallback
 .text.TIM_Base_SetConfig
                0x0000000008005610      0x104 Drivers/STM32F0xx_HAL_Driver/Src/stm32f0xx_hal_tim.o
                0x0000000008005610                TIM_Base_SetConfig
 .text.TIM_OC1_SetConfig
                0x0000000008005714      0x188 Drivers/STM32F0xx_HAL_Driver/Src/stm32f0xx_hal_tim.o
 .text.TIM_OC2_SetConfig
                0x000000000800589c      0x180 Drivers/STM32F0xx_HAL_Driver/Src/stm32f0xx_hal_tim.o
                0x000000000800589c                TIM_OC2_SetConfig
 .text.TIM_OC3_SetConfig
                0x0000000008005a1c      0x184 Drivers/STM32F0xx_HAL_Driver/Src/stm32f0xx_hal_tim.o
 .text.TIM_OC4_SetConfig
                0x0000000008005ba0      0x108 Drivers/STM32F0xx_HAL_Driver/Src/stm32f0xx_hal_tim.o
 .text.TIM_TI1_ConfigInputStage
                0x0000000008005ca8       0x64 Drivers/STM32F0xx_HAL_Driver/Src/stm32f0xx_hal_tim.o
 .text.TIM_TI2_ConfigInputStage
                0x0000000008005d0c       0x6c Drivers/STM32F0xx_HAL_Driver/Src/stm32f0xx_hal_tim.o
 .text.TIM_ITRx_SetConfig
                0x0000000008005d78       0x40 Drivers/STM32F0xx_HAL_Driver/Src/stm32f0xx_hal_tim.o
 .text.TIM_ETR_SetConfig
                0x0000000008005db8       0x44 Drivers/STM32F0xx_HAL_Driver/Src/stm32f0xx_hal_tim.o
                0x0000000008005db8                TIM_ETR_SetConfig
 .text.TIM_CCxChannelCmd
                0x0000000008005dfc       0xd8 Drivers/STM32F0xx_HAL_Driver/Src/stm32f0xx_hal_tim.o
                0x0000000008005dfc                TIM_CCxChannelCmd
 .text.HAL_TIMEx_OCN_Start
                0x0000000008005ed4       0xb4 Drivers/STM32F0xx_HAL_Driver/Src/stm32f0xx_hal_tim_ex.o
                0x0000000008005ed4                HAL_TIMEx_OCN_Start
 .text.HAL_TIMEx_OCN_Stop
                0x0000000008005f88       0xf0 Drivers/STM32F0xx_HAL_Driver/Src/stm32f0xx_hal_tim_ex.o
                0x0000000008005f88                HAL_TIMEx_OCN_Stop
 .text.HAL_TIMEx_MasterConfigSynchronization
                0x0000000008006078      0x150 Drivers/STM32F0xx_HAL_Driver/Src/stm32f0xx_hal_tim_ex.o
                0x0000000008006078                HAL_TIMEx_MasterConfigSynchronization
 .text.HAL_TIMEx_ConfigBreakDeadTime
                0x00000000080061c8      0x230 Drivers/STM32F0xx_HAL_Driver/Src/stm32f0xx_hal_tim_ex.o
                0x00000000080061c8                HAL_TIMEx_ConfigBreakDeadTime
 .text.HAL_TIMEx_CommutationCallback
                0x00000000080063f8       0x10 Drivers/STM32F0xx_HAL_Driver/Src/stm32f0xx_hal_tim_ex.o
                0x00000000080063f8                HAL_TIMEx_CommutationCallback
 .text.HAL_TIMEx_BreakCallback
                0x0000000008006408       0x10 Drivers/STM32F0xx_HAL_Driver/Src/stm32f0xx_hal_tim_ex.o
                0x0000000008006408                HAL_TIMEx_BreakCallback
 .text.TIM_CCxNChannelCmd
                0x0000000008006418       0x42 Drivers/STM32F0xx_HAL_Driver/Src/stm32f0xx_hal_tim_ex.o
 *fill*         0x000000000800645a        0x2 
 .text.HAL_UART_Init
                0x000000000800645c      0x10c Drivers/STM32F0xx_HAL_Driver/Src/stm32f0xx_hal_uart.o
                0x000000000800645c                HAL_UART_Init
 .text.UART_SetConfig
                0x0000000008006568      0x444 Drivers/STM32F0xx_HAL_Driver/Src/stm32f0xx_hal_uart.o
                0x0000000008006568                UART_SetConfig
 .text.UART_AdvFeatureConfig
                0x00000000080069ac      0x2e8 Drivers/STM32F0xx_HAL_Driver/Src/stm32f0xx_hal_uart.o
                0x00000000080069ac                UART_AdvFeatureConfig
 .text.UART_CheckIdleState
                0x0000000008006c94       0xa4 Drivers/STM32F0xx_HAL_Driver/Src/stm32f0xx_hal_uart.o
                0x0000000008006c94                UART_CheckIdleState
 .text.UART_WaitOnFlagUntilTimeout
                0x0000000008006d38       0x98 Drivers/STM32F0xx_HAL_Driver/Src/stm32f0xx_hal_uart.o
                0x0000000008006d38                UART_WaitOnFlagUntilTimeout
 .text.Reset_Handler
                0x0000000008006dd0       0x50 Startup/startup_stm32f051r8hx.o
                0x0000000008006dd0                Reset_Handler
 .text.Default_Handler
                0x0000000008006e20        0x2 Startup/startup_stm32f051r8hx.o
                0x0000000008006e20                TSC_IRQHandler
                0x0000000008006e20                ADC1_COMP_IRQHandler
                0x0000000008006e20                PVD_IRQHandler
                0x0000000008006e20                I2C1_IRQHandler
                0x0000000008006e20                RCC_CRS_IRQHandler
                0x0000000008006e20                SPI1_IRQHandler
                0x0000000008006e20                EXTI2_3_IRQHandler
                0x0000000008006e20                I2C2_IRQHandler
                0x0000000008006e20                TIM17_IRQHandler
                0x0000000008006e20                CEC_CAN_IRQHandler
                0x0000000008006e20                RTC_IRQHandler
                0x0000000008006e20                TIM16_IRQHandler
                0x0000000008006e20                TIM3_IRQHandler
                0x0000000008006e20                EXTI4_15_IRQHandler
                0x0000000008006e20                Default_Handler
                0x0000000008006e20                TIM14_IRQHandler
                0x0000000008006e20                TIM15_IRQHandler
                0x0000000008006e20                SPI2_IRQHandler
                0x0000000008006e20                WWDG_IRQHandler
                0x0000000008006e20                DMA1_Channel2_3_IRQHandler
                0x0000000008006e20                USART2_IRQHandler
                0x0000000008006e20                FLASH_IRQHandler
                0x0000000008006e20                USART1_IRQHandler
 *fill*         0x0000000008006e22        0x2 
 .text.__libc_init_array
                0x0000000008006e24       0x48 c:/stm32cubeide/stm32cubeide/plugins/com.st.stm32cube.ide.mcu.externaltools.gnu-tools-for-stm32.7-2018-q2-update.win32_1.0.0.201904181610/tools/bin/../lib/gcc/arm-none-eabi/7.3.1/../../../../arm-none-eabi/lib/thumb/v6-m\libc_nano.a(lib_a-init.o)
                0x0000000008006e24                __libc_init_array
 .text.memset   0x0000000008006e6c       0x10 c:/stm32cubeide/stm32cubeide/plugins/com.st.stm32cube.ide.mcu.externaltools.gnu-tools-for-stm32.7-2018-q2-update.win32_1.0.0.201904181610/tools/bin/../lib/gcc/arm-none-eabi/7.3.1/../../../../arm-none-eabi/lib/thumb/v6-m\libc_nano.a(lib_a-memset.o)
                0x0000000008006e6c                memset
 *(.glue_7)
 .glue_7        0x0000000008006e7c        0x0 linker stubs
 *(.glue_7t)
 .glue_7t       0x0000000008006e7c        0x0 linker stubs
 *(.eh_frame)
 .eh_frame      0x0000000008006e7c        0x0 c:/stm32cubeide/stm32cubeide/plugins/com.st.stm32cube.ide.mcu.externaltools.gnu-tools-for-stm32.7-2018-q2-update.win32_1.0.0.201904181610/tools/bin/../lib/gcc/arm-none-eabi/7.3.1/thumb/v6-m/crtbegin.o
 *(.init)
 .init          0x0000000008006e7c        0x4 c:/stm32cubeide/stm32cubeide/plugins/com.st.stm32cube.ide.mcu.externaltools.gnu-tools-for-stm32.7-2018-q2-update.win32_1.0.0.201904181610/tools/bin/../lib/gcc/arm-none-eabi/7.3.1/thumb/v6-m/crti.o
                0x0000000008006e7c                _init
 .init          0x0000000008006e80        0x8 c:/stm32cubeide/stm32cubeide/plugins/com.st.stm32cube.ide.mcu.externaltools.gnu-tools-for-stm32.7-2018-q2-update.win32_1.0.0.201904181610/tools/bin/../lib/gcc/arm-none-eabi/7.3.1/thumb/v6-m/crtn.o
 *(.fini)
 .fini          0x0000000008006e88        0x4 c:/stm32cubeide/stm32cubeide/plugins/com.st.stm32cube.ide.mcu.externaltools.gnu-tools-for-stm32.7-2018-q2-update.win32_1.0.0.201904181610/tools/bin/../lib/gcc/arm-none-eabi/7.3.1/thumb/v6-m/crti.o
                0x0000000008006e88                _fini
 .fini          0x0000000008006e8c        0x8 c:/stm32cubeide/stm32cubeide/plugins/com.st.stm32cube.ide.mcu.externaltools.gnu-tools-for-stm32.7-2018-q2-update.win32_1.0.0.201904181610/tools/bin/../lib/gcc/arm-none-eabi/7.3.1/thumb/v6-m/crtn.o
                0x0000000008006e94                . = ALIGN (0x4)
                0x0000000008006e94                _etext = .

.vfp11_veneer   0x0000000008006e94        0x0
 .vfp11_veneer  0x0000000008006e94        0x0 linker stubs

.v4_bx          0x0000000008006e94        0x0
 .v4_bx         0x0000000008006e94        0x0 linker stubs

.iplt           0x0000000008006e94        0x0
 .iplt          0x0000000008006e94        0x0 c:/stm32cubeide/stm32cubeide/plugins/com.st.stm32cube.ide.mcu.externaltools.gnu-tools-for-stm32.7-2018-q2-update.win32_1.0.0.201904181610/tools/bin/../lib/gcc/arm-none-eabi/7.3.1/thumb/v6-m/crtbegin.o

.rodata         0x0000000008006e94      0x2f0
                0x0000000008006e94                . = ALIGN (0x4)
 *(.rodata)
 .rodata        0x0000000008006e94       0x38 Drivers/STM32F0xx_HAL_Driver/Src/stm32f0xx_hal_adc.o
 .rodata        0x0000000008006ecc       0x3b Drivers/STM32F0xx_HAL_Driver/Src/stm32f0xx_hal_cortex.o
 *fill*         0x0000000008006f07        0x1 
 .rodata        0x0000000008006f08       0x38 Drivers/STM32F0xx_HAL_Driver/Src/stm32f0xx_hal_crc.o
 .rodata        0x0000000008006f40       0x38 Drivers/STM32F0xx_HAL_Driver/Src/stm32f0xx_hal_dac.o
 .rodata        0x0000000008006f78       0x3b Drivers/STM32F0xx_HAL_Driver/Src/stm32f0xx_hal_dac_ex.o
 *fill*         0x0000000008006fb3        0x1 
 .rodata        0x0000000008006fb4       0x38 Drivers/STM32F0xx_HAL_Driver/Src/stm32f0xx_hal_dma.o
 .rodata        0x0000000008006fec       0x39 Drivers/STM32F0xx_HAL_Driver/Src/stm32f0xx_hal_gpio.o
 *fill*         0x0000000008007025        0x3 
 .rodata        0x0000000008007028       0x39 Drivers/STM32F0xx_HAL_Driver/Src/stm32f0xx_hal_iwdg.o
 *fill*         0x0000000008007061        0x3 
 .rodata        0x0000000008007064       0x58 Drivers/STM32F0xx_HAL_Driver/Src/stm32f0xx_hal_rcc.o
 .rodata        0x00000000080070bc       0x38 Drivers/STM32F0xx_HAL_Driver/Src/stm32f0xx_hal_tim.o
 .rodata        0x00000000080070f4       0x3b Drivers/STM32F0xx_HAL_Driver/Src/stm32f0xx_hal_tim_ex.o
 *fill*         0x000000000800712f        0x1 
 .rodata        0x0000000008007130       0x39 Drivers/STM32F0xx_HAL_Driver/Src/stm32f0xx_hal_uart.o
 *(.rodata*)
 *fill*         0x0000000008007169        0x3 
 .rodata.AHBPrescTable
                0x000000000800716c       0x10 Core/Src/system_stm32f0xx.o
                0x000000000800716c                AHBPrescTable
 .rodata.APBPrescTable
                0x000000000800717c        0x8 Core/Src/system_stm32f0xx.o
                0x000000000800717c                APBPrescTable
                0x0000000008007184                . = ALIGN (0x4)

.rel.dyn        0x0000000008007184        0x0
 .rel.iplt      0x0000000008007184        0x0 c:/stm32cubeide/stm32cubeide/plugins/com.st.stm32cube.ide.mcu.externaltools.gnu-tools-for-stm32.7-2018-q2-update.win32_1.0.0.201904181610/tools/bin/../lib/gcc/arm-none-eabi/7.3.1/thumb/v6-m/crtbegin.o

.ARM.extab      0x0000000008007184        0x0
                0x0000000008007184                . = ALIGN (0x4)
 *(.ARM.extab* .gnu.linkonce.armextab.*)
                0x0000000008007184                . = ALIGN (0x4)

.ARM            0x0000000008007184        0x0
                0x0000000008007184                . = ALIGN (0x4)
                0x0000000008007184                __exidx_start = .
 *(.ARM.exidx*)
                0x0000000008007184                __exidx_end = .
                0x0000000008007184                . = ALIGN (0x4)

.preinit_array  0x0000000008007184        0x0
                0x0000000008007184                . = ALIGN (0x4)
                0x0000000008007184                PROVIDE (__preinit_array_start = .)
 *(.preinit_array*)
                0x0000000008007184                PROVIDE (__preinit_array_end = .)
                0x0000000008007184                . = ALIGN (0x4)

.init_array     0x0000000008007184        0x4
                0x0000000008007184                . = ALIGN (0x4)
                0x0000000008007184                PROVIDE (__init_array_start = .)
 *(SORT_BY_NAME(.init_array.*))
 *(.init_array*)
 .init_array    0x0000000008007184        0x4 c:/stm32cubeide/stm32cubeide/plugins/com.st.stm32cube.ide.mcu.externaltools.gnu-tools-for-stm32.7-2018-q2-update.win32_1.0.0.201904181610/tools/bin/../lib/gcc/arm-none-eabi/7.3.1/thumb/v6-m/crtbegin.o
                0x0000000008007188                PROVIDE (__init_array_end = .)
                0x0000000008007188                . = ALIGN (0x4)

.fini_array     0x0000000008007188        0x4
                0x0000000008007188                . = ALIGN (0x4)
                [!provide]                        PROVIDE (__fini_array_start = .)
 *(SORT_BY_NAME(.fini_array.*))
 *(.fini_array*)
 .fini_array    0x0000000008007188        0x4 c:/stm32cubeide/stm32cubeide/plugins/com.st.stm32cube.ide.mcu.externaltools.gnu-tools-for-stm32.7-2018-q2-update.win32_1.0.0.201904181610/tools/bin/../lib/gcc/arm-none-eabi/7.3.1/thumb/v6-m/crtbegin.o
                [!provide]                        PROVIDE (__fini_array_end = .)
                0x000000000800718c                . = ALIGN (0x4)
                0x000000000800718c                _sidata = LOADADDR (.data)

.data           0x0000000020000000      0x3c8 load address 0x000000000800718c
                0x0000000020000000                . = ALIGN (0x4)
                0x0000000020000000                _sdata = .
 *(.data)
 *(.data*)
 .data.SystemCoreClock
                0x0000000020000000        0x4 Core/Src/system_stm32f0xx.o
                0x0000000020000000                SystemCoreClock
 .data.BlockGenerator
                0x0000000020000004        0x4 Core/Src/digiTOS/digiTOS-Core.o
                0x0000000020000004                BlockGenerator
 .data.sin_data
                0x0000000020000008      0x3c0 Core/Src/digiTOS/digiTOS-DAC_Sinus.o
                0x0000000020000008                sin_data
                0x00000000200003c8                . = ALIGN (0x4)
                0x00000000200003c8                _edata = .

.igot.plt       0x00000000200003c8        0x0 load address 0x0000000008007554
 .igot.plt      0x00000000200003c8        0x0 c:/stm32cubeide/stm32cubeide/plugins/com.st.stm32cube.ide.mcu.externaltools.gnu-tools-for-stm32.7-2018-q2-update.win32_1.0.0.201904181610/tools/bin/../lib/gcc/arm-none-eabi/7.3.1/thumb/v6-m/crtbegin.o
                0x00000000200003c8                . = ALIGN (0x4)

.bss            0x00000000200003c8      0x2a4 load address 0x0000000008007554
                0x00000000200003c8                _sbss = .
                0x00000000200003c8                __bss_start__ = _sbss
 *(.bss)
 .bss           0x00000000200003c8       0x1c c:/stm32cubeide/stm32cubeide/plugins/com.st.stm32cube.ide.mcu.externaltools.gnu-tools-for-stm32.7-2018-q2-update.win32_1.0.0.201904181610/tools/bin/../lib/gcc/arm-none-eabi/7.3.1/thumb/v6-m/crtbegin.o
 *(.bss*)
 .bss.UseSoftStart
                0x00000000200003e4        0x4 Core/Src/digiTOS/digiTOS-Core.o
                0x00000000200003e4                UseSoftStart
 .bss.IsGenerator
                0x00000000200003e8        0x4 Core/Src/digiTOS/digiTOS-Core.o
                0x00000000200003e8                IsGenerator
 .bss.IsSinus   0x00000000200003ec        0x4 Core/Src/digiTOS/digiTOS-Core.o
                0x00000000200003ec                IsSinus
 .bss.ADC_Cnt   0x00000000200003f0        0x4 Core/Src/digiTOS/digiTOS-Core.o
                0x00000000200003f0                ADC_Cnt
 .bss.sin_step  0x00000000200003f4        0x2 Core/Src/digiTOS/digiTOS-DAC_Sinus.o
                0x00000000200003f4                sin_step
 *(COMMON)
 *fill*         0x00000000200003f6        0x2 
 COMMON         0x00000000200003f8       0x90 Core/Src/adc.o
                0x00000000200003f8                hdma_adc
                0x000000002000043c                hadc
 COMMON         0x0000000020000488       0x24 Core/Src/crc.o
                0x0000000020000488                hcrc
 COMMON         0x00000000200004ac       0x14 Core/Src/dac.o
                0x00000000200004ac                hdac1
 COMMON         0x00000000200004c0       0x10 Core/Src/iwdg.o
                0x00000000200004c0                hiwdg
 COMMON         0x00000000200004d0       0x80 Core/Src/tim.o
                0x00000000200004d0                htim1
                0x0000000020000510                htim2
 COMMON         0x0000000020000550       0xf8 Core/Src/usart.o
                0x0000000020000550                hdma_usart2_rx
                0x0000000020000594                hdma_usart2_tx
                0x00000000200005d8                huart2
 COMMON         0x0000000020000648       0x20 Core/Src/digiTOS/digiTOS-Core.o
                0x0000000020000648                adcKlapan
                0x000000002000064c                adcOC_V
                0x0000000020000650                adcWienZero
                0x0000000020000654                adcOC_I
                0x0000000020000658                ADC_Data
                0x0000000020000664                adcPolka
 COMMON         0x0000000020000668        0x4 Drivers/STM32F0xx_HAL_Driver/Src/stm32f0xx_hal.o
                0x0000000020000668                uwTick
                0x000000002000066c                . = ALIGN (0x4)
                0x000000002000066c                _ebss = .
                0x000000002000066c                __bss_end__ = _ebss

._user_heap_stack
                0x000000002000066c      0x604 load address 0x0000000008007554
                0x0000000020000670                . = ALIGN (0x8)
 *fill*         0x000000002000066c        0x4 
                0x0000000020000670                PROVIDE (end = .)
                [!provide]                        PROVIDE (_end = .)
                0x0000000020000870                . = (. + _Min_Heap_Size)
 *fill*         0x0000000020000670      0x200 
                0x0000000020000c70                . = (. + _Min_Stack_Size)
 *fill*         0x0000000020000870      0x400 
                0x0000000020000c70                . = ALIGN (0x8)

/DISCARD/
 libc.a(*)
 libm.a(*)
 libgcc.a(*)

.ARM.attributes
                0x0000000000000000       0x28
 *(.ARM.attributes)
 .ARM.attributes
                0x0000000000000000       0x1e c:/stm32cubeide/stm32cubeide/plugins/com.st.stm32cube.ide.mcu.externaltools.gnu-tools-for-stm32.7-2018-q2-update.win32_1.0.0.201904181610/tools/bin/../lib/gcc/arm-none-eabi/7.3.1/thumb/v6-m/crti.o
 .ARM.attributes
                0x000000000000001e       0x2c c:/stm32cubeide/stm32cubeide/plugins/com.st.stm32cube.ide.mcu.externaltools.gnu-tools-for-stm32.7-2018-q2-update.win32_1.0.0.201904181610/tools/bin/../lib/gcc/arm-none-eabi/7.3.1/thumb/v6-m/crtbegin.o
 .ARM.attributes
                0x000000000000004a       0x31 Core/Src/adc.o
 .ARM.attributes
                0x000000000000007b       0x31 Core/Src/crc.o
 .ARM.attributes
                0x00000000000000ac       0x31 Core/Src/dac.o
 .ARM.attributes
                0x00000000000000dd       0x31 Core/Src/dma.o
 .ARM.attributes
                0x000000000000010e       0x31 Core/Src/gpio.o
 .ARM.attributes
                0x000000000000013f       0x31 Core/Src/iwdg.o
 .ARM.attributes
                0x0000000000000170       0x31 Core/Src/main.o
 .ARM.attributes
                0x00000000000001a1       0x31 Core/Src/stm32f0xx_hal_msp.o
 .ARM.attributes
                0x00000000000001d2       0x31 Core/Src/stm32f0xx_it.o
 .ARM.attributes
                0x0000000000000203       0x31 Core/Src/system_stm32f0xx.o
 .ARM.attributes
                0x0000000000000234       0x31 Core/Src/tim.o
 .ARM.attributes
                0x0000000000000265       0x31 Core/Src/usart.o
 .ARM.attributes
                0x0000000000000296       0x31 Core/Src/digiTOS/digiTOS-50Hz.o
 .ARM.attributes
                0x00000000000002c7       0x31 Core/Src/digiTOS/digiTOS-Core.o
 .ARM.attributes
                0x00000000000002f8       0x31 Core/Src/digiTOS/digiTOS-DAC_Sinus.o
 .ARM.attributes
                0x0000000000000329       0x31 Core/Src/digiTOS/digiTOS-IWDG.o
 .ARM.attributes
                0x000000000000035a       0x31 Drivers/STM32F0xx_HAL_Driver/Src/stm32f0xx_hal.o
 .ARM.attributes
                0x000000000000038b       0x31 Drivers/STM32F0xx_HAL_Driver/Src/stm32f0xx_hal_adc.o
 .ARM.attributes
                0x00000000000003bc       0x31 Drivers/STM32F0xx_HAL_Driver/Src/stm32f0xx_hal_cortex.o
 .ARM.attributes
                0x00000000000003ed       0x31 Drivers/STM32F0xx_HAL_Driver/Src/stm32f0xx_hal_crc.o
 .ARM.attributes
                0x000000000000041e       0x31 Drivers/STM32F0xx_HAL_Driver/Src/stm32f0xx_hal_crc_ex.o
 .ARM.attributes
                0x000000000000044f       0x31 Drivers/STM32F0xx_HAL_Driver/Src/stm32f0xx_hal_dac.o
 .ARM.attributes
                0x0000000000000480       0x31 Drivers/STM32F0xx_HAL_Driver/Src/stm32f0xx_hal_dac_ex.o
 .ARM.attributes
                0x00000000000004b1       0x31 Drivers/STM32F0xx_HAL_Driver/Src/stm32f0xx_hal_dma.o
 .ARM.attributes
                0x00000000000004e2       0x31 Drivers/STM32F0xx_HAL_Driver/Src/stm32f0xx_hal_gpio.o
 .ARM.attributes
                0x0000000000000513       0x31 Drivers/STM32F0xx_HAL_Driver/Src/stm32f0xx_hal_iwdg.o
 .ARM.attributes
                0x0000000000000544       0x31 Drivers/STM32F0xx_HAL_Driver/Src/stm32f0xx_hal_rcc.o
 .ARM.attributes
                0x0000000000000575       0x31 Drivers/STM32F0xx_HAL_Driver/Src/stm32f0xx_hal_tim.o
 .ARM.attributes
                0x00000000000005a6       0x31 Drivers/STM32F0xx_HAL_Driver/Src/stm32f0xx_hal_tim_ex.o
 .ARM.attributes
                0x00000000000005d7       0x31 Drivers/STM32F0xx_HAL_Driver/Src/stm32f0xx_hal_uart.o
 .ARM.attributes
                0x0000000000000608       0x21 Startup/startup_stm32f051r8hx.o
 .ARM.attributes
                0x0000000000000629       0x2c c:/stm32cubeide/stm32cubeide/plugins/com.st.stm32cube.ide.mcu.externaltools.gnu-tools-for-stm32.7-2018-q2-update.win32_1.0.0.201904181610/tools/bin/../lib/gcc/arm-none-eabi/7.3.1/../../../../arm-none-eabi/lib/thumb/v6-m\libc_nano.a(lib_a-init.o)
 .ARM.attributes
                0x0000000000000655       0x2c c:/stm32cubeide/stm32cubeide/plugins/com.st.stm32cube.ide.mcu.externaltools.gnu-tools-for-stm32.7-2018-q2-update.win32_1.0.0.201904181610/tools/bin/../lib/gcc/arm-none-eabi/7.3.1/../../../../arm-none-eabi/lib/thumb/v6-m\libc_nano.a(lib_a-memset.o)
 .ARM.attributes
                0x0000000000000681       0x1e c:/stm32cubeide/stm32cubeide/plugins/com.st.stm32cube.ide.mcu.externaltools.gnu-tools-for-stm32.7-2018-q2-update.win32_1.0.0.201904181610/tools/bin/../lib/gcc/arm-none-eabi/7.3.1/thumb/v6-m\libgcc.a(_udivsi3.o)
 .ARM.attributes
                0x000000000000069f       0x1e c:/stm32cubeide/stm32cubeide/plugins/com.st.stm32cube.ide.mcu.externaltools.gnu-tools-for-stm32.7-2018-q2-update.win32_1.0.0.201904181610/tools/bin/../lib/gcc/arm-none-eabi/7.3.1/thumb/v6-m\libgcc.a(_dvmd_tls.o)
 .ARM.attributes
                0x00000000000006bd       0x1e c:/stm32cubeide/stm32cubeide/plugins/com.st.stm32cube.ide.mcu.externaltools.gnu-tools-for-stm32.7-2018-q2-update.win32_1.0.0.201904181610/tools/bin/../lib/gcc/arm-none-eabi/7.3.1/thumb/v6-m/crtn.o
OUTPUT(uniDi.elf elf32-littlearm)

.debug_info     0x0000000000000000    0x1f6e0
 .debug_info    0x0000000000000000     0x101b Core/Src/adc.o
 .debug_info    0x000000000000101b      0xc36 Core/Src/crc.o
 .debug_info    0x0000000000001c51     0x100f Core/Src/dac.o
 .debug_info    0x0000000000002c60      0xad9 Core/Src/dma.o
 .debug_info    0x0000000000003739      0xc84 Core/Src/gpio.o
 .debug_info    0x00000000000043bd      0xa17 Core/Src/iwdg.o
 .debug_info    0x0000000000004dd4     0x19d6 Core/Src/main.o
 .debug_info    0x00000000000067aa      0xa1b Core/Src/stm32f0xx_hal_msp.o
 .debug_info    0x00000000000071c5     0x1278 Core/Src/stm32f0xx_it.o
 .debug_info    0x000000000000843d      0xa60 Core/Src/system_stm32f0xx.o
 .debug_info    0x0000000000008e9d     0x1343 Core/Src/tim.o
 .debug_info    0x000000000000a1e0     0x10e2 Core/Src/usart.o
 .debug_info    0x000000000000b2c2     0x11f7 Core/Src/digiTOS/digiTOS-50Hz.o
 .debug_info    0x000000000000c4b9     0x14f2 Core/Src/digiTOS/digiTOS-Core.o
 .debug_info    0x000000000000d9ab     0x11fe Core/Src/digiTOS/digiTOS-DAC_Sinus.o
 .debug_info    0x000000000000eba9      0xb76 Core/Src/digiTOS/digiTOS-IWDG.o
 .debug_info    0x000000000000f71f      0xddb Drivers/STM32F0xx_HAL_Driver/Src/stm32f0xx_hal.o
 .debug_info    0x00000000000104fa     0x144e Drivers/STM32F0xx_HAL_Driver/Src/stm32f0xx_hal_adc.o
 .debug_info    0x0000000000011948      0xf27 Drivers/STM32F0xx_HAL_Driver/Src/stm32f0xx_hal_cortex.o
 .debug_info    0x000000000001286f      0xd33 Drivers/STM32F0xx_HAL_Driver/Src/stm32f0xx_hal_crc.o
 .debug_info    0x00000000000135a2      0xb7d Drivers/STM32F0xx_HAL_Driver/Src/stm32f0xx_hal_crc_ex.o
 .debug_info    0x000000000001411f     0x1061 Drivers/STM32F0xx_HAL_Driver/Src/stm32f0xx_hal_dac.o
 .debug_info    0x0000000000015180      0xf66 Drivers/STM32F0xx_HAL_Driver/Src/stm32f0xx_hal_dac_ex.o
 .debug_info    0x00000000000160e6      0xf5d Drivers/STM32F0xx_HAL_Driver/Src/stm32f0xx_hal_dma.o
 .debug_info    0x0000000000017043      0xe52 Drivers/STM32F0xx_HAL_Driver/Src/stm32f0xx_hal_gpio.o
 .debug_info    0x0000000000017e95      0xa73 Drivers/STM32F0xx_HAL_Driver/Src/stm32f0xx_hal_iwdg.o
 .debug_info    0x0000000000018908      0xf9b Drivers/STM32F0xx_HAL_Driver/Src/stm32f0xx_hal_rcc.o
 .debug_info    0x00000000000198a3     0x2a8f Drivers/STM32F0xx_HAL_Driver/Src/stm32f0xx_hal_tim.o
 .debug_info    0x000000000001c332     0x183b Drivers/STM32F0xx_HAL_Driver/Src/stm32f0xx_hal_tim_ex.o
 .debug_info    0x000000000001db6d     0x1b51 Drivers/STM32F0xx_HAL_Driver/Src/stm32f0xx_hal_uart.o
 .debug_info    0x000000000001f6be       0x22 Startup/startup_stm32f051r8hx.o

.debug_abbrev   0x0000000000000000     0x400d
 .debug_abbrev  0x0000000000000000      0x20c Core/Src/adc.o
 .debug_abbrev  0x000000000000020c      0x1f0 Core/Src/crc.o
 .debug_abbrev  0x00000000000003fc      0x204 Core/Src/dac.o
 .debug_abbrev  0x0000000000000600      0x1c3 Core/Src/dma.o
 .debug_abbrev  0x00000000000007c3      0x1ce Core/Src/gpio.o
 .debug_abbrev  0x0000000000000991      0x1af Core/Src/iwdg.o
 .debug_abbrev  0x0000000000000b40      0x228 Core/Src/main.o
 .debug_abbrev  0x0000000000000d68      0x1ab Core/Src/stm32f0xx_hal_msp.o
 .debug_abbrev  0x0000000000000f13      0x1d4 Core/Src/stm32f0xx_it.o
 .debug_abbrev  0x00000000000010e7      0x1cd Core/Src/system_stm32f0xx.o
 .debug_abbrev  0x00000000000012b4      0x22b Core/Src/tim.o
 .debug_abbrev  0x00000000000014df      0x20c Core/Src/usart.o
 .debug_abbrev  0x00000000000016eb      0x1fb Core/Src/digiTOS/digiTOS-50Hz.o
 .debug_abbrev  0x00000000000018e6      0x245 Core/Src/digiTOS/digiTOS-Core.o
 .debug_abbrev  0x0000000000001b2b      0x1df Core/Src/digiTOS/digiTOS-DAC_Sinus.o
 .debug_abbrev  0x0000000000001d0a      0x1da Core/Src/digiTOS/digiTOS-IWDG.o
 .debug_abbrev  0x0000000000001ee4      0x26b Drivers/STM32F0xx_HAL_Driver/Src/stm32f0xx_hal.o
 .debug_abbrev  0x000000000000214f      0x25c Drivers/STM32F0xx_HAL_Driver/Src/stm32f0xx_hal_adc.o
 .debug_abbrev  0x00000000000023ab      0x2fa Drivers/STM32F0xx_HAL_Driver/Src/stm32f0xx_hal_cortex.o
 .debug_abbrev  0x00000000000026a5      0x25b Drivers/STM32F0xx_HAL_Driver/Src/stm32f0xx_hal_crc.o
 .debug_abbrev  0x0000000000002900      0x1c2 Drivers/STM32F0xx_HAL_Driver/Src/stm32f0xx_hal_crc_ex.o
 .debug_abbrev  0x0000000000002ac2      0x216 Drivers/STM32F0xx_HAL_Driver/Src/stm32f0xx_hal_dac.o
 .debug_abbrev  0x0000000000002cd8      0x24e Drivers/STM32F0xx_HAL_Driver/Src/stm32f0xx_hal_dac_ex.o
 .debug_abbrev  0x0000000000002f26      0x27a Drivers/STM32F0xx_HAL_Driver/Src/stm32f0xx_hal_dma.o
 .debug_abbrev  0x00000000000031a0      0x251 Drivers/STM32F0xx_HAL_Driver/Src/stm32f0xx_hal_gpio.o
 .debug_abbrev  0x00000000000033f1      0x1e7 Drivers/STM32F0xx_HAL_Driver/Src/stm32f0xx_hal_iwdg.o
 .debug_abbrev  0x00000000000035d8      0x26c Drivers/STM32F0xx_HAL_Driver/Src/stm32f0xx_hal_rcc.o
 .debug_abbrev  0x0000000000003844      0x2b2 Drivers/STM32F0xx_HAL_Driver/Src/stm32f0xx_hal_tim.o
 .debug_abbrev  0x0000000000003af6      0x28f Drivers/STM32F0xx_HAL_Driver/Src/stm32f0xx_hal_tim_ex.o
 .debug_abbrev  0x0000000000003d85      0x276 Drivers/STM32F0xx_HAL_Driver/Src/stm32f0xx_hal_uart.o
 .debug_abbrev  0x0000000000003ffb       0x12 Startup/startup_stm32f051r8hx.o

.debug_aranges  0x0000000000000000      0xfb8
 .debug_aranges
                0x0000000000000000       0x30 Core/Src/adc.o
 .debug_aranges
                0x0000000000000030       0x30 Core/Src/crc.o
 .debug_aranges
                0x0000000000000060       0x30 Core/Src/dac.o
 .debug_aranges
                0x0000000000000090       0x20 Core/Src/dma.o
 .debug_aranges
                0x00000000000000b0       0x20 Core/Src/gpio.o
 .debug_aranges
                0x00000000000000d0       0x20 Core/Src/iwdg.o
 .debug_aranges
                0x00000000000000f0       0x40 Core/Src/main.o
 .debug_aranges
                0x0000000000000130       0x20 Core/Src/stm32f0xx_hal_msp.o
 .debug_aranges
                0x0000000000000150       0x78 Core/Src/stm32f0xx_it.o
 .debug_aranges
                0x00000000000001c8       0x28 Core/Src/system_stm32f0xx.o
 .debug_aranges
                0x00000000000001f0       0x40 Core/Src/tim.o
 .debug_aranges
                0x0000000000000230       0x30 Core/Src/usart.o
 .debug_aranges
                0x0000000000000260       0x40 Core/Src/digiTOS/digiTOS-50Hz.o
 .debug_aranges
                0x00000000000002a0       0x58 Core/Src/digiTOS/digiTOS-Core.o
 .debug_aranges
                0x00000000000002f8       0x40 Core/Src/digiTOS/digiTOS-DAC_Sinus.o
 .debug_aranges
                0x0000000000000338       0x28 Core/Src/digiTOS/digiTOS-IWDG.o
 .debug_aranges
                0x0000000000000360       0xb8 Drivers/STM32F0xx_HAL_Driver/Src/stm32f0xx_hal.o
 .debug_aranges
                0x0000000000000418       0xf8 Drivers/STM32F0xx_HAL_Driver/Src/stm32f0xx_hal_adc.o
 .debug_aranges
                0x0000000000000510       0xc0 Drivers/STM32F0xx_HAL_Driver/Src/stm32f0xx_hal_cortex.o
 .debug_aranges
                0x00000000000005d0       0x60 Drivers/STM32F0xx_HAL_Driver/Src/stm32f0xx_hal_crc.o
 .debug_aranges
                0x0000000000000630       0x30 Drivers/STM32F0xx_HAL_Driver/Src/stm32f0xx_hal_crc_ex.o
 .debug_aranges
                0x0000000000000660       0xa8 Drivers/STM32F0xx_HAL_Driver/Src/stm32f0xx_hal_dac.o
 .debug_aranges
                0x0000000000000708       0x68 Drivers/STM32F0xx_HAL_Driver/Src/stm32f0xx_hal_dac_ex.o
 .debug_aranges
                0x0000000000000770       0x88 Drivers/STM32F0xx_HAL_Driver/Src/stm32f0xx_hal_dma.o
 .debug_aranges
                0x00000000000007f8       0x58 Drivers/STM32F0xx_HAL_Driver/Src/stm32f0xx_hal_gpio.o
 .debug_aranges
                0x0000000000000850       0x28 Drivers/STM32F0xx_HAL_Driver/Src/stm32f0xx_hal_iwdg.o
 .debug_aranges
                0x0000000000000878       0x80 Drivers/STM32F0xx_HAL_Driver/Src/stm32f0xx_hal_rcc.o
 .debug_aranges
                0x00000000000008f8      0x378 Drivers/STM32F0xx_HAL_Driver/Src/stm32f0xx_hal_tim.o
 .debug_aranges
                0x0000000000000c70      0x148 Drivers/STM32F0xx_HAL_Driver/Src/stm32f0xx_hal_tim_ex.o
 .debug_aranges
                0x0000000000000db8      0x1d8 Drivers/STM32F0xx_HAL_Driver/Src/stm32f0xx_hal_uart.o
 .debug_aranges
                0x0000000000000f90       0x28 Startup/startup_stm32f051r8hx.o

.debug_ranges   0x0000000000000000      0xdd0
 .debug_ranges  0x0000000000000000       0x20 Core/Src/adc.o
 .debug_ranges  0x0000000000000020       0x20 Core/Src/crc.o
 .debug_ranges  0x0000000000000040       0x20 Core/Src/dac.o
 .debug_ranges  0x0000000000000060       0x10 Core/Src/dma.o
 .debug_ranges  0x0000000000000070       0x10 Core/Src/gpio.o
 .debug_ranges  0x0000000000000080       0x10 Core/Src/iwdg.o
 .debug_ranges  0x0000000000000090       0x30 Core/Src/main.o
 .debug_ranges  0x00000000000000c0       0x10 Core/Src/stm32f0xx_hal_msp.o
 .debug_ranges  0x00000000000000d0       0x68 Core/Src/stm32f0xx_it.o
 .debug_ranges  0x0000000000000138       0x18 Core/Src/system_stm32f0xx.o
 .debug_ranges  0x0000000000000150       0x30 Core/Src/tim.o
 .debug_ranges  0x0000000000000180       0x20 Core/Src/usart.o
 .debug_ranges  0x00000000000001a0       0x30 Core/Src/digiTOS/digiTOS-50Hz.o
 .debug_ranges  0x00000000000001d0       0x48 Core/Src/digiTOS/digiTOS-Core.o
 .debug_ranges  0x0000000000000218       0x30 Core/Src/digiTOS/digiTOS-DAC_Sinus.o
 .debug_ranges  0x0000000000000248       0x18 Core/Src/digiTOS/digiTOS-IWDG.o
 .debug_ranges  0x0000000000000260       0xa8 Drivers/STM32F0xx_HAL_Driver/Src/stm32f0xx_hal.o
 .debug_ranges  0x0000000000000308       0xe8 Drivers/STM32F0xx_HAL_Driver/Src/stm32f0xx_hal_adc.o
 .debug_ranges  0x00000000000003f0       0xb0 Drivers/STM32F0xx_HAL_Driver/Src/stm32f0xx_hal_cortex.o
 .debug_ranges  0x00000000000004a0       0x50 Drivers/STM32F0xx_HAL_Driver/Src/stm32f0xx_hal_crc.o
 .debug_ranges  0x00000000000004f0       0x20 Drivers/STM32F0xx_HAL_Driver/Src/stm32f0xx_hal_crc_ex.o
 .debug_ranges  0x0000000000000510       0x98 Drivers/STM32F0xx_HAL_Driver/Src/stm32f0xx_hal_dac.o
 .debug_ranges  0x00000000000005a8       0x58 Drivers/STM32F0xx_HAL_Driver/Src/stm32f0xx_hal_dac_ex.o
 .debug_ranges  0x0000000000000600       0x78 Drivers/STM32F0xx_HAL_Driver/Src/stm32f0xx_hal_dma.o
 .debug_ranges  0x0000000000000678       0x48 Drivers/STM32F0xx_HAL_Driver/Src/stm32f0xx_hal_gpio.o
 .debug_ranges  0x00000000000006c0       0x18 Drivers/STM32F0xx_HAL_Driver/Src/stm32f0xx_hal_iwdg.o
 .debug_ranges  0x00000000000006d8       0x70 Drivers/STM32F0xx_HAL_Driver/Src/stm32f0xx_hal_rcc.o
 .debug_ranges  0x0000000000000748      0x368 Drivers/STM32F0xx_HAL_Driver/Src/stm32f0xx_hal_tim.o
 .debug_ranges  0x0000000000000ab0      0x138 Drivers/STM32F0xx_HAL_Driver/Src/stm32f0xx_hal_tim_ex.o
 .debug_ranges  0x0000000000000be8      0x1c8 Drivers/STM32F0xx_HAL_Driver/Src/stm32f0xx_hal_uart.o
 .debug_ranges  0x0000000000000db0       0x20 Startup/startup_stm32f051r8hx.o

.debug_macro    0x0000000000000000    0x142ed
 .debug_macro   0x0000000000000000      0x36b Core/Src/adc.o
 .debug_macro   0x000000000000036b      0xa48 Core/Src/adc.o
 .debug_macro   0x0000000000000db3       0xd0 Core/Src/adc.o
 .debug_macro   0x0000000000000e83       0x2e Core/Src/adc.o
 .debug_macro   0x0000000000000eb1       0x22 Core/Src/adc.o
 .debug_macro   0x0000000000000ed3       0x22 Core/Src/adc.o
 .debug_macro   0x0000000000000ef5       0x8e Core/Src/adc.o
 .debug_macro   0x0000000000000f83       0x51 Core/Src/adc.o
 .debug_macro   0x0000000000000fd4       0xef Core/Src/adc.o
 .debug_macro   0x00000000000010c3       0x6a Core/Src/adc.o
 .debug_macro   0x000000000000112d      0x1df Core/Src/adc.o
 .debug_macro   0x000000000000130c       0x34 Core/Src/adc.o
 .debug_macro   0x0000000000001340       0x26 Core/Src/adc.o
 .debug_macro   0x0000000000001366      0x30d Core/Src/adc.o
 .debug_macro   0x0000000000001673     0x8d15 Core/Src/adc.o
 .debug_macro   0x000000000000a388       0x3c Core/Src/adc.o
 .debug_macro   0x000000000000a3c4       0x46 Core/Src/adc.o
 .debug_macro   0x000000000000a40a       0x18 Core/Src/adc.o
 .debug_macro   0x000000000000a422       0x3c Core/Src/adc.o
 .debug_macro   0x000000000000a45e       0x34 Core/Src/adc.o
 .debug_macro   0x000000000000a492       0x16 Core/Src/adc.o
 .debug_macro   0x000000000000a4a8       0x97 Core/Src/adc.o
 .debug_macro   0x000000000000a53f      0x330 Core/Src/adc.o
 .debug_macro   0x000000000000a86f       0xfd Core/Src/adc.o
 .debug_macro   0x000000000000a96c       0x10 Core/Src/adc.o
 .debug_macro   0x000000000000a97c       0x52 Core/Src/adc.o
 .debug_macro   0x000000000000a9ce       0x1f Core/Src/adc.o
 .debug_macro   0x000000000000a9ed       0x43 Core/Src/adc.o
 .debug_macro   0x000000000000aa30       0x20 Core/Src/adc.o
 .debug_macro   0x000000000000aa50      0x1a3 Core/Src/adc.o
 .debug_macro   0x000000000000abf3       0x10 Core/Src/adc.o
 .debug_macro   0x000000000000ac03       0x1c Core/Src/adc.o
 .debug_macro   0x000000000000ac1f       0x52 Core/Src/adc.o
 .debug_macro   0x000000000000ac71       0x40 Core/Src/adc.o
 .debug_macro   0x000000000000acb1       0x10 Core/Src/adc.o
 .debug_macro   0x000000000000acc1       0x40 Core/Src/adc.o
 .debug_macro   0x000000000000ad01       0xd7 Core/Src/adc.o
 .debug_macro   0x000000000000add8       0x1c Core/Src/adc.o
 .debug_macro   0x000000000000adf4       0x3d Core/Src/adc.o
 .debug_macro   0x000000000000ae31       0x16 Core/Src/adc.o
 .debug_macro   0x000000000000ae47      0x145 Core/Src/adc.o
 .debug_macro   0x000000000000af8c       0x50 Core/Src/adc.o
 .debug_macro   0x000000000000afdc      0x92f Core/Src/adc.o
 .debug_macro   0x000000000000b90b      0x252 Core/Src/adc.o
 .debug_macro   0x000000000000bb5d      0x13a Core/Src/adc.o
 .debug_macro   0x000000000000bc97      0x114 Core/Src/adc.o
 .debug_macro   0x000000000000bdab      0x1ed Core/Src/adc.o
 .debug_macro   0x000000000000bf98       0x34 Core/Src/adc.o
 .debug_macro   0x000000000000bfcc       0x43 Core/Src/adc.o
 .debug_macro   0x000000000000c00f       0x28 Core/Src/adc.o
 .debug_macro   0x000000000000c037      0x33d Core/Src/adc.o
 .debug_macro   0x000000000000c374       0xd4 Core/Src/adc.o
 .debug_macro   0x000000000000c448       0x81 Core/Src/adc.o
 .debug_macro   0x000000000000c4c9       0x5a Core/Src/adc.o
 .debug_macro   0x000000000000c523       0x12 Core/Src/adc.o
 .debug_macro   0x000000000000c535       0xca Core/Src/adc.o
 .debug_macro   0x000000000000c5ff       0xd9 Core/Src/adc.o
 .debug_macro   0x000000000000c6d8       0xb6 Core/Src/adc.o
 .debug_macro   0x000000000000c78e      0x199 Core/Src/adc.o
 .debug_macro   0x000000000000c927      0x202 Core/Src/adc.o
 .debug_macro   0x000000000000cb29       0x61 Core/Src/adc.o
 .debug_macro   0x000000000000cb8a       0x90 Core/Src/adc.o
 .debug_macro   0x000000000000cc1a       0x87 Core/Src/adc.o
 .debug_macro   0x000000000000cca1       0x4d Core/Src/adc.o
 .debug_macro   0x000000000000ccee      0x114 Core/Src/adc.o
 .debug_macro   0x000000000000ce02      0x845 Core/Src/adc.o
 .debug_macro   0x000000000000d647       0x4c Core/Src/adc.o
 .debug_macro   0x000000000000d693      0x38a Core/Src/adc.o
 .debug_macro   0x000000000000da1d      0x1f7 Core/Src/adc.o
 .debug_macro   0x000000000000dc14      0x10d Core/Src/adc.o
 .debug_macro   0x000000000000dd21       0xee Core/Src/adc.o
 .debug_macro   0x000000000000de0f      0x36b Core/Src/crc.o
 .debug_macro   0x000000000000e17a      0x36b Core/Src/dac.o
 .debug_macro   0x000000000000e4e5      0x36b Core/Src/dma.o
 .debug_macro   0x000000000000e850      0x36b Core/Src/gpio.o
 .debug_macro   0x000000000000ebbb      0x36b Core/Src/iwdg.o
 .debug_macro   0x000000000000ef26      0x3ed Core/Src/main.o
 .debug_macro   0x000000000000f313       0x10 Core/Src/main.o
 .debug_macro   0x000000000000f323       0x10 Core/Src/main.o
 .debug_macro   0x000000000000f333      0x361 Core/Src/stm32f0xx_hal_msp.o
 .debug_macro   0x000000000000f694      0x3be Core/Src/stm32f0xx_it.o
 .debug_macro   0x000000000000fa52      0x352 Core/Src/system_stm32f0xx.o
 .debug_macro   0x000000000000fda4      0x36b Core/Src/tim.o
 .debug_macro   0x000000000001010f      0x36b Core/Src/usart.o
 .debug_macro   0x000000000001047a      0x3a6 Core/Src/digiTOS/digiTOS-50Hz.o
 .debug_macro   0x0000000000010820       0xf4 Core/Src/digiTOS/digiTOS-50Hz.o
 .debug_macro   0x0000000000010914      0x3a6 Core/Src/digiTOS/digiTOS-Core.o
 .debug_macro   0x0000000000010cba      0x3a6 Core/Src/digiTOS/digiTOS-DAC_Sinus.o
 .debug_macro   0x0000000000011060      0x36f Core/Src/digiTOS/digiTOS-IWDG.o
 .debug_macro   0x00000000000113cf      0x376 Drivers/STM32F0xx_HAL_Driver/Src/stm32f0xx_hal.o
 .debug_macro   0x0000000000011745      0x376 Drivers/STM32F0xx_HAL_Driver/Src/stm32f0xx_hal_adc.o
 .debug_macro   0x0000000000011abb      0x352 Drivers/STM32F0xx_HAL_Driver/Src/stm32f0xx_hal_cortex.o
 .debug_macro   0x0000000000011e0d      0x352 Drivers/STM32F0xx_HAL_Driver/Src/stm32f0xx_hal_crc.o
 .debug_macro   0x000000000001215f      0x352 Drivers/STM32F0xx_HAL_Driver/Src/stm32f0xx_hal_crc_ex.o
 .debug_macro   0x00000000000124b1      0x353 Drivers/STM32F0xx_HAL_Driver/Src/stm32f0xx_hal_dac.o
 .debug_macro   0x0000000000012804      0x352 Drivers/STM32F0xx_HAL_Driver/Src/stm32f0xx_hal_dac_ex.o
 .debug_macro   0x0000000000012b56      0x352 Drivers/STM32F0xx_HAL_Driver/Src/stm32f0xx_hal_dma.o
 .debug_macro   0x0000000000012ea8      0x38a Drivers/STM32F0xx_HAL_Driver/Src/stm32f0xx_hal_gpio.o
 .debug_macro   0x0000000000013232      0x359 Drivers/STM32F0xx_HAL_Driver/Src/stm32f0xx_hal_iwdg.o
 .debug_macro   0x000000000001358b      0x364 Drivers/STM32F0xx_HAL_Driver/Src/stm32f0xx_hal_rcc.o
 .debug_macro   0x00000000000138ef      0x352 Drivers/STM32F0xx_HAL_Driver/Src/stm32f0xx_hal_tim.o
 .debug_macro   0x0000000000013c41      0x352 Drivers/STM32F0xx_HAL_Driver/Src/stm32f0xx_hal_tim_ex.o
 .debug_macro   0x0000000000013f93      0x35a Drivers/STM32F0xx_HAL_Driver/Src/stm32f0xx_hal_uart.o

.debug_line     0x0000000000000000    0x16f18
 .debug_line    0x0000000000000000      0x928 Core/Src/adc.o
 .debug_line    0x0000000000000928      0x8f7 Core/Src/crc.o
 .debug_line    0x000000000000121f      0x902 Core/Src/dac.o
 .debug_line    0x0000000000001b21      0x8d0 Core/Src/dma.o
 .debug_line    0x00000000000023f1      0x8f3 Core/Src/gpio.o
 .debug_line    0x0000000000002ce4      0x8d3 Core/Src/iwdg.o
 .debug_line    0x00000000000035b7      0x9e8 Core/Src/main.o
 .debug_line    0x0000000000003f9f      0x8d3 Core/Src/stm32f0xx_hal_msp.o
 .debug_line    0x0000000000004872      0xa15 Core/Src/stm32f0xx_it.o
 .debug_line    0x0000000000005287      0x8fa Core/Src/system_stm32f0xx.o
 .debug_line    0x0000000000005b81      0x974 Core/Src/tim.o
 .debug_line    0x00000000000064f5      0x921 Core/Src/usart.o
 .debug_line    0x0000000000006e16      0x980 Core/Src/digiTOS/digiTOS-50Hz.o
 .debug_line    0x0000000000007796      0xa06 Core/Src/digiTOS/digiTOS-Core.o
 .debug_line    0x000000000000819c      0x98b Core/Src/digiTOS/digiTOS-DAC_Sinus.o
 .debug_line    0x0000000000008b27      0x925 Core/Src/digiTOS/digiTOS-IWDG.o
 .debug_line    0x000000000000944c      0xa47 Drivers/STM32F0xx_HAL_Driver/Src/stm32f0xx_hal.o
 .debug_line    0x0000000000009e93     0x1154 Drivers/STM32F0xx_HAL_Driver/Src/stm32f0xx_hal_adc.o
 .debug_line    0x000000000000afe7      0xad6 Drivers/STM32F0xx_HAL_Driver/Src/stm32f0xx_hal_cortex.o
 .debug_line    0x000000000000babd      0xa89 Drivers/STM32F0xx_HAL_Driver/Src/stm32f0xx_hal_crc.o
 .debug_line    0x000000000000c546      0x933 Drivers/STM32F0xx_HAL_Driver/Src/stm32f0xx_hal_crc_ex.o
 .debug_line    0x000000000000ce79      0xa77 Drivers/STM32F0xx_HAL_Driver/Src/stm32f0xx_hal_dac.o
 .debug_line    0x000000000000d8f0      0xae2 Drivers/STM32F0xx_HAL_Driver/Src/stm32f0xx_hal_dac_ex.o
 .debug_line    0x000000000000e3d2      0xba6 Drivers/STM32F0xx_HAL_Driver/Src/stm32f0xx_hal_dma.o
 .debug_line    0x000000000000ef78      0xb6d Drivers/STM32F0xx_HAL_Driver/Src/stm32f0xx_hal_gpio.o
 .debug_line    0x000000000000fae5      0x941 Drivers/STM32F0xx_HAL_Driver/Src/stm32f0xx_hal_iwdg.o
 .debug_line    0x0000000000010426      0xd45 Drivers/STM32F0xx_HAL_Driver/Src/stm32f0xx_hal_rcc.o
 .debug_line    0x000000000001116b     0x3499 Drivers/STM32F0xx_HAL_Driver/Src/stm32f0xx_hal_tim.o
 .debug_line    0x0000000000014604     0x150f Drivers/STM32F0xx_HAL_Driver/Src/stm32f0xx_hal_tim_ex.o
 .debug_line    0x0000000000015b13     0x1380 Drivers/STM32F0xx_HAL_Driver/Src/stm32f0xx_hal_uart.o
 .debug_line    0x0000000000016e93       0x85 Startup/startup_stm32f051r8hx.o

.debug_str      0x0000000000000000    0x5b5a8
 .debug_str     0x0000000000000000    0x5785a Core/Src/adc.o
                                      0x57b3a (size before relaxing)
 .debug_str     0x000000000005785a      0x19b Core/Src/crc.o
                                      0x578fa (size before relaxing)
 .debug_str     0x00000000000579f5      0x29c Core/Src/dac.o
                                      0x57c6b (size before relaxing)
 .debug_str     0x0000000000057c91       0x27 Core/Src/dma.o
                                      0x5789b (size before relaxing)
 .debug_str     0x0000000000057cb8       0x46 Core/Src/gpio.o
                                      0x5793b (size before relaxing)
 .debug_str     0x0000000000057cfe       0x74 Core/Src/iwdg.o
                                      0x57719 (size before relaxing)
 .debug_str     0x0000000000057d72      0x853 Core/Src/main.o
                                      0x5854c (size before relaxing)
 .debug_str     0x00000000000585c5       0x2c Core/Src/stm32f0xx_hal_msp.o
                                      0x576ed (size before relaxing)
 .debug_str     0x00000000000585f1       0xe9 Core/Src/stm32f0xx_it.o
                                      0x57ed4 (size before relaxing)
 .debug_str     0x00000000000586da       0x5f Core/Src/system_stm32f0xx.o
                                      0x573a1 (size before relaxing)
 .debug_str     0x0000000000058739      0x20c Core/Src/tim.o
                                      0x57f0d (size before relaxing)
 .debug_str     0x0000000000058945       0x57 Core/Src/usart.o
                                      0x57c42 (size before relaxing)
 .debug_str     0x000000000005899c       0x57 Core/Src/digiTOS/digiTOS-50Hz.o
                                      0x57dfd (size before relaxing)
 .debug_str     0x00000000000589f3       0xb7 Core/Src/digiTOS/digiTOS-Core.o
                                      0x57efa (size before relaxing)
 .debug_str     0x0000000000058aaa       0x6e Core/Src/digiTOS/digiTOS-DAC_Sinus.o
                                      0x57e08 (size before relaxing)
 .debug_str     0x0000000000058b18       0x5d Core/Src/digiTOS/digiTOS-IWDG.o
                                      0x5791c (size before relaxing)
 .debug_str     0x0000000000058b75      0x33e Drivers/STM32F0xx_HAL_Driver/Src/stm32f0xx_hal.o
                                      0x57899 (size before relaxing)
 .debug_str     0x0000000000058eb3      0x366 Drivers/STM32F0xx_HAL_Driver/Src/stm32f0xx_hal_adc.o
                                      0x57a7d (size before relaxing)
 .debug_str     0x0000000000059219      0x1ee Drivers/STM32F0xx_HAL_Driver/Src/stm32f0xx_hal_cortex.o
                                      0x57783 (size before relaxing)
 .debug_str     0x0000000000059407       0xba Drivers/STM32F0xx_HAL_Driver/Src/stm32f0xx_hal_crc.o
                                      0x575ce (size before relaxing)
 .debug_str     0x00000000000594c1       0x6d Drivers/STM32F0xx_HAL_Driver/Src/stm32f0xx_hal_crc_ex.o
                                      0x5758f (size before relaxing)
 .debug_str     0x000000000005952e      0x178 Drivers/STM32F0xx_HAL_Driver/Src/stm32f0xx_hal_dac.o
                                      0x577e7 (size before relaxing)
 .debug_str     0x00000000000596a6       0xb3 Drivers/STM32F0xx_HAL_Driver/Src/stm32f0xx_hal_dac_ex.o
                                      0x57770 (size before relaxing)
 .debug_str     0x0000000000059759      0x252 Drivers/STM32F0xx_HAL_Driver/Src/stm32f0xx_hal_dma.o
                                      0x57779 (size before relaxing)
 .debug_str     0x00000000000599ab      0x1e8 Drivers/STM32F0xx_HAL_Driver/Src/stm32f0xx_hal_gpio.o
                                      0x57643 (size before relaxing)
 .debug_str     0x0000000000059b93       0x75 Drivers/STM32F0xx_HAL_Driver/Src/stm32f0xx_hal_iwdg.o
                                      0x5740e (size before relaxing)
 .debug_str     0x0000000000059c08      0x232 Drivers/STM32F0xx_HAL_Driver/Src/stm32f0xx_hal_rcc.o
                                      0x57780 (size before relaxing)
 .debug_str     0x0000000000059e3a      0xc72 Drivers/STM32F0xx_HAL_Driver/Src/stm32f0xx_hal_tim.o
                                      0x5849c (size before relaxing)
 .debug_str     0x000000000005aaac      0x471 Drivers/STM32F0xx_HAL_Driver/Src/stm32f0xx_hal_tim_ex.o
                                      0x57db1 (size before relaxing)
 .debug_str     0x000000000005af1d      0x65a Drivers/STM32F0xx_HAL_Driver/Src/stm32f0xx_hal_uart.o
                                      0x57ed4 (size before relaxing)
 .debug_str     0x000000000005b577       0x31 Startup/startup_stm32f051r8hx.o
                                         0x5d (size before relaxing)

.comment        0x0000000000000000       0x7b
 .comment       0x0000000000000000       0x7b Core/Src/adc.o
                                         0x7c (size before relaxing)
 .comment       0x000000000000007b       0x7c Core/Src/crc.o
 .comment       0x000000000000007b       0x7c Core/Src/dac.o
 .comment       0x000000000000007b       0x7c Core/Src/dma.o
 .comment       0x000000000000007b       0x7c Core/Src/gpio.o
 .comment       0x000000000000007b       0x7c Core/Src/iwdg.o
 .comment       0x000000000000007b       0x7c Core/Src/main.o
 .comment       0x000000000000007b       0x7c Core/Src/stm32f0xx_hal_msp.o
 .comment       0x000000000000007b       0x7c Core/Src/stm32f0xx_it.o
 .comment       0x000000000000007b       0x7c Core/Src/system_stm32f0xx.o
 .comment       0x000000000000007b       0x7c Core/Src/tim.o
 .comment       0x000000000000007b       0x7c Core/Src/usart.o
 .comment       0x000000000000007b       0x7c Core/Src/digiTOS/digiTOS-50Hz.o
 .comment       0x000000000000007b       0x7c Core/Src/digiTOS/digiTOS-Core.o
 .comment       0x000000000000007b       0x7c Core/Src/digiTOS/digiTOS-DAC_Sinus.o
 .comment       0x000000000000007b       0x7c Core/Src/digiTOS/digiTOS-IWDG.o
 .comment       0x000000000000007b       0x7c Drivers/STM32F0xx_HAL_Driver/Src/stm32f0xx_hal.o
 .comment       0x000000000000007b       0x7c Drivers/STM32F0xx_HAL_Driver/Src/stm32f0xx_hal_adc.o
 .comment       0x000000000000007b       0x7c Drivers/STM32F0xx_HAL_Driver/Src/stm32f0xx_hal_cortex.o
 .comment       0x000000000000007b       0x7c Drivers/STM32F0xx_HAL_Driver/Src/stm32f0xx_hal_crc.o
 .comment       0x000000000000007b       0x7c Drivers/STM32F0xx_HAL_Driver/Src/stm32f0xx_hal_crc_ex.o
 .comment       0x000000000000007b       0x7c Drivers/STM32F0xx_HAL_Driver/Src/stm32f0xx_hal_dac.o
 .comment       0x000000000000007b       0x7c Drivers/STM32F0xx_HAL_Driver/Src/stm32f0xx_hal_dac_ex.o
 .comment       0x000000000000007b       0x7c Drivers/STM32F0xx_HAL_Driver/Src/stm32f0xx_hal_dma.o
 .comment       0x000000000000007b       0x7c Drivers/STM32F0xx_HAL_Driver/Src/stm32f0xx_hal_gpio.o
 .comment       0x000000000000007b       0x7c Drivers/STM32F0xx_HAL_Driver/Src/stm32f0xx_hal_iwdg.o
 .comment       0x000000000000007b       0x7c Drivers/STM32F0xx_HAL_Driver/Src/stm32f0xx_hal_rcc.o
 .comment       0x000000000000007b       0x7c Drivers/STM32F0xx_HAL_Driver/Src/stm32f0xx_hal_tim.o
 .comment       0x000000000000007b       0x7c Drivers/STM32F0xx_HAL_Driver/Src/stm32f0xx_hal_tim_ex.o
 .comment       0x000000000000007b       0x7c Drivers/STM32F0xx_HAL_Driver/Src/stm32f0xx_hal_uart.o

.debug_frame    0x0000000000000000     0x346c
 .debug_frame   0x0000000000000000       0x70 Core/Src/adc.o
 .debug_frame   0x0000000000000070       0x6c Core/Src/crc.o
 .debug_frame   0x00000000000000dc       0x70 Core/Src/dac.o
 .debug_frame   0x000000000000014c       0x30 Core/Src/dma.o
 .debug_frame   0x000000000000017c       0x30 Core/Src/gpio.o
 .debug_frame   0x00000000000001ac       0x2c Core/Src/iwdg.o
 .debug_frame   0x00000000000001d8       0xa8 Core/Src/main.o
 .debug_frame   0x0000000000000280       0x30 Core/Src/stm32f0xx_hal_msp.o
 .debug_frame   0x00000000000002b0      0x160 Core/Src/stm32f0xx_it.o
 .debug_frame   0x0000000000000410       0x4c Core/Src/system_stm32f0xx.o
 .debug_frame   0x000000000000045c       0xb0 Core/Src/tim.o
 .debug_frame   0x000000000000050c       0x6c Core/Src/usart.o
 .debug_frame   0x0000000000000578       0xa0 Core/Src/digiTOS/digiTOS-50Hz.o
 .debug_frame   0x0000000000000618      0x100 Core/Src/digiTOS/digiTOS-Core.o
 .debug_frame   0x0000000000000718       0x9c Core/Src/digiTOS/digiTOS-DAC_Sinus.o
 .debug_frame   0x00000000000007b4       0x4c Core/Src/digiTOS/digiTOS-IWDG.o
 .debug_frame   0x0000000000000800      0x248 Drivers/STM32F0xx_HAL_Driver/Src/stm32f0xx_hal.o
 .debug_frame   0x0000000000000a48      0x3a0 Drivers/STM32F0xx_HAL_Driver/Src/stm32f0xx_hal_adc.o
 .debug_frame   0x0000000000000de8      0x2a0 Drivers/STM32F0xx_HAL_Driver/Src/stm32f0xx_hal_cortex.o
 .debug_frame   0x0000000000001088      0x130 Drivers/STM32F0xx_HAL_Driver/Src/stm32f0xx_hal_crc.o
 .debug_frame   0x00000000000011b8       0x70 Drivers/STM32F0xx_HAL_Driver/Src/stm32f0xx_hal_crc_ex.o
 .debug_frame   0x0000000000001228      0x250 Drivers/STM32F0xx_HAL_Driver/Src/stm32f0xx_hal_dac.o
 .debug_frame   0x0000000000001478      0x150 Drivers/STM32F0xx_HAL_Driver/Src/stm32f0xx_hal_dac_ex.o
 .debug_frame   0x00000000000015c8      0x1d0 Drivers/STM32F0xx_HAL_Driver/Src/stm32f0xx_hal_dma.o
 .debug_frame   0x0000000000001798      0x110 Drivers/STM32F0xx_HAL_Driver/Src/stm32f0xx_hal_gpio.o
 .debug_frame   0x00000000000018a8       0x50 Drivers/STM32F0xx_HAL_Driver/Src/stm32f0xx_hal_iwdg.o
 .debug_frame   0x00000000000018f8      0x194 Drivers/STM32F0xx_HAL_Driver/Src/stm32f0xx_hal_rcc.o
 .debug_frame   0x0000000000001a8c      0xd94 Drivers/STM32F0xx_HAL_Driver/Src/stm32f0xx_hal_tim.o
 .debug_frame   0x0000000000002820      0x4d0 Drivers/STM32F0xx_HAL_Driver/Src/stm32f0xx_hal_tim_ex.o
 .debug_frame   0x0000000000002cf0      0x710 Drivers/STM32F0xx_HAL_Driver/Src/stm32f0xx_hal_uart.o
 .debug_frame   0x0000000000003400       0x2c c:/stm32cubeide/stm32cubeide/plugins/com.st.stm32cube.ide.mcu.externaltools.gnu-tools-for-stm32.7-2018-q2-update.win32_1.0.0.201904181610/tools/bin/../lib/gcc/arm-none-eabi/7.3.1/../../../../arm-none-eabi/lib/thumb/v6-m\libc_nano.a(lib_a-init.o)
 .debug_frame   0x000000000000342c       0x20 c:/stm32cubeide/stm32cubeide/plugins/com.st.stm32cube.ide.mcu.externaltools.gnu-tools-for-stm32.7-2018-q2-update.win32_1.0.0.201904181610/tools/bin/../lib/gcc/arm-none-eabi/7.3.1/../../../../arm-none-eabi/lib/thumb/v6-m\libc_nano.a(lib_a-memset.o)
 .debug_frame   0x000000000000344c       0x20 c:/stm32cubeide/stm32cubeide/plugins/com.st.stm32cube.ide.mcu.externaltools.gnu-tools-for-stm32.7-2018-q2-update.win32_1.0.0.201904181610/tools/bin/../lib/gcc/arm-none-eabi/7.3.1/thumb/v6-m\libgcc.a(_udivsi3.o)
