Archive member included to satisfy reference by file (symbol)

c:/stm32cubeide/stm32cubeide/plugins/com.st.stm32cube.ide.mcu.externaltools.gnu-tools-for-stm32.7-2018-q2-update.win32_1.0.0.201904181610/tools/bin/../lib/gcc/arm-none-eabi/7.3.1/../../../../arm-none-eabi/lib/thumb/v6-m\libc_nano.a(lib_a-errno.o)
                              Src/syscalls.o (__errno)
c:/stm32cubeide/stm32cubeide/plugins/com.st.stm32cube.ide.mcu.externaltools.gnu-tools-for-stm32.7-2018-q2-update.win32_1.0.0.201904181610/tools/bin/../lib/gcc/arm-none-eabi/7.3.1/../../../../arm-none-eabi/lib/thumb/v6-m\libc_nano.a(lib_a-exit.o)
                              c:/stm32cubeide/stm32cubeide/plugins/com.st.stm32cube.ide.mcu.externaltools.gnu-tools-for-stm32.7-2018-q2-update.win32_1.0.0.201904181610/tools/bin/../lib/gcc/arm-none-eabi/7.3.1/../../../../arm-none-eabi/lib/thumb/v6-m/crt0.o (exit)
c:/stm32cubeide/stm32cubeide/plugins/com.st.stm32cube.ide.mcu.externaltools.gnu-tools-for-stm32.7-2018-q2-update.win32_1.0.0.201904181610/tools/bin/../lib/gcc/arm-none-eabi/7.3.1/../../../../arm-none-eabi/lib/thumb/v6-m\libc_nano.a(lib_a-impure.o)
                              c:/stm32cubeide/stm32cubeide/plugins/com.st.stm32cube.ide.mcu.externaltools.gnu-tools-for-stm32.7-2018-q2-update.win32_1.0.0.201904181610/tools/bin/../lib/gcc/arm-none-eabi/7.3.1/../../../../arm-none-eabi/lib/thumb/v6-m\libc_nano.a(lib_a-exit.o) (_global_impure_ptr)
c:/stm32cubeide/stm32cubeide/plugins/com.st.stm32cube.ide.mcu.externaltools.gnu-tools-for-stm32.7-2018-q2-update.win32_1.0.0.201904181610/tools/bin/../lib/gcc/arm-none-eabi/7.3.1/../../../../arm-none-eabi/lib/thumb/v6-m\libc_nano.a(lib_a-init.o)
                              c:/stm32cubeide/stm32cubeide/plugins/com.st.stm32cube.ide.mcu.externaltools.gnu-tools-for-stm32.7-2018-q2-update.win32_1.0.0.201904181610/tools/bin/../lib/gcc/arm-none-eabi/7.3.1/../../../../arm-none-eabi/lib/thumb/v6-m/crt0.o (__libc_init_array)
c:/stm32cubeide/stm32cubeide/plugins/com.st.stm32cube.ide.mcu.externaltools.gnu-tools-for-stm32.7-2018-q2-update.win32_1.0.0.201904181610/tools/bin/../lib/gcc/arm-none-eabi/7.3.1/../../../../arm-none-eabi/lib/thumb/v6-m\libc_nano.a(lib_a-memset.o)
                              c:/stm32cubeide/stm32cubeide/plugins/com.st.stm32cube.ide.mcu.externaltools.gnu-tools-for-stm32.7-2018-q2-update.win32_1.0.0.201904181610/tools/bin/../lib/gcc/arm-none-eabi/7.3.1/../../../../arm-none-eabi/lib/thumb/v6-m/crt0.o (memset)
c:/stm32cubeide/stm32cubeide/plugins/com.st.stm32cube.ide.mcu.externaltools.gnu-tools-for-stm32.7-2018-q2-update.win32_1.0.0.201904181610/tools/bin/../lib/gcc/arm-none-eabi/7.3.1/thumb/v6-m\libgcc.a(_udivsi3.o)
                              Core/Src/stm32f0xx_it.o (__aeabi_uidiv)
c:/stm32cubeide/stm32cubeide/plugins/com.st.stm32cube.ide.mcu.externaltools.gnu-tools-for-stm32.7-2018-q2-update.win32_1.0.0.201904181610/tools/bin/../lib/gcc/arm-none-eabi/7.3.1/thumb/v6-m\libgcc.a(_dvmd_tls.o)
                              c:/stm32cubeide/stm32cubeide/plugins/com.st.stm32cube.ide.mcu.externaltools.gnu-tools-for-stm32.7-2018-q2-update.win32_1.0.0.201904181610/tools/bin/../lib/gcc/arm-none-eabi/7.3.1/thumb/v6-m\libgcc.a(_udivsi3.o) (__aeabi_idiv0)

Allocating common symbols
Common symbol       size              file

hdma_usart2_rx      0x44              Core/Src/usart.o
hdac1               0x14              Core/Src/dac.o
hiwdg               0x10              Core/Src/iwdg.o
hcrc                0x24              Core/Src/crc.o
uwTick              0x4               Drivers/STM32F0xx_HAL_Driver/Src/stm32f0xx_hal.o
pFlash              0x20              Drivers/STM32F0xx_HAL_Driver/Src/stm32f0xx_hal_flash.o
adcKlapan           0x4               Core/Src/digiTOS/digiTOS-Core.o
adcOC_V             0x4               Core/Src/digiTOS/digiTOS-Core.o
hdma_usart2_tx      0x44              Core/Src/usart.o
adcWienZero_Avg     0x4               Core/Src/digiTOS/digiTOS-Core.o
htim1               0x40              Core/Src/tim.o
adcWienZero         0x4               Core/Src/digiTOS/digiTOS-Core.o
htim2               0x40              Core/Src/tim.o
huart2              0x70              Core/Src/usart.o
adcOC_I             0x4               Core/Src/digiTOS/digiTOS-Core.o
hdma_adc            0x44              Core/Src/adc.o
hadc                0x4c              Core/Src/adc.o
ADC_Data            0xa               Core/Src/digiTOS/digiTOS-Core.o
adcPolka            0x4               Core/Src/digiTOS/digiTOS-Core.o

Discarded input sections

 .text          0x0000000000000000        0x0 c:/stm32cubeide/stm32cubeide/plugins/com.st.stm32cube.ide.mcu.externaltools.gnu-tools-for-stm32.7-2018-q2-update.win32_1.0.0.201904181610/tools/bin/../lib/gcc/arm-none-eabi/7.3.1/thumb/v6-m/crti.o
[...]
Memory Configuration

Name             Origin             Length             Attributes
FLASH            0x0000000008000000 0x0000000000010000 xr
RAM              0x0000000020000000 0x0000000000002000 xrw
*default*        0x0000000000000000 0xffffffffffffffff

Linker script and memory map

LOAD c:/stm32cubeide/stm32cubeide/plugins/com.st.stm32cube.ide.mcu.externaltools.gnu-tools-for-stm32.7-2018-q2-update.win32_1.0.0.201904181610/tools/bin/../lib/gcc/arm-none-eabi/7.3.1/thumb/v6-m/crti.o
LOAD c:/stm32cubeide/stm32cubeide/plugins/com.st.stm32cube.ide.mcu.externaltools.gnu-tools-for-stm32.7-2018-q2-update.win32_1.0.0.201904181610/tools/bin/../lib/gcc/arm-none-eabi/7.3.1/thumb/v6-m/crtbegin.o
LOAD c:/stm32cubeide/stm32cubeide/plugins/com.st.stm32cube.ide.mcu.externaltools.gnu-tools-for-stm32.7-2018-q2-update.win32_1.0.0.201904181610/tools/bin/../lib/gcc/arm-none-eabi/7.3.1/../../../../arm-none-eabi/lib/thumb/v6-m/crt0.o
LOAD Core/Src/adc.o
LOAD Core/Src/crc.o
LOAD Core/Src/dac.o
LOAD Core/Src/dma.o
LOAD Core/Src/gpio.o
LOAD Core/Src/iwdg.o
LOAD Core/Src/main.o
LOAD Core/Src/stm32f0xx_hal_msp.o
LOAD Core/Src/stm32f0xx_it.o
LOAD Core/Src/system_stm32f0xx.o
LOAD Core/Src/tim.o
LOAD Core/Src/usart.o
LOAD Core/Src/digiTOS/digiTOS-50Hz.o
LOAD Core/Src/digiTOS/digiTOS-Core.o
LOAD Core/Src/digiTOS/digiTOS-DAC_Sinus.o
LOAD Core/Src/digiTOS/digiTOS-IWDG.o
LOAD Drivers/STM32F0xx_HAL_Driver/Src/stm32f0xx_hal.o
LOAD Drivers/STM32F0xx_HAL_Driver/Src/stm32f0xx_hal_adc.o
LOAD Drivers/STM32F0xx_HAL_Driver/Src/stm32f0xx_hal_adc_ex.o
LOAD Drivers/STM32F0xx_HAL_Driver/Src/stm32f0xx_hal_cortex.o
LOAD Drivers/STM32F0xx_HAL_Driver/Src/stm32f0xx_hal_crc.o
LOAD Drivers/STM32F0xx_HAL_Driver/Src/stm32f0xx_hal_crc_ex.o
LOAD Drivers/STM32F0xx_HAL_Driver/Src/stm32f0xx_hal_dac.o
LOAD Drivers/STM32F0xx_HAL_Driver/Src/stm32f0xx_hal_dac_ex.o
LOAD Drivers/STM32F0xx_HAL_Driver/Src/stm32f0xx_hal_dma.o
LOAD Drivers/STM32F0xx_HAL_Driver/Src/stm32f0xx_hal_flash.o
LOAD Drivers/STM32F0xx_HAL_Driver/Src/stm32f0xx_hal_flash_ex.o
LOAD Drivers/STM32F0xx_HAL_Driver/Src/stm32f0xx_hal_gpio.o
LOAD Drivers/STM32F0xx_HAL_Driver/Src/stm32f0xx_hal_i2c.o
LOAD Drivers/STM32F0xx_HAL_Driver/Src/stm32f0xx_hal_i2c_ex.o
LOAD Drivers/STM32F0xx_HAL_Driver/Src/stm32f0xx_hal_iwdg.o
LOAD Drivers/STM32F0xx_HAL_Driver/Src/stm32f0xx_hal_pwr.o
LOAD Drivers/STM32F0xx_HAL_Driver/Src/stm32f0xx_hal_pwr_ex.o
LOAD Drivers/STM32F0xx_HAL_Driver/Src/stm32f0xx_hal_rcc.o
LOAD Drivers/STM32F0xx_HAL_Driver/Src/stm32f0xx_hal_rcc_ex.o
LOAD Drivers/STM32F0xx_HAL_Driver/Src/stm32f0xx_hal_tim.o
LOAD Drivers/STM32F0xx_HAL_Driver/Src/stm32f0xx_hal_tim_ex.o
LOAD Drivers/STM32F0xx_HAL_Driver/Src/stm32f0xx_hal_uart.o
LOAD Drivers/STM32F0xx_HAL_Driver/Src/stm32f0xx_hal_uart_ex.o
LOAD Src/syscalls.o
LOAD Src/sysmem.o
LOAD Startup/startup_stm32f051r8hx.o
START GROUP
LOAD c:/stm32cubeide/stm32cubeide/plugins/com.st.stm32cube.ide.mcu.externaltools.gnu-tools-for-stm32.7-2018-q2-update.win32_1.0.0.201904181610/tools/bin/../lib/gcc/arm-none-eabi/7.3.1/../../../../arm-none-eabi/lib/thumb/v6-m\libstdc++_nano.a
LOAD c:/stm32cubeide/stm32cubeide/plugins/com.st.stm32cube.ide.mcu.externaltools.gnu-tools-for-stm32.7-2018-q2-update.win32_1.0.0.201904181610/tools/bin/../lib/gcc/arm-none-eabi/7.3.1/../../../../arm-none-eabi/lib/thumb/v6-m\libsupc++_nano.a
END GROUP
LOAD c:/stm32cubeide/stm32cubeide/plugins/com.st.stm32cube.ide.mcu.externaltools.gnu-tools-for-stm32.7-2018-q2-update.win32_1.0.0.201904181610/tools/bin/../lib/gcc/arm-none-eabi/7.3.1/../../../../arm-none-eabi/lib/thumb/v6-m\libstdc++_nano.a
LOAD c:/stm32cubeide/stm32cubeide/plugins/com.st.stm32cube.ide.mcu.externaltools.gnu-tools-for-stm32.7-2018-q2-update.win32_1.0.0.201904181610/tools/bin/../lib/gcc/arm-none-eabi/7.3.1/../../../../arm-none-eabi/lib/thumb/v6-m\libm.a
LOAD c:/stm32cubeide/stm32cubeide/plugins/com.st.stm32cube.ide.mcu.externaltools.gnu-tools-for-stm32.7-2018-q2-update.win32_1.0.0.201904181610/tools/bin/../lib/gcc/arm-none-eabi/7.3.1/../../../../arm-none-eabi/lib/thumb/v6-m\libc_nano.a
START GROUP
LOAD c:/stm32cubeide/stm32cubeide/plugins/com.st.stm32cube.ide.mcu.externaltools.gnu-tools-for-stm32.7-2018-q2-update.win32_1.0.0.201904181610/tools/bin/../lib/gcc/arm-none-eabi/7.3.1/thumb/v6-m\libgcc.a
LOAD c:/stm32cubeide/stm32cubeide/plugins/com.st.stm32cube.ide.mcu.externaltools.gnu-tools-for-stm32.7-2018-q2-update.win32_1.0.0.201904181610/tools/bin/../lib/gcc/arm-none-eabi/7.3.1/../../../../arm-none-eabi/lib/thumb/v6-m\libc_nano.a
END GROUP
START GROUP
LOAD c:/stm32cubeide/stm32cubeide/plugins/com.st.stm32cube.ide.mcu.externaltools.gnu-tools-for-stm32.7-2018-q2-update.win32_1.0.0.201904181610/tools/bin/../lib/gcc/arm-none-eabi/7.3.1/thumb/v6-m\libgcc.a
LOAD c:/stm32cubeide/stm32cubeide/plugins/com.st.stm32cube.ide.mcu.externaltools.gnu-tools-for-stm32.7-2018-q2-update.win32_1.0.0.201904181610/tools/bin/../lib/gcc/arm-none-eabi/7.3.1/../../../../arm-none-eabi/lib/thumb/v6-m\libc_nano.a
LOAD c:/stm32cubeide/stm32cubeide/plugins/com.st.stm32cube.ide.mcu.externaltools.gnu-tools-for-stm32.7-2018-q2-update.win32_1.0.0.201904181610/tools/bin/../lib/gcc/arm-none-eabi/7.3.1/../../../../arm-none-eabi/lib/thumb/v6-m\libnosys.a
END GROUP
START GROUP
LOAD c:/stm32cubeide/stm32cubeide/plugins/com.st.stm32cube.ide.mcu.externaltools.gnu-tools-for-stm32.7-2018-q2-update.win32_1.0.0.201904181610/tools/bin/../lib/gcc/arm-none-eabi/7.3.1/thumb/v6-m\libgcc.a
LOAD c:/stm32cubeide/stm32cubeide/plugins/com.st.stm32cube.ide.mcu.externaltools.gnu-tools-for-stm32.7-2018-q2-update.win32_1.0.0.201904181610/tools/bin/../lib/gcc/arm-none-eabi/7.3.1/../../../../arm-none-eabi/lib/thumb/v6-m\libc_nano.a
LOAD c:/stm32cubeide/stm32cubeide/plugins/com.st.stm32cube.ide.mcu.externaltools.gnu-tools-for-stm32.7-2018-q2-update.win32_1.0.0.201904181610/tools/bin/../lib/gcc/arm-none-eabi/7.3.1/../../../../arm-none-eabi/lib/thumb/v6-m\libnosys.a
END GROUP
LOAD c:/stm32cubeide/stm32cubeide/plugins/com.st.stm32cube.ide.mcu.externaltools.gnu-tools-for-stm32.7-2018-q2-update.win32_1.0.0.201904181610/tools/bin/../lib/gcc/arm-none-eabi/7.3.1/thumb/v6-m/crtend.o
LOAD c:/stm32cubeide/stm32cubeide/plugins/com.st.stm32cube.ide.mcu.externaltools.gnu-tools-for-stm32.7-2018-q2-update.win32_1.0.0.201904181610/tools/bin/../lib/gcc/arm-none-eabi/7.3.1/thumb/v6-m/crtn.o
                0x0000000020001fff                _estack = 0x20001fff
                0x0000000000000200                _Min_Heap_Size = 0x200
                0x0000000000000400                _Min_Stack_Size = 0x400

.isr_vector     0x0000000008000000       0xc0
                0x0000000008000000                . = ALIGN (0x4)
 *(.isr_vector)
 .isr_vector    0x0000000008000000       0xc0 Startup/startup_stm32f051r8hx.o
                0x0000000008000000                g_pfnVectors
                0x00000000080000c0                . = ALIGN (0x4)

.text           0x00000000080000c0     0x6e70
                0x00000000080000c0                . = ALIGN (0x4)
 *(.text)
 .text          0x00000000080000c0       0x48 c:/stm32cubeide/stm32cubeide/plugins/com.st.stm32cube.ide.mcu.externaltools.gnu-tools-for-stm32.7-2018-q2-update.win32_1.0.0.201904181610/tools/bin/../lib/gcc/arm-none-eabi/7.3.1/thumb/v6-m/crtbegin.o
 .text          0x0000000008000108      0x114 c:/stm32cubeide/stm32cubeide/plugins/com.st.stm32cube.ide.mcu.externaltools.gnu-tools-for-stm32.7-2018-q2-update.win32_1.0.0.201904181610/tools/bin/../lib/gcc/arm-none-eabi/7.3.1/thumb/v6-m\libgcc.a(_udivsi3.o)
                0x0000000008000108                __aeabi_uidiv
                0x0000000008000108                __udivsi3
                0x0000000008000214                __aeabi_uidivmod
 .text          0x000000000800021c        0x4 c:/stm32cubeide/stm32cubeide/plugins/com.st.stm32cube.ide.mcu.externaltools.gnu-tools-for-stm32.7-2018-q2-update.win32_1.0.0.201904181610/tools/bin/../lib/gcc/arm-none-eabi/7.3.1/thumb/v6-m\libgcc.a(_dvmd_tls.o)
                0x000000000800021c                __aeabi_idiv0
                0x000000000800021c                __aeabi_ldiv0
 *(.text*)
 .text.MX_ADC_Init
                0x0000000008000220      0x11c Core/Src/adc.o
                0x0000000008000220                MX_ADC_Init
 .text.HAL_ADC_MspInit
                0x000000000800033c       0xe8 Core/Src/adc.o
                0x000000000800033c                HAL_ADC_MspInit
 .text.MX_CRC_Init
                0x0000000008000424       0x48 Core/Src/crc.o
                0x0000000008000424                MX_CRC_Init
 .text.HAL_CRC_MspInit
                0x000000000800046c       0x3c Core/Src/crc.o
                0x000000000800046c                HAL_CRC_MspInit
 .text.MX_DAC1_Init
                0x00000000080004a8       0x5c Core/Src/dac.o
                0x00000000080004a8                MX_DAC1_Init
 .text.HAL_DAC_MspInit
                0x0000000008000504       0x9c Core/Src/dac.o
                0x0000000008000504                HAL_DAC_MspInit
 .text.MX_DMA_Init
                0x00000000080005a0       0x4c Core/Src/dma.o
                0x00000000080005a0                MX_DMA_Init
 .text.MX_GPIO_Init
                0x00000000080005ec      0x1d0 Core/Src/gpio.o
                0x00000000080005ec                MX_GPIO_Init
 .text.MX_IWDG_Init
                0x00000000080007bc       0x40 Core/Src/iwdg.o
                0x00000000080007bc                MX_IWDG_Init
 .text.main     0x00000000080007fc       0x68 Core/Src/main.o
                0x00000000080007fc                main
 .text.SystemClock_Config
                0x0000000008000864       0xa2 Core/Src/main.o
                0x0000000008000864                SystemClock_Config
 *fill*         0x0000000008000906        0x2 
 .text.HAL_GPIO_EXTI_Callback
                0x0000000008000908       0x40 Core/Src/main.o
                0x0000000008000908                HAL_GPIO_EXTI_Callback
 .text.Error_Handler
                0x0000000008000948        0xa Core/Src/main.o
                0x0000000008000948                Error_Handler
 .text.assert_failed
                0x0000000008000952       0x12 Core/Src/main.o
                0x0000000008000952                assert_failed
 .text.HAL_MspInit
                0x0000000008000964       0x48 Core/Src/stm32f0xx_hal_msp.o
                0x0000000008000964                HAL_MspInit
 .text.NMI_Handler
                0x00000000080009ac        0xa Core/Src/stm32f0xx_it.o
                0x00000000080009ac                NMI_Handler
 .text.HardFault_Handler
                0x00000000080009b6        0x6 Core/Src/stm32f0xx_it.o
                0x00000000080009b6                HardFault_Handler
 .text.SVC_Handler
                0x00000000080009bc        0xa Core/Src/stm32f0xx_it.o
                0x00000000080009bc                SVC_Handler
 .text.PendSV_Handler
                0x00000000080009c6        0xa Core/Src/stm32f0xx_it.o
                0x00000000080009c6                PendSV_Handler
 .text.SysTick_Handler
                0x00000000080009d0        0xe Core/Src/stm32f0xx_it.o
                0x00000000080009d0                SysTick_Handler
 .text.EXTI0_1_IRQHandler
                0x00000000080009de       0x10 Core/Src/stm32f0xx_it.o
                0x00000000080009de                EXTI0_1_IRQHandler
 *fill*         0x00000000080009ee        0x2 
 .text.DMA1_Channel1_IRQHandler
                0x00000000080009f0       0x18 Core/Src/stm32f0xx_it.o
                0x00000000080009f0                DMA1_Channel1_IRQHandler
 .text.DMA1_Channel4_5_IRQHandler
                0x0000000008000a08       0x24 Core/Src/stm32f0xx_it.o
                0x0000000008000a08                DMA1_Channel4_5_IRQHandler
 .text.TIM1_BRK_UP_TRG_COM_IRQHandler
                0x0000000008000a2c       0x18 Core/Src/stm32f0xx_it.o
                0x0000000008000a2c                TIM1_BRK_UP_TRG_COM_IRQHandler
 .text.TIM1_CC_IRQHandler
                0x0000000008000a44       0x18 Core/Src/stm32f0xx_it.o
                0x0000000008000a44                TIM1_CC_IRQHandler
 .text.TIM2_IRQHandler
                0x0000000008000a5c       0xac Core/Src/stm32f0xx_it.o
                0x0000000008000a5c                TIM2_IRQHandler
 .text.TIM6_DAC_IRQHandler
                0x0000000008000b08       0x18 Core/Src/stm32f0xx_it.o
                0x0000000008000b08                TIM6_DAC_IRQHandler
 .text.SystemInit
                0x0000000008000b20       0x88 Core/Src/system_stm32f0xx.o
                0x0000000008000b20                SystemInit
 .text.MX_TIM1_Init
                0x0000000008000ba8      0x170 Core/Src/tim.o
                0x0000000008000ba8                MX_TIM1_Init
 .text.MX_TIM2_Init
                0x0000000008000d18       0xa8 Core/Src/tim.o
                0x0000000008000d18                MX_TIM2_Init
 .text.HAL_TIM_Base_MspInit
                0x0000000008000dc0       0x94 Core/Src/tim.o
                0x0000000008000dc0                HAL_TIM_Base_MspInit
 .text.HAL_TIM_MspPostInit
                0x0000000008000e54       0xd0 Core/Src/tim.o
                0x0000000008000e54                HAL_TIM_MspPostInit
 .text.MX_USART2_UART_Init
                0x0000000008000f24       0x60 Core/Src/usart.o
                0x0000000008000f24                MX_USART2_UART_Init
 .text.HAL_UART_MspInit
                0x0000000008000f84      0x148 Core/Src/usart.o
                0x0000000008000f84                HAL_UART_MspInit
 .text.Set50Hz  0x00000000080010cc       0x18 Core/Src/digiTOS/digiTOS-50Hz.o
                0x00000000080010cc                Set50Hz
 .text.SetDeadTime
                0x00000000080010e4       0x4c Core/Src/digiTOS/digiTOS-50Hz.o
                0x00000000080010e4                SetDeadTime
 .text.PWM_50Hz_ON
                0x0000000008001130       0x3c Core/Src/digiTOS/digiTOS-50Hz.o
                0x0000000008001130                PWM_50Hz_ON
 .text.PWM_50Hz_OFF
                0x000000000800116c       0x3c Core/Src/digiTOS/digiTOS-50Hz.o
                0x000000000800116c                PWM_50Hz_OFF
 .text.CalcAvg  0x00000000080011a8       0x78 Core/Src/digiTOS/digiTOS-Core.o
                0x00000000080011a8                CalcAvg
 .text.HAL_ADC_ConvCpltCallback
                0x0000000008001220       0x80 Core/Src/digiTOS/digiTOS-Core.o
                0x0000000008001220                HAL_ADC_ConvCpltCallback
 .text.StartADC
                0x00000000080012a0       0x20 Core/Src/digiTOS/digiTOS-Core.o
                0x00000000080012a0                StartADC
 .text.Off_LEDs
                0x00000000080012c0       0x2c Core/Src/digiTOS/digiTOS-Core.o
                0x00000000080012c0                Off_LEDs
 .text.BlinkLEDs
                0x00000000080012ec       0x70 Core/Src/digiTOS/digiTOS-Core.o
                0x00000000080012ec                BlinkLEDs
 .text.Check50Hz
                0x000000000800135c       0xe4 Core/Src/digiTOS/digiTOS-Core.o
                0x000000000800135c                Check50Hz
 .text.EnableDebugMode
                0x0000000008001440       0x6c Core/Src/digiTOS/digiTOS-Core.o
                0x0000000008001440                EnableDebugMode
 .text.GetSinus
                0x00000000080014ac       0x64 Core/Src/digiTOS/digiTOS-DAC_Sinus.o
                0x00000000080014ac                GetSinus
 .text.Set_DAC_SINUS_ZERO
                0x0000000008001510       0x1c Core/Src/digiTOS/digiTOS-DAC_Sinus.o
                0x0000000008001510                Set_DAC_SINUS_ZERO
 .text.DAC_SINUS_INIT
                0x000000000800152c       0x1c Core/Src/digiTOS/digiTOS-DAC_Sinus.o
                0x000000000800152c                DAC_SINUS_INIT
 .text.DAC_SINUS_ON
                0x0000000008001548       0x2c Core/Src/digiTOS/digiTOS-DAC_Sinus.o
                0x0000000008001548                DAC_SINUS_ON
 .text.DAC_SINUS_OFF
                0x0000000008001574       0x2c Core/Src/digiTOS/digiTOS-DAC_Sinus.o
                0x0000000008001574                DAC_SINUS_OFF
 .text.ResetWDG
                0x00000000080015a0       0x18 Core/Src/digiTOS/digiTOS-IWDG.o
                0x00000000080015a0                ResetWDG
 .text.DigiTOS_IWDG_Init
                0x00000000080015b8      0x19c Core/Src/digiTOS/digiTOS-IWDG.o
                0x00000000080015b8                DigiTOS_IWDG_Init
 .text.HAL_Init
                0x0000000008001754       0x28 Drivers/STM32F0xx_HAL_Driver/Src/stm32f0xx_hal.o
                0x0000000008001754                HAL_Init
 .text.HAL_InitTick
                0x000000000800177c       0x38 Drivers/STM32F0xx_HAL_Driver/Src/stm32f0xx_hal.o
                0x000000000800177c                HAL_InitTick
 .text.HAL_IncTick
                0x00000000080017b4       0x18 Drivers/STM32F0xx_HAL_Driver/Src/stm32f0xx_hal.o
                0x00000000080017b4                HAL_IncTick
 .text.HAL_GetTick
                0x00000000080017cc       0x14 Drivers/STM32F0xx_HAL_Driver/Src/stm32f0xx_hal.o
                0x00000000080017cc                HAL_GetTick
 .text.HAL_Delay
                0x00000000080017e0       0x3a Drivers/STM32F0xx_HAL_Driver/Src/stm32f0xx_hal.o
                0x00000000080017e0                HAL_Delay
 *fill*         0x000000000800181a        0x2 
 .text.HAL_ADC_Init
                0x000000000800181c      0x494 Drivers/STM32F0xx_HAL_Driver/Src/stm32f0xx_hal_adc.o
                0x000000000800181c                HAL_ADC_Init
 .text.HAL_ADC_Start_DMA
                0x0000000008001cb0      0x128 Drivers/STM32F0xx_HAL_Driver/Src/stm32f0xx_hal_adc.o
                0x0000000008001cb0                HAL_ADC_Start_DMA
 .text.HAL_ADC_ConvHalfCpltCallback
                0x0000000008001dd8       0x10 Drivers/STM32F0xx_HAL_Driver/Src/stm32f0xx_hal_adc.o
                0x0000000008001dd8                HAL_ADC_ConvHalfCpltCallback
 .text.HAL_ADC_ErrorCallback
                0x0000000008001de8       0x10 Drivers/STM32F0xx_HAL_Driver/Src/stm32f0xx_hal_adc.o
                0x0000000008001de8                HAL_ADC_ErrorCallback
 .text.HAL_ADC_ConfigChannel
                0x0000000008001df8      0x378 Drivers/STM32F0xx_HAL_Driver/Src/stm32f0xx_hal_adc.o
                0x0000000008001df8                HAL_ADC_ConfigChannel
 .text.ADC_Enable
                0x0000000008002170       0xf8 Drivers/STM32F0xx_HAL_Driver/Src/stm32f0xx_hal_adc.o
 .text.ADC_DMAConvCplt
                0x0000000008002268       0xb4 Drivers/STM32F0xx_HAL_Driver/Src/stm32f0xx_hal_adc.o
 .text.ADC_DMAHalfConvCplt
                0x000000000800231c       0x1e Drivers/STM32F0xx_HAL_Driver/Src/stm32f0xx_hal_adc.o
 .text.ADC_DMAError
                0x000000000800233a       0x36 Drivers/STM32F0xx_HAL_Driver/Src/stm32f0xx_hal_adc.o
 .text.NVIC_EnableIRQ
                0x0000000008002370       0x2c Drivers/STM32F0xx_HAL_Driver/Src/stm32f0xx_hal_cortex.o
 .text.NVIC_SetPriority
                0x000000000800239c       0xdc Drivers/STM32F0xx_HAL_Driver/Src/stm32f0xx_hal_cortex.o
 .text.SysTick_Config
                0x0000000008002478       0x48 Drivers/STM32F0xx_HAL_Driver/Src/stm32f0xx_hal_cortex.o
 .text.HAL_NVIC_SetPriority
                0x00000000080024c0       0x40 Drivers/STM32F0xx_HAL_Driver/Src/stm32f0xx_hal_cortex.o
                0x00000000080024c0                HAL_NVIC_SetPriority
 .text.HAL_NVIC_EnableIRQ
                0x0000000008002500       0x38 Drivers/STM32F0xx_HAL_Driver/Src/stm32f0xx_hal_cortex.o
                0x0000000008002500                HAL_NVIC_EnableIRQ
 .text.HAL_SYSTICK_Config
                0x0000000008002538       0x1a Drivers/STM32F0xx_HAL_Driver/Src/stm32f0xx_hal_cortex.o
                0x0000000008002538                HAL_SYSTICK_Config
 *fill*         0x0000000008002552        0x2 
 .text.HAL_CRC_Init
                0x0000000008002554      0x13c Drivers/STM32F0xx_HAL_Driver/Src/stm32f0xx_hal_crc.o
                0x0000000008002554                HAL_CRC_Init
 .text.HAL_CRCEx_Init
                0x0000000008002690       0x12 Drivers/STM32F0xx_HAL_Driver/Src/stm32f0xx_hal_crc_ex.o
                0x0000000008002690                HAL_CRCEx_Init
 *fill*         0x00000000080026a2        0x2 
 .text.HAL_DAC_Init
                0x00000000080026a4       0x68 Drivers/STM32F0xx_HAL_Driver/Src/stm32f0xx_hal_dac.o
                0x00000000080026a4                HAL_DAC_Init
 .text.HAL_DAC_SetValue
                0x000000000800270c       0x9c Drivers/STM32F0xx_HAL_Driver/Src/stm32f0xx_hal_dac.o
                0x000000000800270c                HAL_DAC_SetValue
 .text.HAL_DAC_DMAUnderrunCallbackCh1
                0x00000000080027a8       0x10 Drivers/STM32F0xx_HAL_Driver/Src/stm32f0xx_hal_dac.o
                0x00000000080027a8                HAL_DAC_DMAUnderrunCallbackCh1
 .text.HAL_DAC_ConfigChannel
                0x00000000080027b8      0x130 Drivers/STM32F0xx_HAL_Driver/Src/stm32f0xx_hal_dac_ex.o
                0x00000000080027b8                HAL_DAC_ConfigChannel
 .text.HAL_DAC_Start
                0x00000000080028e8       0x88 Drivers/STM32F0xx_HAL_Driver/Src/stm32f0xx_hal_dac_ex.o
                0x00000000080028e8                HAL_DAC_Start
 .text.HAL_DAC_IRQHandler
                0x0000000008002970       0x70 Drivers/STM32F0xx_HAL_Driver/Src/stm32f0xx_hal_dac_ex.o
                0x0000000008002970                HAL_DAC_IRQHandler
 .text.HAL_DMA_Init
                0x00000000080029e0      0x1fc Drivers/STM32F0xx_HAL_Driver/Src/stm32f0xx_hal_dma.o
                0x00000000080029e0                HAL_DMA_Init
 .text.HAL_DMA_Start_IT
                0x0000000008002bdc       0xf0 Drivers/STM32F0xx_HAL_Driver/Src/stm32f0xx_hal_dma.o
                0x0000000008002bdc                HAL_DMA_Start_IT
 .text.HAL_DMA_IRQHandler
                0x0000000008002ccc      0x144 Drivers/STM32F0xx_HAL_Driver/Src/stm32f0xx_hal_dma.o
                0x0000000008002ccc                HAL_DMA_IRQHandler
 .text.DMA_SetConfig
                0x0000000008002e10       0x58 Drivers/STM32F0xx_HAL_Driver/Src/stm32f0xx_hal_dma.o
 .text.DMA_CalcBaseAndBitshift
                0x0000000008002e68       0x38 Drivers/STM32F0xx_HAL_Driver/Src/stm32f0xx_hal_dma.o
 .text.HAL_GPIO_Init
                0x0000000008002ea0      0x44c Drivers/STM32F0xx_HAL_Driver/Src/stm32f0xx_hal_gpio.o
                0x0000000008002ea0                HAL_GPIO_Init
 .text.HAL_GPIO_ReadPin
                0x00000000080032ec       0x60 Drivers/STM32F0xx_HAL_Driver/Src/stm32f0xx_hal_gpio.o
                0x00000000080032ec                HAL_GPIO_ReadPin
 .text.HAL_GPIO_WritePin
                0x000000000800334c       0x80 Drivers/STM32F0xx_HAL_Driver/Src/stm32f0xx_hal_gpio.o
                0x000000000800334c                HAL_GPIO_WritePin
 .text.HAL_GPIO_TogglePin
                0x00000000080033cc       0x48 Drivers/STM32F0xx_HAL_Driver/Src/stm32f0xx_hal_gpio.o
                0x00000000080033cc                HAL_GPIO_TogglePin
 .text.HAL_GPIO_EXTI_IRQHandler
                0x0000000008003414       0x38 Drivers/STM32F0xx_HAL_Driver/Src/stm32f0xx_hal_gpio.o
                0x0000000008003414                HAL_GPIO_EXTI_IRQHandler
 .text.HAL_IWDG_Init
                0x000000000800344c      0x120 Drivers/STM32F0xx_HAL_Driver/Src/stm32f0xx_hal_iwdg.o
                0x000000000800344c                HAL_IWDG_Init
 .text.HAL_IWDG_Refresh
                0x000000000800356c       0x20 Drivers/STM32F0xx_HAL_Driver/Src/stm32f0xx_hal_iwdg.o
                0x000000000800356c                HAL_IWDG_Refresh
 .text.HAL_RCC_OscConfig
                0x000000000800358c      0x8dc Drivers/STM32F0xx_HAL_Driver/Src/stm32f0xx_hal_rcc.o
                0x000000000800358c                HAL_RCC_OscConfig
 .text.HAL_RCC_ClockConfig
                0x0000000008003e68      0x2f8 Drivers/STM32F0xx_HAL_Driver/Src/stm32f0xx_hal_rcc.o
                0x0000000008003e68                HAL_RCC_ClockConfig
 .text.HAL_RCC_GetSysClockFreq
                0x0000000008004160       0xc8 Drivers/STM32F0xx_HAL_Driver/Src/stm32f0xx_hal_rcc.o
                0x0000000008004160                HAL_RCC_GetSysClockFreq
 .text.HAL_RCC_GetHCLKFreq
                0x0000000008004228       0x14 Drivers/STM32F0xx_HAL_Driver/Src/stm32f0xx_hal_rcc.o
                0x0000000008004228                HAL_RCC_GetHCLKFreq
 .text.HAL_RCC_GetPCLK1Freq
                0x000000000800423c       0x2c Drivers/STM32F0xx_HAL_Driver/Src/stm32f0xx_hal_rcc.o
                0x000000000800423c                HAL_RCC_GetPCLK1Freq
 .text.HAL_TIM_Base_Init
                0x0000000008004268      0x14c Drivers/STM32F0xx_HAL_Driver/Src/stm32f0xx_hal_tim.o
                0x0000000008004268                HAL_TIM_Base_Init
 .text.HAL_TIM_Base_Start
                0x00000000080043b4       0xb4 Drivers/STM32F0xx_HAL_Driver/Src/stm32f0xx_hal_tim.o
                0x00000000080043b4                HAL_TIM_Base_Start
 .text.HAL_TIM_Base_Stop
                0x0000000008004468       0xd4 Drivers/STM32F0xx_HAL_Driver/Src/stm32f0xx_hal_tim.o
                0x0000000008004468                HAL_TIM_Base_Stop
 .text.HAL_TIM_Base_Start_IT
                0x000000000800453c       0xb4 Drivers/STM32F0xx_HAL_Driver/Src/stm32f0xx_hal_tim.o
                0x000000000800453c                HAL_TIM_Base_Start_IT
 .text.HAL_TIM_Base_Stop_IT
                0x00000000080045f0       0xd4 Drivers/STM32F0xx_HAL_Driver/Src/stm32f0xx_hal_tim.o
                0x00000000080045f0                HAL_TIM_Base_Stop_IT
 .text.HAL_TIM_OC_Init
                0x00000000080046c4      0x160 Drivers/STM32F0xx_HAL_Driver/Src/stm32f0xx_hal_tim.o
                0x00000000080046c4                HAL_TIM_OC_Init
 .text.HAL_TIM_OC_MspInit
                0x0000000008004824       0x10 Drivers/STM32F0xx_HAL_Driver/Src/stm32f0xx_hal_tim.o
                0x0000000008004824                HAL_TIM_OC_MspInit
 .text.HAL_TIM_OC_Start
                0x0000000008004834      0x154 Drivers/STM32F0xx_HAL_Driver/Src/stm32f0xx_hal_tim.o
                0x0000000008004834                HAL_TIM_OC_Start
 .text.HAL_TIM_OC_Stop
                0x0000000008004988      0x18c Drivers/STM32F0xx_HAL_Driver/Src/stm32f0xx_hal_tim.o
                0x0000000008004988                HAL_TIM_OC_Stop
 .text.HAL_TIM_IRQHandler
                0x0000000008004b14      0x22c Drivers/STM32F0xx_HAL_Driver/Src/stm32f0xx_hal_tim.o
                0x0000000008004b14                HAL_TIM_IRQHandler
 .text.HAL_TIM_OC_ConfigChannel
                0x0000000008004d40      0x23c Drivers/STM32F0xx_HAL_Driver/Src/stm32f0xx_hal_tim.o
                0x0000000008004d40                HAL_TIM_OC_ConfigChannel
 .text.HAL_TIM_ConfigClockSource
                0x0000000008004f7c      0x6e0 Drivers/STM32F0xx_HAL_Driver/Src/stm32f0xx_hal_tim.o
                0x0000000008004f7c                HAL_TIM_ConfigClockSource
 .text.HAL_TIM_PeriodElapsedCallback
                0x000000000800565c       0x10 Drivers/STM32F0xx_HAL_Driver/Src/stm32f0xx_hal_tim.o
                0x000000000800565c                HAL_TIM_PeriodElapsedCallback
 .text.HAL_TIM_OC_DelayElapsedCallback
                0x000000000800566c       0x10 Drivers/STM32F0xx_HAL_Driver/Src/stm32f0xx_hal_tim.o
                0x000000000800566c                HAL_TIM_OC_DelayElapsedCallback
 .text.HAL_TIM_IC_CaptureCallback
                0x000000000800567c       0x10 Drivers/STM32F0xx_HAL_Driver/Src/stm32f0xx_hal_tim.o
                0x000000000800567c                HAL_TIM_IC_CaptureCallback
 .text.HAL_TIM_PWM_PulseFinishedCallback
                0x000000000800568c       0x10 Drivers/STM32F0xx_HAL_Driver/Src/stm32f0xx_hal_tim.o
                0x000000000800568c                HAL_TIM_PWM_PulseFinishedCallback
 .text.HAL_TIM_TriggerCallback
                0x000000000800569c       0x10 Drivers/STM32F0xx_HAL_Driver/Src/stm32f0xx_hal_tim.o
                0x000000000800569c                HAL_TIM_TriggerCallback
 .text.TIM_Base_SetConfig
                0x00000000080056ac      0x104 Drivers/STM32F0xx_HAL_Driver/Src/stm32f0xx_hal_tim.o
                0x00000000080056ac                TIM_Base_SetConfig
 .text.TIM_OC1_SetConfig
                0x00000000080057b0      0x188 Drivers/STM32F0xx_HAL_Driver/Src/stm32f0xx_hal_tim.o
 .text.TIM_OC2_SetConfig
                0x0000000008005938      0x180 Drivers/STM32F0xx_HAL_Driver/Src/stm32f0xx_hal_tim.o
                0x0000000008005938                TIM_OC2_SetConfig
 .text.TIM_OC3_SetConfig
                0x0000000008005ab8      0x184 Drivers/STM32F0xx_HAL_Driver/Src/stm32f0xx_hal_tim.o
 .text.TIM_OC4_SetConfig
                0x0000000008005c3c      0x108 Drivers/STM32F0xx_HAL_Driver/Src/stm32f0xx_hal_tim.o
 .text.TIM_TI1_ConfigInputStage
                0x0000000008005d44       0x64 Drivers/STM32F0xx_HAL_Driver/Src/stm32f0xx_hal_tim.o
 .text.TIM_TI2_ConfigInputStage
                0x0000000008005da8       0x6c Drivers/STM32F0xx_HAL_Driver/Src/stm32f0xx_hal_tim.o
 .text.TIM_ITRx_SetConfig
                0x0000000008005e14       0x40 Drivers/STM32F0xx_HAL_Driver/Src/stm32f0xx_hal_tim.o
 .text.TIM_ETR_SetConfig
                0x0000000008005e54       0x44 Drivers/STM32F0xx_HAL_Driver/Src/stm32f0xx_hal_tim.o
                0x0000000008005e54                TIM_ETR_SetConfig
 .text.TIM_CCxChannelCmd
                0x0000000008005e98       0xd8 Drivers/STM32F0xx_HAL_Driver/Src/stm32f0xx_hal_tim.o
                0x0000000008005e98                TIM_CCxChannelCmd
 .text.HAL_TIMEx_OCN_Start
                0x0000000008005f70       0xb4 Drivers/STM32F0xx_HAL_Driver/Src/stm32f0xx_hal_tim_ex.o
                0x0000000008005f70                HAL_TIMEx_OCN_Start
 .text.HAL_TIMEx_OCN_Stop
                0x0000000008006024       0xf0 Drivers/STM32F0xx_HAL_Driver/Src/stm32f0xx_hal_tim_ex.o
                0x0000000008006024                HAL_TIMEx_OCN_Stop
 .text.HAL_TIMEx_MasterConfigSynchronization
                0x0000000008006114      0x150 Drivers/STM32F0xx_HAL_Driver/Src/stm32f0xx_hal_tim_ex.o
                0x0000000008006114                HAL_TIMEx_MasterConfigSynchronization
 .text.HAL_TIMEx_ConfigBreakDeadTime
                0x0000000008006264      0x230 Drivers/STM32F0xx_HAL_Driver/Src/stm32f0xx_hal_tim_ex.o
                0x0000000008006264                HAL_TIMEx_ConfigBreakDeadTime
 .text.HAL_TIMEx_CommutationCallback
                0x0000000008006494       0x10 Drivers/STM32F0xx_HAL_Driver/Src/stm32f0xx_hal_tim_ex.o
                0x0000000008006494                HAL_TIMEx_CommutationCallback
 .text.HAL_TIMEx_BreakCallback
                0x00000000080064a4       0x10 Drivers/STM32F0xx_HAL_Driver/Src/stm32f0xx_hal_tim_ex.o
                0x00000000080064a4                HAL_TIMEx_BreakCallback
 .text.TIM_CCxNChannelCmd
                0x00000000080064b4       0x42 Drivers/STM32F0xx_HAL_Driver/Src/stm32f0xx_hal_tim_ex.o
 *fill*         0x00000000080064f6        0x2 
 .text.HAL_UART_Init
                0x00000000080064f8      0x10c Drivers/STM32F0xx_HAL_Driver/Src/stm32f0xx_hal_uart.o
                0x00000000080064f8                HAL_UART_Init
 .text.UART_SetConfig
                0x0000000008006604      0x444 Drivers/STM32F0xx_HAL_Driver/Src/stm32f0xx_hal_uart.o
                0x0000000008006604                UART_SetConfig
 .text.UART_AdvFeatureConfig
                0x0000000008006a48      0x2e8 Drivers/STM32F0xx_HAL_Driver/Src/stm32f0xx_hal_uart.o
                0x0000000008006a48                UART_AdvFeatureConfig
 .text.UART_CheckIdleState
                0x0000000008006d30       0xa4 Drivers/STM32F0xx_HAL_Driver/Src/stm32f0xx_hal_uart.o
                0x0000000008006d30                UART_CheckIdleState
 .text.UART_WaitOnFlagUntilTimeout
                0x0000000008006dd4       0x98 Drivers/STM32F0xx_HAL_Driver/Src/stm32f0xx_hal_uart.o
                0x0000000008006dd4                UART_WaitOnFlagUntilTimeout
 .text.Reset_Handler
                0x0000000008006e6c       0x50 Startup/startup_stm32f051r8hx.o
                0x0000000008006e6c                Reset_Handler
 .text.Default_Handler
                0x0000000008006ebc        0x2 Startup/startup_stm32f051r8hx.o
                0x0000000008006ebc                TSC_IRQHandler
                0x0000000008006ebc                ADC1_COMP_IRQHandler
                0x0000000008006ebc                PVD_IRQHandler
                0x0000000008006ebc                I2C1_IRQHandler
                0x0000000008006ebc                RCC_CRS_IRQHandler
                0x0000000008006ebc                SPI1_IRQHandler
                0x0000000008006ebc                EXTI2_3_IRQHandler
                0x0000000008006ebc                I2C2_IRQHandler
                0x0000000008006ebc                TIM17_IRQHandler
                0x0000000008006ebc                CEC_CAN_IRQHandler
                0x0000000008006ebc                RTC_IRQHandler
                0x0000000008006ebc                TIM16_IRQHandler
                0x0000000008006ebc                TIM3_IRQHandler
                0x0000000008006ebc                EXTI4_15_IRQHandler
                0x0000000008006ebc                Default_Handler
                0x0000000008006ebc                TIM14_IRQHandler
                0x0000000008006ebc                TIM15_IRQHandler
                0x0000000008006ebc                SPI2_IRQHandler
                0x0000000008006ebc                WWDG_IRQHandler
                0x0000000008006ebc                DMA1_Channel2_3_IRQHandler
                0x0000000008006ebc                USART2_IRQHandler
                0x0000000008006ebc                FLASH_IRQHandler
                0x0000000008006ebc                USART1_IRQHandler
 *fill*         0x0000000008006ebe        0x2 
 .text.__libc_init_array
                0x0000000008006ec0       0x48 c:/stm32cubeide/stm32cubeide/plugins/com.st.stm32cube.ide.mcu.externaltools.gnu-tools-for-stm32.7-2018-q2-update.win32_1.0.0.201904181610/tools/bin/../lib/gcc/arm-none-eabi/7.3.1/../../../../arm-none-eabi/lib/thumb/v6-m\libc_nano.a(lib_a-init.o)
                0x0000000008006ec0                __libc_init_array
 .text.memset   0x0000000008006f08       0x10 c:/stm32cubeide/stm32cubeide/plugins/com.st.stm32cube.ide.mcu.externaltools.gnu-tools-for-stm32.7-2018-q2-update.win32_1.0.0.201904181610/tools/bin/../lib/gcc/arm-none-eabi/7.3.1/../../../../arm-none-eabi/lib/thumb/v6-m\libc_nano.a(lib_a-memset.o)
                0x0000000008006f08                memset
 *(.glue_7)
 .glue_7        0x0000000008006f18        0x0 linker stubs
 *(.glue_7t)
 .glue_7t       0x0000000008006f18        0x0 linker stubs
 *(.eh_frame)
 .eh_frame      0x0000000008006f18        0x0 c:/stm32cubeide/stm32cubeide/plugins/com.st.stm32cube.ide.mcu.externaltools.gnu-tools-for-stm32.7-2018-q2-update.win32_1.0.0.201904181610/tools/bin/../lib/gcc/arm-none-eabi/7.3.1/thumb/v6-m/crtbegin.o
 *(.init)
 .init          0x0000000008006f18        0x4 c:/stm32cubeide/stm32cubeide/plugins/com.st.stm32cube.ide.mcu.externaltools.gnu-tools-for-stm32.7-2018-q2-update.win32_1.0.0.201904181610/tools/bin/../lib/gcc/arm-none-eabi/7.3.1/thumb/v6-m/crti.o
                0x0000000008006f18                _init
 .init          0x0000000008006f1c        0x8 c:/stm32cubeide/stm32cubeide/plugins/com.st.stm32cube.ide.mcu.externaltools.gnu-tools-for-stm32.7-2018-q2-update.win32_1.0.0.201904181610/tools/bin/../lib/gcc/arm-none-eabi/7.3.1/thumb/v6-m/crtn.o
 *(.fini)
 .fini          0x0000000008006f24        0x4 c:/stm32cubeide/stm32cubeide/plugins/com.st.stm32cube.ide.mcu.externaltools.gnu-tools-for-stm32.7-2018-q2-update.win32_1.0.0.201904181610/tools/bin/../lib/gcc/arm-none-eabi/7.3.1/thumb/v6-m/crti.o
                0x0000000008006f24                _fini
 .fini          0x0000000008006f28        0x8 c:/stm32cubeide/stm32cubeide/plugins/com.st.stm32cube.ide.mcu.externaltools.gnu-tools-for-stm32.7-2018-q2-update.win32_1.0.0.201904181610/tools/bin/../lib/gcc/arm-none-eabi/7.3.1/thumb/v6-m/crtn.o
                0x0000000008006f30                . = ALIGN (0x4)
                0x0000000008006f30                _etext = .

.vfp11_veneer   0x0000000008006f30        0x0
 .vfp11_veneer  0x0000000008006f30        0x0 linker stubs

.v4_bx          0x0000000008006f30        0x0
 .v4_bx         0x0000000008006f30        0x0 linker stubs

.iplt           0x0000000008006f30        0x0
 .iplt          0x0000000008006f30        0x0 c:/stm32cubeide/stm32cubeide/plugins/com.st.stm32cube.ide.mcu.externaltools.gnu-tools-for-stm32.7-2018-q2-update.win32_1.0.0.201904181610/tools/bin/../lib/gcc/arm-none-eabi/7.3.1/thumb/v6-m/crtbegin.o

.rodata         0x0000000008006f30      0x2f0
                0x0000000008006f30                . = ALIGN (0x4)
 *(.rodata)
 .rodata        0x0000000008006f30       0x38 Drivers/STM32F0xx_HAL_Driver/Src/stm32f0xx_hal_adc.o
 .rodata        0x0000000008006f68       0x3b Drivers/STM32F0xx_HAL_Driver/Src/stm32f0xx_hal_cortex.o
 *fill*         0x0000000008006fa3        0x1 
 .rodata        0x0000000008006fa4       0x38 Drivers/STM32F0xx_HAL_Driver/Src/stm32f0xx_hal_crc.o
 .rodata        0x0000000008006fdc       0x38 Drivers/STM32F0xx_HAL_Driver/Src/stm32f0xx_hal_dac.o
 .rodata        0x0000000008007014       0x3b Drivers/STM32F0xx_HAL_Driver/Src/stm32f0xx_hal_dac_ex.o
 *fill*         0x000000000800704f        0x1 
 .rodata        0x0000000008007050       0x38 Drivers/STM32F0xx_HAL_Driver/Src/stm32f0xx_hal_dma.o
 .rodata        0x0000000008007088       0x39 Drivers/STM32F0xx_HAL_Driver/Src/stm32f0xx_hal_gpio.o
 *fill*         0x00000000080070c1        0x3 
 .rodata        0x00000000080070c4       0x39 Drivers/STM32F0xx_HAL_Driver/Src/stm32f0xx_hal_iwdg.o
 *fill*         0x00000000080070fd        0x3 
 .rodata        0x0000000008007100       0x58 Drivers/STM32F0xx_HAL_Driver/Src/stm32f0xx_hal_rcc.o
 .rodata        0x0000000008007158       0x38 Drivers/STM32F0xx_HAL_Driver/Src/stm32f0xx_hal_tim.o
 .rodata        0x0000000008007190       0x3b Drivers/STM32F0xx_HAL_Driver/Src/stm32f0xx_hal_tim_ex.o
 *fill*         0x00000000080071cb        0x1 
 .rodata        0x00000000080071cc       0x39 Drivers/STM32F0xx_HAL_Driver/Src/stm32f0xx_hal_uart.o
 *(.rodata*)
 *fill*         0x0000000008007205        0x3 
 .rodata.AHBPrescTable
                0x0000000008007208       0x10 Core/Src/system_stm32f0xx.o
                0x0000000008007208                AHBPrescTable
 .rodata.APBPrescTable
                0x0000000008007218        0x8 Core/Src/system_stm32f0xx.o
                0x0000000008007218                APBPrescTable
                0x0000000008007220                . = ALIGN (0x4)

.rel.dyn        0x0000000008007220        0x0
 .rel.iplt      0x0000000008007220        0x0 c:/stm32cubeide/stm32cubeide/plugins/com.st.stm32cube.ide.mcu.externaltools.gnu-tools-for-stm32.7-2018-q2-update.win32_1.0.0.201904181610/tools/bin/../lib/gcc/arm-none-eabi/7.3.1/thumb/v6-m/crtbegin.o

.ARM.extab      0x0000000008007220        0x0
                0x0000000008007220                . = ALIGN (0x4)
 *(.ARM.extab* .gnu.linkonce.armextab.*)
                0x0000000008007220                . = ALIGN (0x4)

.ARM            0x0000000008007220        0x0
                0x0000000008007220                . = ALIGN (0x4)
                0x0000000008007220                __exidx_start = .
 *(.ARM.exidx*)
                0x0000000008007220                __exidx_end = .
                0x0000000008007220                . = ALIGN (0x4)

.preinit_array  0x0000000008007220        0x0
                0x0000000008007220                . = ALIGN (0x4)
                0x0000000008007220                PROVIDE (__preinit_array_start = .)
 *(.preinit_array*)
                0x0000000008007220                PROVIDE (__preinit_array_end = .)
                0x0000000008007220                . = ALIGN (0x4)

.init_array     0x0000000008007220        0x4
                0x0000000008007220                . = ALIGN (0x4)
                0x0000000008007220                PROVIDE (__init_array_start = .)
 *(SORT_BY_NAME(.init_array.*))
 *(.init_array*)
 .init_array    0x0000000008007220        0x4 c:/stm32cubeide/stm32cubeide/plugins/com.st.stm32cube.ide.mcu.externaltools.gnu-tools-for-stm32.7-2018-q2-update.win32_1.0.0.201904181610/tools/bin/../lib/gcc/arm-none-eabi/7.3.1/thumb/v6-m/crtbegin.o
                0x0000000008007224                PROVIDE (__init_array_end = .)
                0x0000000008007224                . = ALIGN (0x4)

.fini_array     0x0000000008007224        0x4
                0x0000000008007224                . = ALIGN (0x4)
                [!provide]                        PROVIDE (__fini_array_start = .)
 *(SORT_BY_NAME(.fini_array.*))
 *(.fini_array*)
 .fini_array    0x0000000008007224        0x4 c:/stm32cubeide/stm32cubeide/plugins/com.st.stm32cube.ide.mcu.externaltools.gnu-tools-for-stm32.7-2018-q2-update.win32_1.0.0.201904181610/tools/bin/../lib/gcc/arm-none-eabi/7.3.1/thumb/v6-m/crtbegin.o
                [!provide]                        PROVIDE (__fini_array_end = .)
                0x0000000008007228                . = ALIGN (0x4)
                0x0000000008007228                _sidata = LOADADDR (.data)

.data           0x0000000020000000      0x3d0 load address 0x0000000008007228
                0x0000000020000000                . = ALIGN (0x4)
                0x0000000020000000                _sdata = .
 *(.data)
 *(.data*)
 .data.SystemCoreClock
                0x0000000020000000        0x4 Core/Src/system_stm32f0xx.o
                0x0000000020000000                SystemCoreClock
 .data.BlockGenerator
                0x0000000020000004        0x4 Core/Src/digiTOS/digiTOS-Core.o
                0x0000000020000004                BlockGenerator
 .data.adcOC_V_Avg
                0x0000000020000008        0x4 Core/Src/digiTOS/digiTOS-Core.o
                0x0000000020000008                adcOC_V_Avg
 .data.CurrentMargin
                0x000000002000000c        0x1 Core/Src/digiTOS/digiTOS-Core.o
                0x000000002000000c                CurrentMargin
 *fill*         0x000000002000000d        0x3 
 .data.sin_data
                0x0000000020000010      0x3c0 Core/Src/digiTOS/digiTOS-DAC_Sinus.o
                0x0000000020000010                sin_data
                0x00000000200003d0                . = ALIGN (0x4)
                0x00000000200003d0                _edata = .

.igot.plt       0x00000000200003d0        0x0 load address 0x00000000080075f8
 .igot.plt      0x00000000200003d0        0x0 c:/stm32cubeide/stm32cubeide/plugins/com.st.stm32cube.ide.mcu.externaltools.gnu-tools-for-stm32.7-2018-q2-update.win32_1.0.0.201904181610/tools/bin/../lib/gcc/arm-none-eabi/7.3.1/thumb/v6-m/crtbegin.o
                0x00000000200003d0                . = ALIGN (0x4)

.bss            0x00000000200003d0      0x2a8 load address 0x00000000080075f8
                0x00000000200003d0                _sbss = .
                0x00000000200003d0                __bss_start__ = _sbss
 *(.bss)
 .bss           0x00000000200003d0       0x1c c:/stm32cubeide/stm32cubeide/plugins/com.st.stm32cube.ide.mcu.externaltools.gnu-tools-for-stm32.7-2018-q2-update.win32_1.0.0.201904181610/tools/bin/../lib/gcc/arm-none-eabi/7.3.1/thumb/v6-m/crtbegin.o
 *(.bss*)
 .bss.UseSoftStart
                0x00000000200003ec        0x4 Core/Src/digiTOS/digiTOS-Core.o
                0x00000000200003ec                UseSoftStart
 .bss.IsGenerator
                0x00000000200003f0        0x4 Core/Src/digiTOS/digiTOS-Core.o
                0x00000000200003f0                IsGenerator
 .bss.IsSinus   0x00000000200003f4        0x4 Core/Src/digiTOS/digiTOS-Core.o
                0x00000000200003f4                IsSinus
 .bss.ADC_Cnt   0x00000000200003f8        0x4 Core/Src/digiTOS/digiTOS-Core.o
                0x00000000200003f8                ADC_Cnt
 .bss.sin_step  0x00000000200003fc        0x2 Core/Src/digiTOS/digiTOS-DAC_Sinus.o
                0x00000000200003fc                sin_step
 *(COMMON)
 *fill*         0x00000000200003fe        0x2 
 COMMON         0x0000000020000400       0x90 Core/Src/adc.o
                0x0000000020000400                hdma_adc
                0x0000000020000444                hadc
 COMMON         0x0000000020000490       0x24 Core/Src/crc.o
                0x0000000020000490                hcrc
 COMMON         0x00000000200004b4       0x14 Core/Src/dac.o
                0x00000000200004b4                hdac1
 COMMON         0x00000000200004c8       0x10 Core/Src/iwdg.o
                0x00000000200004c8                hiwdg
 COMMON         0x00000000200004d8       0x80 Core/Src/tim.o
                0x00000000200004d8                htim1
                0x0000000020000518                htim2
 COMMON         0x0000000020000558       0xf8 Core/Src/usart.o
                0x0000000020000558                hdma_usart2_rx
                0x000000002000059c                hdma_usart2_tx
                0x00000000200005e0                huart2
 COMMON         0x0000000020000650       0x24 Core/Src/digiTOS/digiTOS-Core.o
                0x0000000020000650                adcKlapan
                0x0000000020000654                adcOC_V
                0x0000000020000658                adcWienZero_Avg
                0x000000002000065c                adcWienZero
                0x0000000020000660                adcOC_I
                0x0000000020000664                ADC_Data
                0x0000000020000670                adcPolka
 COMMON         0x0000000020000674        0x4 Drivers/STM32F0xx_HAL_Driver/Src/stm32f0xx_hal.o
                0x0000000020000674                uwTick
                0x0000000020000678                . = ALIGN (0x4)
                0x0000000020000678                _ebss = .
                0x0000000020000678                __bss_end__ = _ebss

._user_heap_stack
                0x0000000020000678      0x600 load address 0x00000000080075f8
                0x0000000020000678                . = ALIGN (0x8)
                0x0000000020000678                PROVIDE (end = .)
                [!provide]                        PROVIDE (_end = .)
                0x0000000020000878                . = (. + _Min_Heap_Size)
 *fill*         0x0000000020000678      0x200 
                0x0000000020000c78                . = (. + _Min_Stack_Size)
 *fill*         0x0000000020000878      0x400 
                0x0000000020000c78                . = ALIGN (0x8)

/DISCARD/
 libc.a(*)
 libm.a(*)
 libgcc.a(*)

.ARM.attributes
                0x0000000000000000       0x28
 *(.ARM.attributes)
 .ARM.attributes
                0x0000000000000000       0x1e c:/stm32cubeide/stm32cubeide/plugins/com.st.stm32cube.ide.mcu.externaltools.gnu-tools-for-stm32.7-2018-q2-update.win32_1.0.0.201904181610/tools/bin/../lib/gcc/arm-none-eabi/7.3.1/thumb/v6-m/crti.o
 .ARM.attributes
                0x000000000000001e       0x2c c:/stm32cubeide/stm32cubeide/plugins/com.st.stm32cube.ide.mcu.externaltools.gnu-tools-for-stm32.7-2018-q2-update.win32_1.0.0.201904181610/tools/bin/../lib/gcc/arm-none-eabi/7.3.1/thumb/v6-m/crtbegin.o
 .ARM.attributes
                0x000000000000004a       0x31 Core/Src/adc.o
 .ARM.attributes
                0x000000000000007b       0x31 Core/Src/crc.o
 .ARM.attributes
                0x00000000000000ac       0x31 Core/Src/dac.o
 .ARM.attributes
                0x00000000000000dd       0x31 Core/Src/dma.o
 .ARM.attributes
                0x000000000000010e       0x31 Core/Src/gpio.o
 .ARM.attributes
                0x000000000000013f       0x31 Core/Src/iwdg.o
 .ARM.attributes
                0x0000000000000170       0x31 Core/Src/main.o
 .ARM.attributes
                0x00000000000001a1       0x31 Core/Src/stm32f0xx_hal_msp.o
 .ARM.attributes
                0x00000000000001d2       0x31 Core/Src/stm32f0xx_it.o
 .ARM.attributes
                0x0000000000000203       0x31 Core/Src/system_stm32f0xx.o
 .ARM.attributes
                0x0000000000000234       0x31 Core/Src/tim.o
 .ARM.attributes
                0x0000000000000265       0x31 Core/Src/usart.o
 .ARM.attributes
                0x0000000000000296       0x31 Core/Src/digiTOS/digiTOS-50Hz.o
 .ARM.attributes
                0x00000000000002c7       0x31 Core/Src/digiTOS/digiTOS-Core.o
 .ARM.attributes
                0x00000000000002f8       0x31 Core/Src/digiTOS/digiTOS-DAC_Sinus.o
 .ARM.attributes
                0x0000000000000329       0x31 Core/Src/digiTOS/digiTOS-IWDG.o
 .ARM.attributes
                0x000000000000035a       0x31 Drivers/STM32F0xx_HAL_Driver/Src/stm32f0xx_hal.o
 .ARM.attributes
                0x000000000000038b       0x31 Drivers/STM32F0xx_HAL_Driver/Src/stm32f0xx_hal_adc.o
 .ARM.attributes
                0x00000000000003bc       0x31 Drivers/STM32F0xx_HAL_Driver/Src/stm32f0xx_hal_cortex.o
 .ARM.attributes
                0x00000000000003ed       0x31 Drivers/STM32F0xx_HAL_Driver/Src/stm32f0xx_hal_crc.o
 .ARM.attributes
                0x000000000000041e       0x31 Drivers/STM32F0xx_HAL_Driver/Src/stm32f0xx_hal_crc_ex.o
 .ARM.attributes
                0x000000000000044f       0x31 Drivers/STM32F0xx_HAL_Driver/Src/stm32f0xx_hal_dac.o
 .ARM.attributes
                0x0000000000000480       0x31 Drivers/STM32F0xx_HAL_Driver/Src/stm32f0xx_hal_dac_ex.o
 .ARM.attributes
                0x00000000000004b1       0x31 Drivers/STM32F0xx_HAL_Driver/Src/stm32f0xx_hal_dma.o
 .ARM.attributes
                0x00000000000004e2       0x31 Drivers/STM32F0xx_HAL_Driver/Src/stm32f0xx_hal_gpio.o
 .ARM.attributes
                0x0000000000000513       0x31 Drivers/STM32F0xx_HAL_Driver/Src/stm32f0xx_hal_iwdg.o
 .ARM.attributes
                0x0000000000000544       0x31 Drivers/STM32F0xx_HAL_Driver/Src/stm32f0xx_hal_rcc.o
 .ARM.attributes
                0x0000000000000575       0x31 Drivers/STM32F0xx_HAL_Driver/Src/stm32f0xx_hal_tim.o
 .ARM.attributes
                0x00000000000005a6       0x31 Drivers/STM32F0xx_HAL_Driver/Src/stm32f0xx_hal_tim_ex.o
 .ARM.attributes
                0x00000000000005d7       0x31 Drivers/STM32F0xx_HAL_Driver/Src/stm32f0xx_hal_uart.o
 .ARM.attributes
                0x0000000000000608       0x21 Startup/startup_stm32f051r8hx.o
 .ARM.attributes
                0x0000000000000629       0x2c c:/stm32cubeide/stm32cubeide/plugins/com.st.stm32cube.ide.mcu.externaltools.gnu-tools-for-stm32.7-2018-q2-update.win32_1.0.0.201904181610/tools/bin/../lib/gcc/arm-none-eabi/7.3.1/../../../../arm-none-eabi/lib/thumb/v6-m\libc_nano.a(lib_a-init.o)
 .ARM.attributes
                0x0000000000000655       0x2c c:/stm32cubeide/stm32cubeide/plugins/com.st.stm32cube.ide.mcu.externaltools.gnu-tools-for-stm32.7-2018-q2-update.win32_1.0.0.201904181610/tools/bin/../lib/gcc/arm-none-eabi/7.3.1/../../../../arm-none-eabi/lib/thumb/v6-m\libc_nano.a(lib_a-memset.o)
 .ARM.attributes
                0x0000000000000681       0x1e c:/stm32cubeide/stm32cubeide/plugins/com.st.stm32cube.ide.mcu.externaltools.gnu-tools-for-stm32.7-2018-q2-update.win32_1.0.0.201904181610/tools/bin/../lib/gcc/arm-none-eabi/7.3.1/thumb/v6-m\libgcc.a(_udivsi3.o)
 .ARM.attributes
                0x000000000000069f       0x1e c:/stm32cubeide/stm32cubeide/plugins/com.st.stm32cube.ide.mcu.externaltools.gnu-tools-for-stm32.7-2018-q2-update.win32_1.0.0.201904181610/tools/bin/../lib/gcc/arm-none-eabi/7.3.1/thumb/v6-m\libgcc.a(_dvmd_tls.o)
 .ARM.attributes
                0x00000000000006bd       0x1e c:/stm32cubeide/stm32cubeide/plugins/com.st.stm32cube.ide.mcu.externaltools.gnu-tools-for-stm32.7-2018-q2-update.win32_1.0.0.201904181610/tools/bin/../lib/gcc/arm-none-eabi/7.3.1/thumb/v6-m/crtn.o
OUTPUT(uniDi.elf elf32-littlearm)

.debug_info     0x0000000000000000    0x1fae9
 .debug_info    0x0000000000000000     0x101b Core/Src/adc.o
 .debug_info    0x000000000000101b      0xc36 Core/Src/crc.o
 .debug_info    0x0000000000001c51     0x100f Core/Src/dac.o
 .debug_info    0x0000000000002c60      0xad9 Core/Src/dma.o
 .debug_info    0x0000000000003739      0xc84 Core/Src/gpio.o
 .debug_info    0x00000000000043bd      0xa17 Core/Src/iwdg.o
 .debug_info    0x0000000000004dd4     0x19f7 Core/Src/main.o
 .debug_info    0x00000000000067cb      0xa1b Core/Src/stm32f0xx_hal_msp.o
 .debug_info    0x00000000000071e6     0x134c Core/Src/stm32f0xx_it.o
 .debug_info    0x0000000000008532      0xa60 Core/Src/system_stm32f0xx.o
 .debug_info    0x0000000000008f92     0x15d5 Core/Src/tim.o
 .debug_info    0x000000000000a567     0x10e2 Core/Src/usart.o
 .debug_info    0x000000000000b649     0x121d Core/Src/digiTOS/digiTOS-50Hz.o
 .debug_info    0x000000000000c866     0x1528 Core/Src/digiTOS/digiTOS-Core.o
 .debug_info    0x000000000000dd8e     0x1224 Core/Src/digiTOS/digiTOS-DAC_Sinus.o
 .debug_info    0x000000000000efb2      0xb76 Core/Src/digiTOS/digiTOS-IWDG.o
 .debug_info    0x000000000000fb28      0xddb Drivers/STM32F0xx_HAL_Driver/Src/stm32f0xx_hal.o
 .debug_info    0x0000000000010903     0x144e Drivers/STM32F0xx_HAL_Driver/Src/stm32f0xx_hal_adc.o
 .debug_info    0x0000000000011d51      0xf27 Drivers/STM32F0xx_HAL_Driver/Src/stm32f0xx_hal_cortex.o
 .debug_info    0x0000000000012c78      0xd33 Drivers/STM32F0xx_HAL_Driver/Src/stm32f0xx_hal_crc.o
 .debug_info    0x00000000000139ab      0xb7d Drivers/STM32F0xx_HAL_Driver/Src/stm32f0xx_hal_crc_ex.o
 .debug_info    0x0000000000014528     0x1061 Drivers/STM32F0xx_HAL_Driver/Src/stm32f0xx_hal_dac.o
 .debug_info    0x0000000000015589      0xf66 Drivers/STM32F0xx_HAL_Driver/Src/stm32f0xx_hal_dac_ex.o
 .debug_info    0x00000000000164ef      0xf5d Drivers/STM32F0xx_HAL_Driver/Src/stm32f0xx_hal_dma.o
 .debug_info    0x000000000001744c      0xe52 Drivers/STM32F0xx_HAL_Driver/Src/stm32f0xx_hal_gpio.o
 .debug_info    0x000000000001829e      0xa73 Drivers/STM32F0xx_HAL_Driver/Src/stm32f0xx_hal_iwdg.o
 .debug_info    0x0000000000018d11      0xf9b Drivers/STM32F0xx_HAL_Driver/Src/stm32f0xx_hal_rcc.o
 .debug_info    0x0000000000019cac     0x2a8f Drivers/STM32F0xx_HAL_Driver/Src/stm32f0xx_hal_tim.o
 .debug_info    0x000000000001c73b     0x183b Drivers/STM32F0xx_HAL_Driver/Src/stm32f0xx_hal_tim_ex.o
 .debug_info    0x000000000001df76     0x1b51 Drivers/STM32F0xx_HAL_Driver/Src/stm32f0xx_hal_uart.o
 .debug_info    0x000000000001fac7       0x22 Startup/startup_stm32f051r8hx.o

.debug_abbrev   0x0000000000000000     0x4013
 .debug_abbrev  0x0000000000000000      0x20c Core/Src/adc.o
 .debug_abbrev  0x000000000000020c      0x1f0 Core/Src/crc.o
 .debug_abbrev  0x00000000000003fc      0x204 Core/Src/dac.o
 .debug_abbrev  0x0000000000000600      0x1c3 Core/Src/dma.o
 .debug_abbrev  0x00000000000007c3      0x1ce Core/Src/gpio.o
 .debug_abbrev  0x0000000000000991      0x1af Core/Src/iwdg.o
 .debug_abbrev  0x0000000000000b40      0x228 Core/Src/main.o
 .debug_abbrev  0x0000000000000d68      0x1ab Core/Src/stm32f0xx_hal_msp.o
 .debug_abbrev  0x0000000000000f13      0x1ec Core/Src/stm32f0xx_it.o
 .debug_abbrev  0x00000000000010ff      0x1cd Core/Src/system_stm32f0xx.o
 .debug_abbrev  0x00000000000012cc      0x215 Core/Src/tim.o
 .debug_abbrev  0x00000000000014e1      0x20c Core/Src/usart.o
 .debug_abbrev  0x00000000000016ed      0x1fb Core/Src/digiTOS/digiTOS-50Hz.o
 .debug_abbrev  0x00000000000018e8      0x249 Core/Src/digiTOS/digiTOS-Core.o
 .debug_abbrev  0x0000000000001b31      0x1df Core/Src/digiTOS/digiTOS-DAC_Sinus.o
 .debug_abbrev  0x0000000000001d10      0x1da Core/Src/digiTOS/digiTOS-IWDG.o
 .debug_abbrev  0x0000000000001eea      0x26b Drivers/STM32F0xx_HAL_Driver/Src/stm32f0xx_hal.o
 .debug_abbrev  0x0000000000002155      0x25c Drivers/STM32F0xx_HAL_Driver/Src/stm32f0xx_hal_adc.o
 .debug_abbrev  0x00000000000023b1      0x2fa Drivers/STM32F0xx_HAL_Driver/Src/stm32f0xx_hal_cortex.o
 .debug_abbrev  0x00000000000026ab      0x25b Drivers/STM32F0xx_HAL_Driver/Src/stm32f0xx_hal_crc.o
 .debug_abbrev  0x0000000000002906      0x1c2 Drivers/STM32F0xx_HAL_Driver/Src/stm32f0xx_hal_crc_ex.o
 .debug_abbrev  0x0000000000002ac8      0x216 Drivers/STM32F0xx_HAL_Driver/Src/stm32f0xx_hal_dac.o
 .debug_abbrev  0x0000000000002cde      0x24e Drivers/STM32F0xx_HAL_Driver/Src/stm32f0xx_hal_dac_ex.o
 .debug_abbrev  0x0000000000002f2c      0x27a Drivers/STM32F0xx_HAL_Driver/Src/stm32f0xx_hal_dma.o
 .debug_abbrev  0x00000000000031a6      0x251 Drivers/STM32F0xx_HAL_Driver/Src/stm32f0xx_hal_gpio.o
 .debug_abbrev  0x00000000000033f7      0x1e7 Drivers/STM32F0xx_HAL_Driver/Src/stm32f0xx_hal_iwdg.o
 .debug_abbrev  0x00000000000035de      0x26c Drivers/STM32F0xx_HAL_Driver/Src/stm32f0xx_hal_rcc.o
 .debug_abbrev  0x000000000000384a      0x2b2 Drivers/STM32F0xx_HAL_Driver/Src/stm32f0xx_hal_tim.o
 .debug_abbrev  0x0000000000003afc      0x28f Drivers/STM32F0xx_HAL_Driver/Src/stm32f0xx_hal_tim_ex.o
 .debug_abbrev  0x0000000000003d8b      0x276 Drivers/STM32F0xx_HAL_Driver/Src/stm32f0xx_hal_uart.o
 .debug_abbrev  0x0000000000004001       0x12 Startup/startup_stm32f051r8hx.o

.debug_aranges  0x0000000000000000      0xfb8
 .debug_aranges
                0x0000000000000000       0x30 Core/Src/adc.o
 .debug_aranges
                0x0000000000000030       0x30 Core/Src/crc.o
 .debug_aranges
                0x0000000000000060       0x30 Core/Src/dac.o
 .debug_aranges
                0x0000000000000090       0x20 Core/Src/dma.o
 .debug_aranges
                0x00000000000000b0       0x20 Core/Src/gpio.o
 .debug_aranges
                0x00000000000000d0       0x20 Core/Src/iwdg.o
 .debug_aranges
                0x00000000000000f0       0x40 Core/Src/main.o
 .debug_aranges
                0x0000000000000130       0x20 Core/Src/stm32f0xx_hal_msp.o
 .debug_aranges
                0x0000000000000150       0x78 Core/Src/stm32f0xx_it.o
 .debug_aranges
                0x00000000000001c8       0x28 Core/Src/system_stm32f0xx.o
 .debug_aranges
                0x00000000000001f0       0x40 Core/Src/tim.o
 .debug_aranges
                0x0000000000000230       0x30 Core/Src/usart.o
 .debug_aranges
                0x0000000000000260       0x40 Core/Src/digiTOS/digiTOS-50Hz.o
 .debug_aranges
                0x00000000000002a0       0x58 Core/Src/digiTOS/digiTOS-Core.o
 .debug_aranges
                0x00000000000002f8       0x40 Core/Src/digiTOS/digiTOS-DAC_Sinus.o
 .debug_aranges
                0x0000000000000338       0x28 Core/Src/digiTOS/digiTOS-IWDG.o
 .debug_aranges
                0x0000000000000360       0xb8 Drivers/STM32F0xx_HAL_Driver/Src/stm32f0xx_hal.o
 .debug_aranges
                0x0000000000000418       0xf8 Drivers/STM32F0xx_HAL_Driver/Src/stm32f0xx_hal_adc.o
 .debug_aranges
                0x0000000000000510       0xc0 Drivers/STM32F0xx_HAL_Driver/Src/stm32f0xx_hal_cortex.o
 .debug_aranges
                0x00000000000005d0       0x60 Drivers/STM32F0xx_HAL_Driver/Src/stm32f0xx_hal_crc.o
 .debug_aranges
                0x0000000000000630       0x30 Drivers/STM32F0xx_HAL_Driver/Src/stm32f0xx_hal_crc_ex.o
 .debug_aranges
                0x0000000000000660       0xa8 Drivers/STM32F0xx_HAL_Driver/Src/stm32f0xx_hal_dac.o
 .debug_aranges
                0x0000000000000708       0x68 Drivers/STM32F0xx_HAL_Driver/Src/stm32f0xx_hal_dac_ex.o
 .debug_aranges
                0x0000000000000770       0x88 Drivers/STM32F0xx_HAL_Driver/Src/stm32f0xx_hal_dma.o
 .debug_aranges
                0x00000000000007f8       0x58 Drivers/STM32F0xx_HAL_Driver/Src/stm32f0xx_hal_gpio.o
 .debug_aranges
                0x0000000000000850       0x28 Drivers/STM32F0xx_HAL_Driver/Src/stm32f0xx_hal_iwdg.o
 .debug_aranges
                0x0000000000000878       0x80 Drivers/STM32F0xx_HAL_Driver/Src/stm32f0xx_hal_rcc.o
 .debug_aranges
                0x00000000000008f8      0x378 Drivers/STM32F0xx_HAL_Driver/Src/stm32f0xx_hal_tim.o
 .debug_aranges
                0x0000000000000c70      0x148 Drivers/STM32F0xx_HAL_Driver/Src/stm32f0xx_hal_tim_ex.o
 .debug_aranges
                0x0000000000000db8      0x1d8 Drivers/STM32F0xx_HAL_Driver/Src/stm32f0xx_hal_uart.o
 .debug_aranges
                0x0000000000000f90       0x28 Startup/startup_stm32f051r8hx.o

.debug_ranges   0x0000000000000000      0xdd0
 .debug_ranges  0x0000000000000000       0x20 Core/Src/adc.o
 .debug_ranges  0x0000000000000020       0x20 Core/Src/crc.o
 .debug_ranges  0x0000000000000040       0x20 Core/Src/dac.o
 .debug_ranges  0x0000000000000060       0x10 Core/Src/dma.o
 .debug_ranges  0x0000000000000070       0x10 Core/Src/gpio.o
 .debug_ranges  0x0000000000000080       0x10 Core/Src/iwdg.o
 .debug_ranges  0x0000000000000090       0x30 Core/Src/main.o
 .debug_ranges  0x00000000000000c0       0x10 Core/Src/stm32f0xx_hal_msp.o
 .debug_ranges  0x00000000000000d0       0x68 Core/Src/stm32f0xx_it.o
 .debug_ranges  0x0000000000000138       0x18 Core/Src/system_stm32f0xx.o
 .debug_ranges  0x0000000000000150       0x30 Core/Src/tim.o
 .debug_ranges  0x0000000000000180       0x20 Core/Src/usart.o
 .debug_ranges  0x00000000000001a0       0x30 Core/Src/digiTOS/digiTOS-50Hz.o
 .debug_ranges  0x00000000000001d0       0x48 Core/Src/digiTOS/digiTOS-Core.o
 .debug_ranges  0x0000000000000218       0x30 Core/Src/digiTOS/digiTOS-DAC_Sinus.o
 .debug_ranges  0x0000000000000248       0x18 Core/Src/digiTOS/digiTOS-IWDG.o
 .debug_ranges  0x0000000000000260       0xa8 Drivers/STM32F0xx_HAL_Driver/Src/stm32f0xx_hal.o
 .debug_ranges  0x0000000000000308       0xe8 Drivers/STM32F0xx_HAL_Driver/Src/stm32f0xx_hal_adc.o
 .debug_ranges  0x00000000000003f0       0xb0 Drivers/STM32F0xx_HAL_Driver/Src/stm32f0xx_hal_cortex.o
 .debug_ranges  0x00000000000004a0       0x50 Drivers/STM32F0xx_HAL_Driver/Src/stm32f0xx_hal_crc.o
 .debug_ranges  0x00000000000004f0       0x20 Drivers/STM32F0xx_HAL_Driver/Src/stm32f0xx_hal_crc_ex.o
 .debug_ranges  0x0000000000000510       0x98 Drivers/STM32F0xx_HAL_Driver/Src/stm32f0xx_hal_dac.o
 .debug_ranges  0x00000000000005a8       0x58 Drivers/STM32F0xx_HAL_Driver/Src/stm32f0xx_hal_dac_ex.o
 .debug_ranges  0x0000000000000600       0x78 Drivers/STM32F0xx_HAL_Driver/Src/stm32f0xx_hal_dma.o
 .debug_ranges  0x0000000000000678       0x48 Drivers/STM32F0xx_HAL_Driver/Src/stm32f0xx_hal_gpio.o
 .debug_ranges  0x00000000000006c0       0x18 Drivers/STM32F0xx_HAL_Driver/Src/stm32f0xx_hal_iwdg.o
 .debug_ranges  0x00000000000006d8       0x70 Drivers/STM32F0xx_HAL_Driver/Src/stm32f0xx_hal_rcc.o
 .debug_ranges  0x0000000000000748      0x368 Drivers/STM32F0xx_HAL_Driver/Src/stm32f0xx_hal_tim.o
 .debug_ranges  0x0000000000000ab0      0x138 Drivers/STM32F0xx_HAL_Driver/Src/stm32f0xx_hal_tim_ex.o
 .debug_ranges  0x0000000000000be8      0x1c8 Drivers/STM32F0xx_HAL_Driver/Src/stm32f0xx_hal_uart.o
 .debug_ranges  0x0000000000000db0       0x20 Startup/startup_stm32f051r8hx.o

.debug_macro    0x0000000000000000    0x14315
 .debug_macro   0x0000000000000000      0x36b Core/Src/adc.o
 .debug_macro   0x000000000000036b      0xa48 Core/Src/adc.o
 .debug_macro   0x0000000000000db3       0xd0 Core/Src/adc.o
 .debug_macro   0x0000000000000e83       0x2e Core/Src/adc.o
 .debug_macro   0x0000000000000eb1       0x22 Core/Src/adc.o
 .debug_macro   0x0000000000000ed3       0x22 Core/Src/adc.o
 .debug_macro   0x0000000000000ef5       0x8e Core/Src/adc.o
 .debug_macro   0x0000000000000f83       0x51 Core/Src/adc.o
 .debug_macro   0x0000000000000fd4       0xef Core/Src/adc.o
 .debug_macro   0x00000000000010c3       0x6a Core/Src/adc.o
 .debug_macro   0x000000000000112d      0x1df Core/Src/adc.o
 .debug_macro   0x000000000000130c       0x34 Core/Src/adc.o
 .debug_macro   0x0000000000001340       0x26 Core/Src/adc.o
 .debug_macro   0x0000000000001366      0x30d Core/Src/adc.o
 .debug_macro   0x0000000000001673     0x8d15 Core/Src/adc.o
 .debug_macro   0x000000000000a388       0x3c Core/Src/adc.o
 .debug_macro   0x000000000000a3c4       0x46 Core/Src/adc.o
 .debug_macro   0x000000000000a40a       0x18 Core/Src/adc.o
 .debug_macro   0x000000000000a422       0x3c Core/Src/adc.o
 .debug_macro   0x000000000000a45e       0x34 Core/Src/adc.o
 .debug_macro   0x000000000000a492       0x16 Core/Src/adc.o
 .debug_macro   0x000000000000a4a8       0x97 Core/Src/adc.o
 .debug_macro   0x000000000000a53f      0x330 Core/Src/adc.o
 .debug_macro   0x000000000000a86f       0xfd Core/Src/adc.o
 .debug_macro   0x000000000000a96c       0x10 Core/Src/adc.o
 .debug_macro   0x000000000000a97c       0x52 Core/Src/adc.o
 .debug_macro   0x000000000000a9ce       0x1f Core/Src/adc.o
 .debug_macro   0x000000000000a9ed       0x43 Core/Src/adc.o
 .debug_macro   0x000000000000aa30       0x20 Core/Src/adc.o
 .debug_macro   0x000000000000aa50      0x1a3 Core/Src/adc.o
 .debug_macro   0x000000000000abf3       0x10 Core/Src/adc.o
 .debug_macro   0x000000000000ac03       0x1c Core/Src/adc.o
 .debug_macro   0x000000000000ac1f       0x52 Core/Src/adc.o
 .debug_macro   0x000000000000ac71       0x40 Core/Src/adc.o
 .debug_macro   0x000000000000acb1       0x10 Core/Src/adc.o
 .debug_macro   0x000000000000acc1       0x40 Core/Src/adc.o
 .debug_macro   0x000000000000ad01       0xd7 Core/Src/adc.o
 .debug_macro   0x000000000000add8       0x1c Core/Src/adc.o
 .debug_macro   0x000000000000adf4       0x3d Core/Src/adc.o
 .debug_macro   0x000000000000ae31       0x16 Core/Src/adc.o
 .debug_macro   0x000000000000ae47      0x145 Core/Src/adc.o
 .debug_macro   0x000000000000af8c       0x50 Core/Src/adc.o
 .debug_macro   0x000000000000afdc      0x92f Core/Src/adc.o
 .debug_macro   0x000000000000b90b      0x252 Core/Src/adc.o
 .debug_macro   0x000000000000bb5d      0x13a Core/Src/adc.o
 .debug_macro   0x000000000000bc97      0x114 Core/Src/adc.o
 .debug_macro   0x000000000000bdab      0x1ed Core/Src/adc.o
 .debug_macro   0x000000000000bf98       0x34 Core/Src/adc.o
 .debug_macro   0x000000000000bfcc       0x43 Core/Src/adc.o
 .debug_macro   0x000000000000c00f       0x28 Core/Src/adc.o
 .debug_macro   0x000000000000c037      0x33d Core/Src/adc.o
 .debug_macro   0x000000000000c374       0xd4 Core/Src/adc.o
 .debug_macro   0x000000000000c448       0x81 Core/Src/adc.o
 .debug_macro   0x000000000000c4c9       0x5a Core/Src/adc.o
 .debug_macro   0x000000000000c523       0x12 Core/Src/adc.o
 .debug_macro   0x000000000000c535       0xca Core/Src/adc.o
 .debug_macro   0x000000000000c5ff       0xd9 Core/Src/adc.o
 .debug_macro   0x000000000000c6d8       0xb6 Core/Src/adc.o
 .debug_macro   0x000000000000c78e      0x199 Core/Src/adc.o
 .debug_macro   0x000000000000c927      0x202 Core/Src/adc.o
 .debug_macro   0x000000000000cb29       0x61 Core/Src/adc.o
 .debug_macro   0x000000000000cb8a       0x90 Core/Src/adc.o
 .debug_macro   0x000000000000cc1a       0x87 Core/Src/adc.o
 .debug_macro   0x000000000000cca1       0x4d Core/Src/adc.o
 .debug_macro   0x000000000000ccee      0x114 Core/Src/adc.o
 .debug_macro   0x000000000000ce02      0x845 Core/Src/adc.o
 .debug_macro   0x000000000000d647       0x4c Core/Src/adc.o
 .debug_macro   0x000000000000d693      0x38a Core/Src/adc.o
 .debug_macro   0x000000000000da1d      0x1f7 Core/Src/adc.o
 .debug_macro   0x000000000000dc14      0x10d Core/Src/adc.o
 .debug_macro   0x000000000000dd21       0xee Core/Src/adc.o
 .debug_macro   0x000000000000de0f      0x36b Core/Src/crc.o
 .debug_macro   0x000000000000e17a      0x36b Core/Src/dac.o
 .debug_macro   0x000000000000e4e5      0x36b Core/Src/dma.o
 .debug_macro   0x000000000000e850      0x36b Core/Src/gpio.o
 .debug_macro   0x000000000000ebbb      0x36b Core/Src/iwdg.o
 .debug_macro   0x000000000000ef26      0x3ed Core/Src/main.o
 .debug_macro   0x000000000000f313       0x10 Core/Src/main.o
 .debug_macro   0x000000000000f323       0x10 Core/Src/main.o
 .debug_macro   0x000000000000f333      0x361 Core/Src/stm32f0xx_hal_msp.o
 .debug_macro   0x000000000000f694      0x3be Core/Src/stm32f0xx_it.o
 .debug_macro   0x000000000000fa52      0x352 Core/Src/system_stm32f0xx.o
 .debug_macro   0x000000000000fda4      0x393 Core/Src/tim.o
 .debug_macro   0x0000000000010137      0x36b Core/Src/usart.o
 .debug_macro   0x00000000000104a2      0x3a6 Core/Src/digiTOS/digiTOS-50Hz.o
 .debug_macro   0x0000000000010848       0xf4 Core/Src/digiTOS/digiTOS-50Hz.o
 .debug_macro   0x000000000001093c      0x3a6 Core/Src/digiTOS/digiTOS-Core.o
 .debug_macro   0x0000000000010ce2      0x3a6 Core/Src/digiTOS/digiTOS-DAC_Sinus.o
 .debug_macro   0x0000000000011088      0x36f Core/Src/digiTOS/digiTOS-IWDG.o
 .debug_macro   0x00000000000113f7      0x376 Drivers/STM32F0xx_HAL_Driver/Src/stm32f0xx_hal.o
 .debug_macro   0x000000000001176d      0x376 Drivers/STM32F0xx_HAL_Driver/Src/stm32f0xx_hal_adc.o
 .debug_macro   0x0000000000011ae3      0x352 Drivers/STM32F0xx_HAL_Driver/Src/stm32f0xx_hal_cortex.o
 .debug_macro   0x0000000000011e35      0x352 Drivers/STM32F0xx_HAL_Driver/Src/stm32f0xx_hal_crc.o
 .debug_macro   0x0000000000012187      0x352 Drivers/STM32F0xx_HAL_Driver/Src/stm32f0xx_hal_crc_ex.o
 .debug_macro   0x00000000000124d9      0x353 Drivers/STM32F0xx_HAL_Driver/Src/stm32f0xx_hal_dac.o
 .debug_macro   0x000000000001282c      0x352 Drivers/STM32F0xx_HAL_Driver/Src/stm32f0xx_hal_dac_ex.o
 .debug_macro   0x0000000000012b7e      0x352 Drivers/STM32F0xx_HAL_Driver/Src/stm32f0xx_hal_dma.o
 .debug_macro   0x0000000000012ed0      0x38a Drivers/STM32F0xx_HAL_Driver/Src/stm32f0xx_hal_gpio.o
 .debug_macro   0x000000000001325a      0x359 Drivers/STM32F0xx_HAL_Driver/Src/stm32f0xx_hal_iwdg.o
 .debug_macro   0x00000000000135b3      0x364 Drivers/STM32F0xx_HAL_Driver/Src/stm32f0xx_hal_rcc.o
 .debug_macro   0x0000000000013917      0x352 Drivers/STM32F0xx_HAL_Driver/Src/stm32f0xx_hal_tim.o
 .debug_macro   0x0000000000013c69      0x352 Drivers/STM32F0xx_HAL_Driver/Src/stm32f0xx_hal_tim_ex.o
 .debug_macro   0x0000000000013fbb      0x35a Drivers/STM32F0xx_HAL_Driver/Src/stm32f0xx_hal_uart.o

.debug_line     0x0000000000000000    0x16f72
 .debug_line    0x0000000000000000      0x928 Core/Src/adc.o
 .debug_line    0x0000000000000928      0x8f7 Core/Src/crc.o
 .debug_line    0x000000000000121f      0x902 Core/Src/dac.o
 .debug_line    0x0000000000001b21      0x8d0 Core/Src/dma.o
 .debug_line    0x00000000000023f1      0x8f3 Core/Src/gpio.o
 .debug_line    0x0000000000002ce4      0x8d3 Core/Src/iwdg.o
 .debug_line    0x00000000000035b7      0x9ee Core/Src/main.o
 .debug_line    0x0000000000003fa5      0x8d3 Core/Src/stm32f0xx_hal_msp.o
 .debug_line    0x0000000000004878      0xa1e Core/Src/stm32f0xx_it.o
 .debug_line    0x0000000000005296      0x8fa Core/Src/system_stm32f0xx.o
 .debug_line    0x0000000000005b90      0x9b5 Core/Src/tim.o
 .debug_line    0x0000000000006545      0x921 Core/Src/usart.o
 .debug_line    0x0000000000006e66      0x980 Core/Src/digiTOS/digiTOS-50Hz.o
 .debug_line    0x00000000000077e6      0xa10 Core/Src/digiTOS/digiTOS-Core.o
 .debug_line    0x00000000000081f6      0x98b Core/Src/digiTOS/digiTOS-DAC_Sinus.o
 .debug_line    0x0000000000008b81      0x925 Core/Src/digiTOS/digiTOS-IWDG.o
 .debug_line    0x00000000000094a6      0xa47 Drivers/STM32F0xx_HAL_Driver/Src/stm32f0xx_hal.o
 .debug_line    0x0000000000009eed     0x1154 Drivers/STM32F0xx_HAL_Driver/Src/stm32f0xx_hal_adc.o
 .debug_line    0x000000000000b041      0xad6 Drivers/STM32F0xx_HAL_Driver/Src/stm32f0xx_hal_cortex.o
 .debug_line    0x000000000000bb17      0xa89 Drivers/STM32F0xx_HAL_Driver/Src/stm32f0xx_hal_crc.o
 .debug_line    0x000000000000c5a0      0x933 Drivers/STM32F0xx_HAL_Driver/Src/stm32f0xx_hal_crc_ex.o
 .debug_line    0x000000000000ced3      0xa77 Drivers/STM32F0xx_HAL_Driver/Src/stm32f0xx_hal_dac.o
 .debug_line    0x000000000000d94a      0xae2 Drivers/STM32F0xx_HAL_Driver/Src/stm32f0xx_hal_dac_ex.o
 .debug_line    0x000000000000e42c      0xba6 Drivers/STM32F0xx_HAL_Driver/Src/stm32f0xx_hal_dma.o
 .debug_line    0x000000000000efd2      0xb6d Drivers/STM32F0xx_HAL_Driver/Src/stm32f0xx_hal_gpio.o
 .debug_line    0x000000000000fb3f      0x941 Drivers/STM32F0xx_HAL_Driver/Src/stm32f0xx_hal_iwdg.o
 .debug_line    0x0000000000010480      0xd45 Drivers/STM32F0xx_HAL_Driver/Src/stm32f0xx_hal_rcc.o
 .debug_line    0x00000000000111c5     0x3499 Drivers/STM32F0xx_HAL_Driver/Src/stm32f0xx_hal_tim.o
 .debug_line    0x000000000001465e     0x150f Drivers/STM32F0xx_HAL_Driver/Src/stm32f0xx_hal_tim_ex.o
 .debug_line    0x0000000000015b6d     0x1380 Drivers/STM32F0xx_HAL_Driver/Src/stm32f0xx_hal_uart.o
 .debug_line    0x0000000000016eed       0x85 Startup/startup_stm32f051r8hx.o

.debug_str      0x0000000000000000    0x5b5cb
 .debug_str     0x0000000000000000    0x5785a Core/Src/adc.o
                                      0x57b3a (size before relaxing)
 .debug_str     0x000000000005785a      0x19b Core/Src/crc.o
                                      0x578fa (size before relaxing)
 .debug_str     0x00000000000579f5      0x29c Core/Src/dac.o
                                      0x57c6b (size before relaxing)
 .debug_str     0x0000000000057c91       0x27 Core/Src/dma.o
                                      0x5789b (size before relaxing)
 .debug_str     0x0000000000057cb8       0x46 Core/Src/gpio.o
                                      0x5793b (size before relaxing)
 .debug_str     0x0000000000057cfe       0x74 Core/Src/iwdg.o
                                      0x57719 (size before relaxing)
 .debug_str     0x0000000000057d72      0x87c Core/Src/main.o
                                      0x58575 (size before relaxing)
 .debug_str     0x00000000000585ee       0x2c Core/Src/stm32f0xx_hal_msp.o
                                      0x576ed (size before relaxing)
 .debug_str     0x000000000005861a       0xe9 Core/Src/stm32f0xx_it.o
                                      0x57f2f (size before relaxing)
 .debug_str     0x0000000000058703       0x5f Core/Src/system_stm32f0xx.o
                                      0x573a1 (size before relaxing)
 .debug_str     0x0000000000058762      0x200 Core/Src/tim.o
                                      0x5813c (size before relaxing)
 .debug_str     0x0000000000058962       0x57 Core/Src/usart.o
                                      0x57c42 (size before relaxing)
 .debug_str     0x00000000000589b9       0x63 Core/Src/digiTOS/digiTOS-50Hz.o
                                      0x57e26 (size before relaxing)
 .debug_str     0x0000000000058a1c       0xb1 Core/Src/digiTOS/digiTOS-Core.o
                                      0x57f1d (size before relaxing)
 .debug_str     0x0000000000058acd       0x6e Core/Src/digiTOS/digiTOS-DAC_Sinus.o
                                      0x57e31 (size before relaxing)
 .debug_str     0x0000000000058b3b       0x5d Core/Src/digiTOS/digiTOS-IWDG.o
                                      0x5791c (size before relaxing)
 .debug_str     0x0000000000058b98      0x33e Drivers/STM32F0xx_HAL_Driver/Src/stm32f0xx_hal.o
                                      0x57899 (size before relaxing)
 .debug_str     0x0000000000058ed6      0x366 Drivers/STM32F0xx_HAL_Driver/Src/stm32f0xx_hal_adc.o
                                      0x57a7d (size before relaxing)
 .debug_str     0x000000000005923c      0x1ee Drivers/STM32F0xx_HAL_Driver/Src/stm32f0xx_hal_cortex.o
                                      0x57783 (size before relaxing)
 .debug_str     0x000000000005942a       0xba Drivers/STM32F0xx_HAL_Driver/Src/stm32f0xx_hal_crc.o
                                      0x575ce (size before relaxing)
 .debug_str     0x00000000000594e4       0x6d Drivers/STM32F0xx_HAL_Driver/Src/stm32f0xx_hal_crc_ex.o
                                      0x5758f (size before relaxing)
 .debug_str     0x0000000000059551      0x178 Drivers/STM32F0xx_HAL_Driver/Src/stm32f0xx_hal_dac.o
                                      0x577e7 (size before relaxing)
 .debug_str     0x00000000000596c9       0xb3 Drivers/STM32F0xx_HAL_Driver/Src/stm32f0xx_hal_dac_ex.o
                                      0x57770 (size before relaxing)
 .debug_str     0x000000000005977c      0x252 Drivers/STM32F0xx_HAL_Driver/Src/stm32f0xx_hal_dma.o
                                      0x57779 (size before relaxing)
 .debug_str     0x00000000000599ce      0x1e8 Drivers/STM32F0xx_HAL_Driver/Src/stm32f0xx_hal_gpio.o
                                      0x57643 (size before relaxing)
 .debug_str     0x0000000000059bb6       0x75 Drivers/STM32F0xx_HAL_Driver/Src/stm32f0xx_hal_iwdg.o
                                      0x5740e (size before relaxing)
 .debug_str     0x0000000000059c2b      0x232 Drivers/STM32F0xx_HAL_Driver/Src/stm32f0xx_hal_rcc.o
                                      0x57780 (size before relaxing)
 .debug_str     0x0000000000059e5d      0xc72 Drivers/STM32F0xx_HAL_Driver/Src/stm32f0xx_hal_tim.o
                                      0x5849c (size before relaxing)
 .debug_str     0x000000000005aacf      0x471 Drivers/STM32F0xx_HAL_Driver/Src/stm32f0xx_hal_tim_ex.o
                                      0x57db1 (size before relaxing)
 .debug_str     0x000000000005af40      0x65a Drivers/STM32F0xx_HAL_Driver/Src/stm32f0xx_hal_uart.o
                                      0x57ed4 (size before relaxing)
 .debug_str     0x000000000005b59a       0x31 Startup/startup_stm32f051r8hx.o
                                         0x5d (size before relaxing)

.comment        0x0000000000000000       0x7b
 .comment       0x0000000000000000       0x7b Core/Src/adc.o
                                         0x7c (size before relaxing)
 .comment       0x000000000000007b       0x7c Core/Src/crc.o
 .comment       0x000000000000007b       0x7c Core/Src/dac.o
 .comment       0x000000000000007b       0x7c Core/Src/dma.o
 .comment       0x000000000000007b       0x7c Core/Src/gpio.o
 .comment       0x000000000000007b       0x7c Core/Src/iwdg.o
 .comment       0x000000000000007b       0x7c Core/Src/main.o
 .comment       0x000000000000007b       0x7c Core/Src/stm32f0xx_hal_msp.o
 .comment       0x000000000000007b       0x7c Core/Src/stm32f0xx_it.o
 .comment       0x000000000000007b       0x7c Core/Src/system_stm32f0xx.o
 .comment       0x000000000000007b       0x7c Core/Src/tim.o
 .comment       0x000000000000007b       0x7c Core/Src/usart.o
 .comment       0x000000000000007b       0x7c Core/Src/digiTOS/digiTOS-50Hz.o
 .comment       0x000000000000007b       0x7c Core/Src/digiTOS/digiTOS-Core.o
 .comment       0x000000000000007b       0x7c Core/Src/digiTOS/digiTOS-DAC_Sinus.o
 .comment       0x000000000000007b       0x7c Core/Src/digiTOS/digiTOS-IWDG.o
 .comment       0x000000000000007b       0x7c Drivers/STM32F0xx_HAL_Driver/Src/stm32f0xx_hal.o
 .comment       0x000000000000007b       0x7c Drivers/STM32F0xx_HAL_Driver/Src/stm32f0xx_hal_adc.o
 .comment       0x000000000000007b       0x7c Drivers/STM32F0xx_HAL_Driver/Src/stm32f0xx_hal_cortex.o
 .comment       0x000000000000007b       0x7c Drivers/STM32F0xx_HAL_Driver/Src/stm32f0xx_hal_crc.o
 .comment       0x000000000000007b       0x7c Drivers/STM32F0xx_HAL_Driver/Src/stm32f0xx_hal_crc_ex.o
 .comment       0x000000000000007b       0x7c Drivers/STM32F0xx_HAL_Driver/Src/stm32f0xx_hal_dac.o
 .comment       0x000000000000007b       0x7c Drivers/STM32F0xx_HAL_Driver/Src/stm32f0xx_hal_dac_ex.o
 .comment       0x000000000000007b       0x7c Drivers/STM32F0xx_HAL_Driver/Src/stm32f0xx_hal_dma.o
 .comment       0x000000000000007b       0x7c Drivers/STM32F0xx_HAL_Driver/Src/stm32f0xx_hal_gpio.o
 .comment       0x000000000000007b       0x7c Drivers/STM32F0xx_HAL_Driver/Src/stm32f0xx_hal_iwdg.o
 .comment       0x000000000000007b       0x7c Drivers/STM32F0xx_HAL_Driver/Src/stm32f0xx_hal_rcc.o
 .comment       0x000000000000007b       0x7c Drivers/STM32F0xx_HAL_Driver/Src/stm32f0xx_hal_tim.o
 .comment       0x000000000000007b       0x7c Drivers/STM32F0xx_HAL_Driver/Src/stm32f0xx_hal_tim_ex.o
 .comment       0x000000000000007b       0x7c Drivers/STM32F0xx_HAL_Driver/Src/stm32f0xx_hal_uart.o

.debug_frame    0x0000000000000000     0x3468
 .debug_frame   0x0000000000000000       0x70 Core/Src/adc.o
 .debug_frame   0x0000000000000070       0x6c Core/Src/crc.o
 .debug_frame   0x00000000000000dc       0x70 Core/Src/dac.o
 .debug_frame   0x000000000000014c       0x30 Core/Src/dma.o
 .debug_frame   0x000000000000017c       0x30 Core/Src/gpio.o
 .debug_frame   0x00000000000001ac       0x2c Core/Src/iwdg.o
 .debug_frame   0x00000000000001d8       0xa8 Core/Src/main.o
 .debug_frame   0x0000000000000280       0x30 Core/Src/stm32f0xx_hal_msp.o
 .debug_frame   0x00000000000002b0      0x160 Core/Src/stm32f0xx_it.o
 .debug_frame   0x0000000000000410       0x4c Core/Src/system_stm32f0xx.o
 .debug_frame   0x000000000000045c       0xb0 Core/Src/tim.o
 .debug_frame   0x000000000000050c       0x6c Core/Src/usart.o
 .debug_frame   0x0000000000000578       0xa0 Core/Src/digiTOS/digiTOS-50Hz.o
 .debug_frame   0x0000000000000618       0xfc Core/Src/digiTOS/digiTOS-Core.o
 .debug_frame   0x0000000000000714       0x9c Core/Src/digiTOS/digiTOS-DAC_Sinus.o
 .debug_frame   0x00000000000007b0       0x4c Core/Src/digiTOS/digiTOS-IWDG.o
 .debug_frame   0x00000000000007fc      0x248 Drivers/STM32F0xx_HAL_Driver/Src/stm32f0xx_hal.o
 .debug_frame   0x0000000000000a44      0x3a0 Drivers/STM32F0xx_HAL_Driver/Src/stm32f0xx_hal_adc.o
 .debug_frame   0x0000000000000de4      0x2a0 Drivers/STM32F0xx_HAL_Driver/Src/stm32f0xx_hal_cortex.o
 .debug_frame   0x0000000000001084      0x130 Drivers/STM32F0xx_HAL_Driver/Src/stm32f0xx_hal_crc.o
 .debug_frame   0x00000000000011b4       0x70 Drivers/STM32F0xx_HAL_Driver/Src/stm32f0xx_hal_crc_ex.o
 .debug_frame   0x0000000000001224      0x250 Drivers/STM32F0xx_HAL_Driver/Src/stm32f0xx_hal_dac.o
 .debug_frame   0x0000000000001474      0x150 Drivers/STM32F0xx_HAL_Driver/Src/stm32f0xx_hal_dac_ex.o
 .debug_frame   0x00000000000015c4      0x1d0 Drivers/STM32F0xx_HAL_Driver/Src/stm32f0xx_hal_dma.o
 .debug_frame   0x0000000000001794      0x110 Drivers/STM32F0xx_HAL_Driver/Src/stm32f0xx_hal_gpio.o
 .debug_frame   0x00000000000018a4       0x50 Drivers/STM32F0xx_HAL_Driver/Src/stm32f0xx_hal_iwdg.o
 .debug_frame   0x00000000000018f4      0x194 Drivers/STM32F0xx_HAL_Driver/Src/stm32f0xx_hal_rcc.o
 .debug_frame   0x0000000000001a88      0xd94 Drivers/STM32F0xx_HAL_Driver/Src/stm32f0xx_hal_tim.o
 .debug_frame   0x000000000000281c      0x4d0 Drivers/STM32F0xx_HAL_Driver/Src/stm32f0xx_hal_tim_ex.o
 .debug_frame   0x0000000000002cec      0x710 Drivers/STM32F0xx_HAL_Driver/Src/stm32f0xx_hal_uart.o
 .debug_frame   0x00000000000033fc       0x2c c:/stm32cubeide/stm32cubeide/plugins/com.st.stm32cube.ide.mcu.externaltools.gnu-tools-for-stm32.7-2018-q2-update.win32_1.0.0.201904181610/tools/bin/../lib/gcc/arm-none-eabi/7.3.1/../../../../arm-none-eabi/lib/thumb/v6-m\libc_nano.a(lib_a-init.o)
 .debug_frame   0x0000000000003428       0x20 c:/stm32cubeide/stm32cubeide/plugins/com.st.stm32cube.ide.mcu.externaltools.gnu-tools-for-stm32.7-2018-q2-update.win32_1.0.0.201904181610/tools/bin/../lib/gcc/arm-none-eabi/7.3.1/../../../../arm-none-eabi/lib/thumb/v6-m\libc_nano.a(lib_a-memset.o)
 .debug_frame   0x0000000000003448       0x20 c:/stm32cubeide/stm32cubeide/plugins/com.st.stm32cube.ide.mcu.externaltools.gnu-tools-for-stm32.7-2018-q2-update.win32_1.0.0.201904181610/tools/bin/../lib/gcc/arm-none-eabi/7.3.1/thumb/v6-m\libgcc.a(_udivsi3.o)
