stm32f0xx_it.c:79:6:NMI_Handler	8	static
stm32f0xx_it.c:92:6:HardFault_Handler	8	static
stm32f0xx_it.c:107:6:SVC_Handler	8	static
stm32f0xx_it.c:120:6:PendSV_Handler	8	static
stm32f0xx_it.c:133:6:SysTick_Handler	8	static
stm32f0xx_it.c:154:6:EXTI0_1_IRQHandler	8	static
stm32f0xx_it.c:168:6:DMA1_Channel1_IRQHandler	8	static
stm32f0xx_it.c:182:6:DMA1_Channel4_5_IRQHandler	8	static
stm32f0xx_it.c:197:6:TIM1_BRK_UP_TRG_COM_IRQHandler	8	static
stm32f0xx_it.c:211:6:TIM1_CC_IRQHandler	8	static
stm32f0xx_it.c:225:6:TIM2_IRQHandler	8	static
stm32f0xx_it.c:249:6:TIM6_DAC_IRQHandler	8	static
