stm32f0xx_hal_dac.c:262:19:HAL_DAC_Init	16	static
stm32f0xx_hal_dac.c:300:19:HAL_DAC_DeInit	16	static
stm32f0xx_hal_dac.c:336:13:HAL_DAC_MspInit	16	static
stm32f0xx_hal_dac.c:352:13:HAL_DAC_MspDeInit	16	static
stm32f0xx_hal_dac.c:394:26:HAL_DAC_Start	16	static
stm32f0xx_hal_dac.c:417:19:HAL_DAC_Stop	16	static
stm32f0xx_hal_dac.c:449:26:HAL_DAC_Start_DMA	24	static
stm32f0xx_hal_dac.c:475:19:HAL_DAC_Stop_DMA	32	static
stm32f0xx_hal_dac.c:536:13:HAL_DAC_IRQHandler	16	static
stm32f0xx_hal_dac.c:561:19:HAL_DAC_SetValue	32	static
stm32f0xx_hal_dac.c:593:13:HAL_DAC_ConvCpltCallbackCh1	16	static
stm32f0xx_hal_dac.c:609:13:HAL_DAC_ConvHalfCpltCallbackCh1	16	static
stm32f0xx_hal_dac.c:625:13:HAL_DAC_ErrorCallbackCh1	16	static
stm32f0xx_hal_dac.c:641:13:HAL_DAC_DMAUnderrunCallbackCh1	16	static
stm32f0xx_hal_dac.c:680:17:HAL_DAC_GetValue	16	static
stm32f0xx_hal_dac.c:704:26:HAL_DAC_ConfigChannel	24	static
stm32f0xx_hal_dac.c:744:22:HAL_DAC_GetState	16	static
stm32f0xx_hal_dac.c:757:10:HAL_DAC_GetError	16	static
